[35m[1mConsolidate compiler generated dependencies of target inverse_kin__rosidl_generator_c[0m
[  1%] Built target inverse_kin__cpp
[ 12%] Built target inverse_kin__rosidl_generator_c
[ 12%] Built target ament_cmake_python_copy_inverse_kin
[35m[1mConsolidate compiler generated dependencies of target inverse_kin__rosidl_typesupport_cpp[0m
[35m[1mConsolidate compiler generated dependencies of target inverse_kin__rosidl_typesupport_c[0m
[35m[1mConsolidate compiler generated dependencies of target inverse_kin__rosidl_typesupport_introspection_cpp[0m
[35m[1mConsolidate compiler generated dependencies of target inverse_kin__rosidl_typesupport_fastrtps_cpp[0m
[35m[1mConsolidate compiler generated dependencies of target inverse_kin__rosidl_typesupport_fastrtps_c[0m
[35m[1mConsolidate compiler generated dependencies of target inverse_kin__rosidl_typesupport_introspection_c[0m
[ 46%] Built target inverse_kin__rosidl_typesupport_introspection_c
[ 46%] Built target inverse_kin__rosidl_typesupport_c
[ 46%] Built target inverse_kin__rosidl_typesupport_cpp
[ 57%] Built target inverse_kin__rosidl_typesupport_fastrtps_cpp
[ 68%] Built target inverse_kin__rosidl_typesupport_introspection_cpp
[ 79%] Built target inverse_kin__rosidl_typesupport_fastrtps_c
[ 79%] Built target inverse_kin
[ 80%] Built target inverse_kin__py
[35m[1mConsolidate compiler generated dependencies of target inverse_kin__rosidl_generator_py[0m
[ 90%] Built target inverse_kin__rosidl_generator_py
[35m[1mConsolidate compiler generated dependencies of target inverse_kin__rosidl_typesupport_fastrtps_c__pyext[0m
[35m[1mConsolidate compiler generated dependencies of target inverse_kin__rosidl_typesupport_introspection_c__pyext[0m
[35m[1mConsolidate compiler generated dependencies of target inverse_kin__rosidl_typesupport_c__pyext[0m
[100%] Built target inverse_kin__rosidl_typesupport_introspection_c__pyext
[100%] Built target inverse_kin__rosidl_typesupport_fastrtps_c__pyext
[100%] Built target inverse_kin__rosidl_typesupport_c__pyext
running egg_info
writing inverse_kin.egg-info/PKG-INFO
writing dependency_links to inverse_kin.egg-info/dependency_links.txt
writing top-level names to inverse_kin.egg-info/top_level.txt
reading manifest file 'inverse_kin.egg-info/SOURCES.txt'
writing manifest file 'inverse_kin.egg-info/SOURCES.txt'
[100%] Built target ament_cmake_python_build_inverse_kin_egg
-- Install configuration: ""
-- Installing: /home/jaboy/Documents/RBE500_Project/RBE500_Project/install/inverse_kin/share/ament_index/resource_index/rosidl_interfaces/inverse_kin
-- Up-to-date: /home/jaboy/Documents/RBE500_Project/RBE500_Project/install/inverse_kin/include/inverse_kin/inverse_kin
-- Up-to-date: /home/jaboy/Documents/RBE500_Project/RBE500_Project/install/inverse_kin/include/inverse_kin/inverse_kin/msg
-- Installing: /home/jaboy/Documents/RBE500_Project/RBE500_Project/install/inverse_kin/include/inverse_kin/inverse_kin/msg/sphere.h
-- Installing: /home/jaboy/Documents/RBE500_Project/RBE500_Project/install/inverse_kin/include/inverse_kin/inverse_kin/msg/inv_kin.h
-- Up-to-date: /home/jaboy/Documents/RBE500_Project/RBE500_Project/install/inverse_kin/include/inverse_kin/inverse_kin/msg/detail
-- Installing: /home/jaboy/Documents/RBE500_Project/RBE500_Project/install/inverse_kin/include/inverse_kin/inverse_kin/msg/detail/sphere__struct.h
-- Installing: /home/jaboy/Documents/RBE500_Project/RBE500_Project/install/inverse_kin/include/inverse_kin/inverse_kin/msg/detail/num__struct.h
-- Installing: /home/jaboy/Documents/RBE500_Project/RBE500_Project/install/inverse_kin/include/inverse_kin/inverse_kin/msg/detail/inv_kin__type_support.h
-- Installing: /home/jaboy/Documents/RBE500_Project/RBE500_Project/install/inverse_kin/include/inverse_kin/inverse_kin/msg/detail/inv_kin__functions.c
-- Installing: /home/jaboy/Documents/RBE500_Project/RBE500_Project/install/inverse_kin/include/inverse_kin/inverse_kin/msg/detail/inv_kin__struct.h
-- Installing: /home/jaboy/Documents/RBE500_Project/RBE500_Project/install/inverse_kin/include/inverse_kin/inverse_kin/msg/detail/num__functions.h
-- Installing: /home/jaboy/Documents/RBE500_Project/RBE500_Project/install/inverse_kin/include/inverse_kin/inverse_kin/msg/detail/num__type_support.h
-- Installing: /home/jaboy/Documents/RBE500_Project/RBE500_Project/install/inverse_kin/include/inverse_kin/inverse_kin/msg/detail/sphere__functions.c
-- Installing: /home/jaboy/Documents/RBE500_Project/RBE500_Project/install/inverse_kin/include/inverse_kin/inverse_kin/msg/detail/sphere__functions.h
-- Installing: /home/jaboy/Documents/RBE500_Project/RBE500_Project/install/inverse_kin/include/inverse_kin/inverse_kin/msg/detail/sphere__type_support.h
-- Installing: /home/jaboy/Documents/RBE500_Project/RBE500_Project/install/inverse_kin/include/inverse_kin/inverse_kin/msg/detail/inv_kin__functions.h
-- Installing: /home/jaboy/Documents/RBE500_Project/RBE500_Project/install/inverse_kin/include/inverse_kin/inverse_kin/msg/detail/num__functions.c
-- Installing: /home/jaboy/Documents/RBE500_Project/RBE500_Project/install/inverse_kin/include/inverse_kin/inverse_kin/msg/rosidl_generator_c__visibility_control.h
-- Installing: /home/jaboy/Documents/RBE500_Project/RBE500_Project/install/inverse_kin/include/inverse_kin/inverse_kin/msg/num.h
-- Up-to-date: /home/jaboy/Documents/RBE500_Project/RBE500_Project/install/inverse_kin/include/inverse_kin/inverse_kin/srv
-- Installing: /home/jaboy/Documents/RBE500_Project/RBE500_Project/install/inverse_kin/include/inverse_kin/inverse_kin/srv/add_three_ints.h
-- Installing: /home/jaboy/Documents/RBE500_Project/RBE500_Project/install/inverse_kin/include/inverse_kin/inverse_kin/srv/inv_kin.h
-- Up-to-date: /home/jaboy/Documents/RBE500_Project/RBE500_Project/install/inverse_kin/include/inverse_kin/inverse_kin/srv/detail
-- Installing: /home/jaboy/Documents/RBE500_Project/RBE500_Project/install/inverse_kin/include/inverse_kin/inverse_kin/srv/detail/add_three_ints__functions.c
-- Installing: /home/jaboy/Documents/RBE500_Project/RBE500_Project/install/inverse_kin/include/inverse_kin/inverse_kin/srv/detail/add_three_ints__type_support.h
-- Installing: /home/jaboy/Documents/RBE500_Project/RBE500_Project/install/inverse_kin/include/inverse_kin/inverse_kin/srv/detail/inv_kin__type_support.h
-- Installing: /home/jaboy/Documents/RBE500_Project/RBE500_Project/install/inverse_kin/include/inverse_kin/inverse_kin/srv/detail/inv_kin__functions.c
-- Installing: /home/jaboy/Documents/RBE500_Project/RBE500_Project/install/inverse_kin/include/inverse_kin/inverse_kin/srv/detail/add_three_ints__functions.h
-- Installing: /home/jaboy/Documents/RBE500_Project/RBE500_Project/install/inverse_kin/include/inverse_kin/inverse_kin/srv/detail/inv_kin__struct.h
-- Installing: /home/jaboy/Documents/RBE500_Project/RBE500_Project/install/inverse_kin/include/inverse_kin/inverse_kin/srv/detail/add_three_ints__struct.h
-- Installing: /home/jaboy/Documents/RBE500_Project/RBE500_Project/install/inverse_kin/include/inverse_kin/inverse_kin/srv/detail/inv_kin__functions.h
-- Up-to-date: /home/jaboy/Documents/RBE500_Project/RBE500_Project/install/inverse_kin/share/inverse_kin/environment/library_path.sh
-- Installing: /home/jaboy/Documents/RBE500_Project/RBE500_Project/install/inverse_kin/share/inverse_kin/environment/library_path.dsv
-- Installing: /home/jaboy/Documents/RBE500_Project/RBE500_Project/install/inverse_kin/lib/libinverse_kin__rosidl_generator_c.so
-- Set runtime path of "/home/jaboy/Documents/RBE500_Project/RBE500_Project/install/inverse_kin/lib/libinverse_kin__rosidl_generator_c.so" to ""
-- Up-to-date: /home/jaboy/Documents/RBE500_Project/RBE500_Project/install/inverse_kin/include/inverse_kin/inverse_kin
-- Up-to-date: /home/jaboy/Documents/RBE500_Project/RBE500_Project/install/inverse_kin/include/inverse_kin/inverse_kin/msg
-- Up-to-date: /home/jaboy/Documents/RBE500_Project/RBE500_Project/install/inverse_kin/include/inverse_kin/inverse_kin/msg/detail
-- Installing: /home/jaboy/Documents/RBE500_Project/RBE500_Project/install/inverse_kin/include/inverse_kin/inverse_kin/msg/detail/num__rosidl_typesupport_fastrtps_c.h
-- Installing: /home/jaboy/Documents/RBE500_Project/RBE500_Project/install/inverse_kin/include/inverse_kin/inverse_kin/msg/detail/inv_kin__rosidl_typesupport_fastrtps_c.h
-- Installing: /home/jaboy/Documents/RBE500_Project/RBE500_Project/install/inverse_kin/include/inverse_kin/inverse_kin/msg/detail/sphere__rosidl_typesupport_fastrtps_c.h
-- Installing: /home/jaboy/Documents/RBE500_Project/RBE500_Project/install/inverse_kin/include/inverse_kin/inverse_kin/msg/rosidl_typesupport_fastrtps_c__visibility_control.h
-- Up-to-date: /home/jaboy/Documents/RBE500_Project/RBE500_Project/install/inverse_kin/include/inverse_kin/inverse_kin/srv
-- Up-to-date: /home/jaboy/Documents/RBE500_Project/RBE500_Project/install/inverse_kin/include/inverse_kin/inverse_kin/srv/detail
-- Installing: /home/jaboy/Documents/RBE500_Project/RBE500_Project/install/inverse_kin/include/inverse_kin/inverse_kin/srv/detail/add_three_ints__rosidl_typesupport_fastrtps_c.h
-- Installing: /home/jaboy/Documents/RBE500_Project/RBE500_Project/install/inverse_kin/include/inverse_kin/inverse_kin/srv/detail/inv_kin__rosidl_typesupport_fastrtps_c.h
-- Installing: /home/jaboy/Documents/RBE500_Project/RBE500_Project/install/inverse_kin/lib/libinverse_kin__rosidl_typesupport_fastrtps_c.so
-- Set runtime path of "/home/jaboy/Documents/RBE500_Project/RBE500_Project/install/inverse_kin/lib/libinverse_kin__rosidl_typesupport_fastrtps_c.so" to ""
-- Up-to-date: /home/jaboy/Documents/RBE500_Project/RBE500_Project/install/inverse_kin/include/inverse_kin/inverse_kin
-- Up-to-date: /home/jaboy/Documents/RBE500_Project/RBE500_Project/install/inverse_kin/include/inverse_kin/inverse_kin/msg
-- Installing: /home/jaboy/Documents/RBE500_Project/RBE500_Project/install/inverse_kin/include/inverse_kin/inverse_kin/msg/num.hpp
-- Installing: /home/jaboy/Documents/RBE500_Project/RBE500_Project/install/inverse_kin/include/inverse_kin/inverse_kin/msg/sphere.hpp
-- Installing: /home/jaboy/Documents/RBE500_Project/RBE500_Project/install/inverse_kin/include/inverse_kin/inverse_kin/msg/inv_kin.hpp
-- Installing: /home/jaboy/Documents/RBE500_Project/RBE500_Project/install/inverse_kin/include/inverse_kin/inverse_kin/msg/rosidl_generator_cpp__visibility_control.hpp
-- Up-to-date: /home/jaboy/Documents/RBE500_Project/RBE500_Project/install/inverse_kin/include/inverse_kin/inverse_kin/msg/detail
-- Installing: /home/jaboy/Documents/RBE500_Project/RBE500_Project/install/inverse_kin/include/inverse_kin/inverse_kin/msg/detail/sphere__type_support.hpp
-- Installing: /home/jaboy/Documents/RBE500_Project/RBE500_Project/install/inverse_kin/include/inverse_kin/inverse_kin/msg/detail/num__builder.hpp
-- Installing: /home/jaboy/Documents/RBE500_Project/RBE500_Project/install/inverse_kin/include/inverse_kin/inverse_kin/msg/detail/num__struct.hpp
-- Installing: /home/jaboy/Documents/RBE500_Project/RBE500_Project/install/inverse_kin/include/inverse_kin/inverse_kin/msg/detail/inv_kin__struct.hpp
-- Installing: /home/jaboy/Documents/RBE500_Project/RBE500_Project/install/inverse_kin/include/inverse_kin/inverse_kin/msg/detail/sphere__traits.hpp
-- Installing: /home/jaboy/Documents/RBE500_Project/RBE500_Project/install/inverse_kin/include/inverse_kin/inverse_kin/msg/detail/inv_kin__builder.hpp
-- Installing: /home/jaboy/Documents/RBE500_Project/RBE500_Project/install/inverse_kin/include/inverse_kin/inverse_kin/msg/detail/inv_kin__type_support.hpp
-- Installing: /home/jaboy/Documents/RBE500_Project/RBE500_Project/install/inverse_kin/include/inverse_kin/inverse_kin/msg/detail/num__type_support.hpp
-- Installing: /home/jaboy/Documents/RBE500_Project/RBE500_Project/install/inverse_kin/include/inverse_kin/inverse_kin/msg/detail/num__traits.hpp
-- Installing: /home/jaboy/Documents/RBE500_Project/RBE500_Project/install/inverse_kin/include/inverse_kin/inverse_kin/msg/detail/inv_kin__traits.hpp
-- Installing: /home/jaboy/Documents/RBE500_Project/RBE500_Project/install/inverse_kin/include/inverse_kin/inverse_kin/msg/detail/sphere__struct.hpp
-- Installing: /home/jaboy/Documents/RBE500_Project/RBE500_Project/install/inverse_kin/include/inverse_kin/inverse_kin/msg/detail/sphere__builder.hpp
-- Up-to-date: /home/jaboy/Documents/RBE500_Project/RBE500_Project/install/inverse_kin/include/inverse_kin/inverse_kin/srv
-- Installing: /home/jaboy/Documents/RBE500_Project/RBE500_Project/install/inverse_kin/include/inverse_kin/inverse_kin/srv/inv_kin.hpp
-- Installing: /home/jaboy/Documents/RBE500_Project/RBE500_Project/install/inverse_kin/include/inverse_kin/inverse_kin/srv/add_three_ints.hpp
-- Up-to-date: /home/jaboy/Documents/RBE500_Project/RBE500_Project/install/inverse_kin/include/inverse_kin/inverse_kin/srv/detail
-- Installing: /home/jaboy/Documents/RBE500_Project/RBE500_Project/install/inverse_kin/include/inverse_kin/inverse_kin/srv/detail/add_three_ints__traits.hpp
-- Installing: /home/jaboy/Documents/RBE500_Project/RBE500_Project/install/inverse_kin/include/inverse_kin/inverse_kin/srv/detail/inv_kin__struct.hpp
-- Installing: /home/jaboy/Documents/RBE500_Project/RBE500_Project/install/inverse_kin/include/inverse_kin/inverse_kin/srv/detail/add_three_ints__struct.hpp
-- Installing: /home/jaboy/Documents/RBE500_Project/RBE500_Project/install/inverse_kin/include/inverse_kin/inverse_kin/srv/detail/inv_kin__builder.hpp
-- Installing: /home/jaboy/Documents/RBE500_Project/RBE500_Project/install/inverse_kin/include/inverse_kin/inverse_kin/srv/detail/inv_kin__type_support.hpp
-- Installing: /home/jaboy/Documents/RBE500_Project/RBE500_Project/install/inverse_kin/include/inverse_kin/inverse_kin/srv/detail/add_three_ints__type_support.hpp
-- Installing: /home/jaboy/Documents/RBE500_Project/RBE500_Project/install/inverse_kin/include/inverse_kin/inverse_kin/srv/detail/inv_kin__traits.hpp
-- Installing: /home/jaboy/Documents/RBE500_Project/RBE500_Project/install/inverse_kin/include/inverse_kin/inverse_kin/srv/detail/add_three_ints__builder.hpp
-- Up-to-date: /home/jaboy/Documents/RBE500_Project/RBE500_Project/install/inverse_kin/include/inverse_kin/inverse_kin
-- Up-to-date: /home/jaboy/Documents/RBE500_Project/RBE500_Project/install/inverse_kin/include/inverse_kin/inverse_kin/msg
-- Up-to-date: /home/jaboy/Documents/RBE500_Project/RBE500_Project/install/inverse_kin/include/inverse_kin/inverse_kin/msg/detail
-- Installing: /home/jaboy/Documents/RBE500_Project/RBE500_Project/install/inverse_kin/include/inverse_kin/inverse_kin/msg/detail/inv_kin__rosidl_typesupport_fastrtps_cpp.hpp
-- Installing: /home/jaboy/Documents/RBE500_Project/RBE500_Project/install/inverse_kin/include/inverse_kin/inverse_kin/msg/detail/sphere__rosidl_typesupport_fastrtps_cpp.hpp
-- Installing: /home/jaboy/Documents/RBE500_Project/RBE500_Project/install/inverse_kin/include/inverse_kin/inverse_kin/msg/detail/num__rosidl_typesupport_fastrtps_cpp.hpp
-- Up-to-date: /home/jaboy/Documents/RBE500_Project/RBE500_Project/install/inverse_kin/include/inverse_kin/inverse_kin/msg/detail/dds_fastrtps
-- Installing: /home/jaboy/Documents/RBE500_Project/RBE500_Project/install/inverse_kin/include/inverse_kin/inverse_kin/msg/rosidl_typesupport_fastrtps_cpp__visibility_control.h
-- Up-to-date: /home/jaboy/Documents/RBE500_Project/RBE500_Project/install/inverse_kin/include/inverse_kin/inverse_kin/srv
-- Up-to-date: /home/jaboy/Documents/RBE500_Project/RBE500_Project/install/inverse_kin/include/inverse_kin/inverse_kin/srv/detail
-- Installing: /home/jaboy/Documents/RBE500_Project/RBE500_Project/install/inverse_kin/include/inverse_kin/inverse_kin/srv/detail/inv_kin__rosidl_typesupport_fastrtps_cpp.hpp
-- Installing: /home/jaboy/Documents/RBE500_Project/RBE500_Project/install/inverse_kin/include/inverse_kin/inverse_kin/srv/detail/add_three_ints__rosidl_typesupport_fastrtps_cpp.hpp
-- Up-to-date: /home/jaboy/Documents/RBE500_Project/RBE500_Project/install/inverse_kin/include/inverse_kin/inverse_kin/srv/detail/dds_fastrtps
-- Installing: /home/jaboy/Documents/RBE500_Project/RBE500_Project/install/inverse_kin/lib/libinverse_kin__rosidl_typesupport_fastrtps_cpp.so
-- Set runtime path of "/home/jaboy/Documents/RBE500_Project/RBE500_Project/install/inverse_kin/lib/libinverse_kin__rosidl_typesupport_fastrtps_cpp.so" to ""
-- Up-to-date: /home/jaboy/Documents/RBE500_Project/RBE500_Project/install/inverse_kin/include/inverse_kin/inverse_kin
-- Up-to-date: /home/jaboy/Documents/RBE500_Project/RBE500_Project/install/inverse_kin/include/inverse_kin/inverse_kin/msg
-- Installing: /home/jaboy/Documents/RBE500_Project/RBE500_Project/install/inverse_kin/include/inverse_kin/inverse_kin/msg/rosidl_typesupport_introspection_c__visibility_control.h
-- Up-to-date: /home/jaboy/Documents/RBE500_Project/RBE500_Project/install/inverse_kin/include/inverse_kin/inverse_kin/msg/detail
-- Installing: /home/jaboy/Documents/RBE500_Project/RBE500_Project/install/inverse_kin/include/inverse_kin/inverse_kin/msg/detail/sphere__rosidl_typesupport_introspection_c.h
-- Installing: /home/jaboy/Documents/RBE500_Project/RBE500_Project/install/inverse_kin/include/inverse_kin/inverse_kin/msg/detail/num__rosidl_typesupport_introspection_c.h
-- Installing: /home/jaboy/Documents/RBE500_Project/RBE500_Project/install/inverse_kin/include/inverse_kin/inverse_kin/msg/detail/inv_kin__type_support.c
-- Installing: /home/jaboy/Documents/RBE500_Project/RBE500_Project/install/inverse_kin/include/inverse_kin/inverse_kin/msg/detail/inv_kin__rosidl_typesupport_introspection_c.h
-- Installing: /home/jaboy/Documents/RBE500_Project/RBE500_Project/install/inverse_kin/include/inverse_kin/inverse_kin/msg/detail/sphere__type_support.c
-- Installing: /home/jaboy/Documents/RBE500_Project/RBE500_Project/install/inverse_kin/include/inverse_kin/inverse_kin/msg/detail/num__type_support.c
-- Up-to-date: /home/jaboy/Documents/RBE500_Project/RBE500_Project/install/inverse_kin/include/inverse_kin/inverse_kin/srv
-- Up-to-date: /home/jaboy/Documents/RBE500_Project/RBE500_Project/install/inverse_kin/include/inverse_kin/inverse_kin/srv/detail
-- Installing: /home/jaboy/Documents/RBE500_Project/RBE500_Project/install/inverse_kin/include/inverse_kin/inverse_kin/srv/detail/inv_kin__type_support.c
-- Installing: /home/jaboy/Documents/RBE500_Project/RBE500_Project/install/inverse_kin/include/inverse_kin/inverse_kin/srv/detail/inv_kin__rosidl_typesupport_introspection_c.h
-- Installing: /home/jaboy/Documents/RBE500_Project/RBE500_Project/install/inverse_kin/include/inverse_kin/inverse_kin/srv/detail/add_three_ints__type_support.c
-- Installing: /home/jaboy/Documents/RBE500_Project/RBE500_Project/install/inverse_kin/include/inverse_kin/inverse_kin/srv/detail/add_three_ints__rosidl_typesupport_introspection_c.h
-- Installing: /home/jaboy/Documents/RBE500_Project/RBE500_Project/install/inverse_kin/lib/libinverse_kin__rosidl_typesupport_introspection_c.so
-- Set runtime path of "/home/jaboy/Documents/RBE500_Project/RBE500_Project/install/inverse_kin/lib/libinverse_kin__rosidl_typesupport_introspection_c.so" to ""
-- Installing: /home/jaboy/Documents/RBE500_Project/RBE500_Project/install/inverse_kin/lib/libinverse_kin__rosidl_typesupport_c.so
-- Set runtime path of "/home/jaboy/Documents/RBE500_Project/RBE500_Project/install/inverse_kin/lib/libinverse_kin__rosidl_typesupport_c.so" to ""
-- Up-to-date: /home/jaboy/Documents/RBE500_Project/RBE500_Project/install/inverse_kin/include/inverse_kin/inverse_kin
-- Up-to-date: /home/jaboy/Documents/RBE500_Project/RBE500_Project/install/inverse_kin/include/inverse_kin/inverse_kin/msg
-- Up-to-date: /home/jaboy/Documents/RBE500_Project/RBE500_Project/install/inverse_kin/include/inverse_kin/inverse_kin/msg/detail
-- Installing: /home/jaboy/Documents/RBE500_Project/RBE500_Project/install/inverse_kin/include/inverse_kin/inverse_kin/msg/detail/num__rosidl_typesupport_introspection_cpp.hpp
-- Installing: /home/jaboy/Documents/RBE500_Project/RBE500_Project/install/inverse_kin/include/inverse_kin/inverse_kin/msg/detail/inv_kin__type_support.cpp
-- Installing: /home/jaboy/Documents/RBE500_Project/RBE500_Project/install/inverse_kin/include/inverse_kin/inverse_kin/msg/detail/sphere__type_support.cpp
-- Installing: /home/jaboy/Documents/RBE500_Project/RBE500_Project/install/inverse_kin/include/inverse_kin/inverse_kin/msg/detail/sphere__rosidl_typesupport_introspection_cpp.hpp
-- Installing: /home/jaboy/Documents/RBE500_Project/RBE500_Project/install/inverse_kin/include/inverse_kin/inverse_kin/msg/detail/num__type_support.cpp
-- Installing: /home/jaboy/Documents/RBE500_Project/RBE500_Project/install/inverse_kin/include/inverse_kin/inverse_kin/msg/detail/inv_kin__rosidl_typesupport_introspection_cpp.hpp
-- Up-to-date: /home/jaboy/Documents/RBE500_Project/RBE500_Project/install/inverse_kin/include/inverse_kin/inverse_kin/srv
-- Up-to-date: /home/jaboy/Documents/RBE500_Project/RBE500_Project/install/inverse_kin/include/inverse_kin/inverse_kin/srv/detail
-- Installing: /home/jaboy/Documents/RBE500_Project/RBE500_Project/install/inverse_kin/include/inverse_kin/inverse_kin/srv/detail/add_three_ints__rosidl_typesupport_introspection_cpp.hpp
-- Installing: /home/jaboy/Documents/RBE500_Project/RBE500_Project/install/inverse_kin/include/inverse_kin/inverse_kin/srv/detail/inv_kin__type_support.cpp
-- Installing: /home/jaboy/Documents/RBE500_Project/RBE500_Project/install/inverse_kin/include/inverse_kin/inverse_kin/srv/detail/add_three_ints__type_support.cpp
-- Installing: /home/jaboy/Documents/RBE500_Project/RBE500_Project/install/inverse_kin/include/inverse_kin/inverse_kin/srv/detail/inv_kin__rosidl_typesupport_introspection_cpp.hpp
-- Installing: /home/jaboy/Documents/RBE500_Project/RBE500_Project/install/inverse_kin/lib/libinverse_kin__rosidl_typesupport_introspection_cpp.so
-- Set runtime path of "/home/jaboy/Documents/RBE500_Project/RBE500_Project/install/inverse_kin/lib/libinverse_kin__rosidl_typesupport_introspection_cpp.so" to ""
-- Installing: /home/jaboy/Documents/RBE500_Project/RBE500_Project/install/inverse_kin/lib/libinverse_kin__rosidl_typesupport_cpp.so
-- Set runtime path of "/home/jaboy/Documents/RBE500_Project/RBE500_Project/install/inverse_kin/lib/libinverse_kin__rosidl_typesupport_cpp.so" to ""
-- Installing: /home/jaboy/Documents/RBE500_Project/RBE500_Project/install/inverse_kin/share/inverse_kin/environment/pythonpath.sh
-- Installing: /home/jaboy/Documents/RBE500_Project/RBE500_Project/install/inverse_kin/share/inverse_kin/environment/pythonpath.dsv
-- Up-to-date: /home/jaboy/Documents/RBE500_Project/RBE500_Project/install/inverse_kin/local/lib/python3.10/dist-packages/inverse_kin-0.0.0-py3.10.egg-info
-- Installing: /home/jaboy/Documents/RBE500_Project/RBE500_Project/install/inverse_kin/local/lib/python3.10/dist-packages/inverse_kin-0.0.0-py3.10.egg-info/top_level.txt
-- Installing: /home/jaboy/Documents/RBE500_Project/RBE500_Project/install/inverse_kin/local/lib/python3.10/dist-packages/inverse_kin-0.0.0-py3.10.egg-info/SOURCES.txt
-- Installing: /home/jaboy/Documents/RBE500_Project/RBE500_Project/install/inverse_kin/local/lib/python3.10/dist-packages/inverse_kin-0.0.0-py3.10.egg-info/PKG-INFO
-- Installing: /home/jaboy/Documents/RBE500_Project/RBE500_Project/install/inverse_kin/local/lib/python3.10/dist-packages/inverse_kin-0.0.0-py3.10.egg-info/dependency_links.txt
-- Up-to-date: /home/jaboy/Documents/RBE500_Project/RBE500_Project/install/inverse_kin/local/lib/python3.10/dist-packages/inverse_kin
-- Up-to-date: /home/jaboy/Documents/RBE500_Project/RBE500_Project/install/inverse_kin/local/lib/python3.10/dist-packages/inverse_kin/msg
-- Installing: /home/jaboy/Documents/RBE500_Project/RBE500_Project/install/inverse_kin/local/lib/python3.10/dist-packages/inverse_kin/msg/_sphere.py
-- Installing: /home/jaboy/Documents/RBE500_Project/RBE500_Project/install/inverse_kin/local/lib/python3.10/dist-packages/inverse_kin/msg/_inv_kin_s.c
-- Installing: /home/jaboy/Documents/RBE500_Project/RBE500_Project/install/inverse_kin/local/lib/python3.10/dist-packages/inverse_kin/msg/_sphere_s.c
-- Installing: /home/jaboy/Documents/RBE500_Project/RBE500_Project/install/inverse_kin/local/lib/python3.10/dist-packages/inverse_kin/msg/__init__.py
-- Installing: /home/jaboy/Documents/RBE500_Project/RBE500_Project/install/inverse_kin/local/lib/python3.10/dist-packages/inverse_kin/msg/_num_s.c
-- Installing: /home/jaboy/Documents/RBE500_Project/RBE500_Project/install/inverse_kin/local/lib/python3.10/dist-packages/inverse_kin/msg/_num.py
-- Installing: /home/jaboy/Documents/RBE500_Project/RBE500_Project/install/inverse_kin/local/lib/python3.10/dist-packages/inverse_kin/msg/_inv_kin.py
-- Installing: /home/jaboy/Documents/RBE500_Project/RBE500_Project/install/inverse_kin/local/lib/python3.10/dist-packages/inverse_kin/_inverse_kin_s.ep.rosidl_typesupport_introspection_c.c
-- Up-to-date: /home/jaboy/Documents/RBE500_Project/RBE500_Project/install/inverse_kin/local/lib/python3.10/dist-packages/inverse_kin/srv
-- Installing: /home/jaboy/Documents/RBE500_Project/RBE500_Project/install/inverse_kin/local/lib/python3.10/dist-packages/inverse_kin/srv/_inv_kin_s.c
-- Installing: /home/jaboy/Documents/RBE500_Project/RBE500_Project/install/inverse_kin/local/lib/python3.10/dist-packages/inverse_kin/srv/__init__.py
-- Installing: /home/jaboy/Documents/RBE500_Project/RBE500_Project/install/inverse_kin/local/lib/python3.10/dist-packages/inverse_kin/srv/_add_three_ints_s.c
-- Installing: /home/jaboy/Documents/RBE500_Project/RBE500_Project/install/inverse_kin/local/lib/python3.10/dist-packages/inverse_kin/srv/_add_three_ints.py
-- Installing: /home/jaboy/Documents/RBE500_Project/RBE500_Project/install/inverse_kin/local/lib/python3.10/dist-packages/inverse_kin/srv/_inv_kin.py
-- Installing: /home/jaboy/Documents/RBE500_Project/RBE500_Project/install/inverse_kin/local/lib/python3.10/dist-packages/inverse_kin/__init__.py
-- Installing: /home/jaboy/Documents/RBE500_Project/RBE500_Project/install/inverse_kin/local/lib/python3.10/dist-packages/inverse_kin/_inverse_kin_s.ep.rosidl_typesupport_c.c
-- Installing: /home/jaboy/Documents/RBE500_Project/RBE500_Project/install/inverse_kin/local/lib/python3.10/dist-packages/inverse_kin/inverse_kin_s__rosidl_typesupport_c.cpython-310-x86_64-linux-gnu.so
-- Installing: /home/jaboy/Documents/RBE500_Project/RBE500_Project/install/inverse_kin/local/lib/python3.10/dist-packages/inverse_kin/inverse_kin_s__rosidl_typesupport_introspection_c.cpython-310-x86_64-linux-gnu.so
-- Installing: /home/jaboy/Documents/RBE500_Project/RBE500_Project/install/inverse_kin/local/lib/python3.10/dist-packages/inverse_kin/inverse_kin_s__rosidl_typesupport_fastrtps_c.cpython-310-x86_64-linux-gnu.so
-- Installing: /home/jaboy/Documents/RBE500_Project/RBE500_Project/install/inverse_kin/local/lib/python3.10/dist-packages/inverse_kin/_inverse_kin_s.ep.rosidl_typesupport_fastrtps_c.c
-- Installing: /home/jaboy/Documents/RBE500_Project/RBE500_Project/install/inverse_kin/local/lib/python3.10/dist-packages/inverse_kin/libinverse_kin__rosidl_generator_py.so
Listing '/home/jaboy/Documents/RBE500_Project/RBE500_Project/install/inverse_kin/local/lib/python3.10/dist-packages/inverse_kin'...
Compiling '/home/jaboy/Documents/RBE500_Project/RBE500_Project/install/inverse_kin/local/lib/python3.10/dist-packages/inverse_kin/__init__.py'...
Listing '/home/jaboy/Documents/RBE500_Project/RBE500_Project/install/inverse_kin/local/lib/python3.10/dist-packages/inverse_kin/msg'...
Compiling '/home/jaboy/Documents/RBE500_Project/RBE500_Project/install/inverse_kin/local/lib/python3.10/dist-packages/inverse_kin/msg/__init__.py'...
Compiling '/home/jaboy/Documents/RBE500_Project/RBE500_Project/install/inverse_kin/local/lib/python3.10/dist-packages/inverse_kin/msg/_inv_kin.py'...
Compiling '/home/jaboy/Documents/RBE500_Project/RBE500_Project/install/inverse_kin/local/lib/python3.10/dist-packages/inverse_kin/msg/_num.py'...
Compiling '/home/jaboy/Documents/RBE500_Project/RBE500_Project/install/inverse_kin/local/lib/python3.10/dist-packages/inverse_kin/msg/_sphere.py'...
Listing '/home/jaboy/Documents/RBE500_Project/RBE500_Project/install/inverse_kin/local/lib/python3.10/dist-packages/inverse_kin/srv'...
Compiling '/home/jaboy/Documents/RBE500_Project/RBE500_Project/install/inverse_kin/local/lib/python3.10/dist-packages/inverse_kin/srv/__init__.py'...
Compiling '/home/jaboy/Documents/RBE500_Project/RBE500_Project/install/inverse_kin/local/lib/python3.10/dist-packages/inverse_kin/srv/_add_three_ints.py'...
Compiling '/home/jaboy/Documents/RBE500_Project/RBE500_Project/install/inverse_kin/local/lib/python3.10/dist-packages/inverse_kin/srv/_inv_kin.py'...
-- Installing: /home/jaboy/Documents/RBE500_Project/RBE500_Project/install/inverse_kin/local/lib/python3.10/dist-packages/inverse_kin/inverse_kin_s__rosidl_typesupport_introspection_c.cpython-310-x86_64-linux-gnu.so
-- Set runtime path of "/home/jaboy/Documents/RBE500_Project/RBE500_Project/install/inverse_kin/local/lib/python3.10/dist-packages/inverse_kin/inverse_kin_s__rosidl_typesupport_introspection_c.cpython-310-x86_64-linux-gnu.so" to ""
-- Installing: /home/jaboy/Documents/RBE500_Project/RBE500_Project/install/inverse_kin/local/lib/python3.10/dist-packages/inverse_kin/inverse_kin_s__rosidl_typesupport_fastrtps_c.cpython-310-x86_64-linux-gnu.so
-- Set runtime path of "/home/jaboy/Documents/RBE500_Project/RBE500_Project/install/inverse_kin/local/lib/python3.10/dist-packages/inverse_kin/inverse_kin_s__rosidl_typesupport_fastrtps_c.cpython-310-x86_64-linux-gnu.so" to ""
-- Installing: /home/jaboy/Documents/RBE500_Project/RBE500_Project/install/inverse_kin/local/lib/python3.10/dist-packages/inverse_kin/inverse_kin_s__rosidl_typesupport_c.cpython-310-x86_64-linux-gnu.so
-- Set runtime path of "/home/jaboy/Documents/RBE500_Project/RBE500_Project/install/inverse_kin/local/lib/python3.10/dist-packages/inverse_kin/inverse_kin_s__rosidl_typesupport_c.cpython-310-x86_64-linux-gnu.so" to ""
-- Installing: /home/jaboy/Documents/RBE500_Project/RBE500_Project/install/inverse_kin/lib/libinverse_kin__rosidl_generator_py.so
-- Set runtime path of "/home/jaboy/Documents/RBE500_Project/RBE500_Project/install/inverse_kin/lib/libinverse_kin__rosidl_generator_py.so" to ""
-- Installing: /home/jaboy/Documents/RBE500_Project/RBE500_Project/install/inverse_kin/share/inverse_kin/msg/Num.idl
-- Installing: /home/jaboy/Documents/RBE500_Project/RBE500_Project/install/inverse_kin/share/inverse_kin/msg/Sphere.idl
-- Installing: /home/jaboy/Documents/RBE500_Project/RBE500_Project/install/inverse_kin/share/inverse_kin/msg/InvKin.idl
-- Installing: /home/jaboy/Documents/RBE500_Project/RBE500_Project/install/inverse_kin/share/inverse_kin/srv/InvKin.idl
-- Installing: /home/jaboy/Documents/RBE500_Project/RBE500_Project/install/inverse_kin/share/inverse_kin/srv/AddThreeInts.idl
-- Up-to-date: /home/jaboy/Documents/RBE500_Project/RBE500_Project/install/inverse_kin/share/inverse_kin/msg/Num.msg
-- Up-to-date: /home/jaboy/Documents/RBE500_Project/RBE500_Project/install/inverse_kin/share/inverse_kin/msg/Sphere.msg
-- Up-to-date: /home/jaboy/Documents/RBE500_Project/RBE500_Project/install/inverse_kin/share/inverse_kin/msg/InvKin.msg
-- Up-to-date: /home/jaboy/Documents/RBE500_Project/RBE500_Project/install/inverse_kin/share/inverse_kin/srv/InvKin.srv
-- Installing: /home/jaboy/Documents/RBE500_Project/RBE500_Project/install/inverse_kin/share/inverse_kin/srv/InvKin_Request.msg
-- Installing: /home/jaboy/Documents/RBE500_Project/RBE500_Project/install/inverse_kin/share/inverse_kin/srv/InvKin_Response.msg
-- Up-to-date: /home/jaboy/Documents/RBE500_Project/RBE500_Project/install/inverse_kin/share/inverse_kin/srv/AddThreeInts.srv
-- Installing: /home/jaboy/Documents/RBE500_Project/RBE500_Project/install/inverse_kin/share/inverse_kin/srv/AddThreeInts_Request.msg
-- Installing: /home/jaboy/Documents/RBE500_Project/RBE500_Project/install/inverse_kin/share/inverse_kin/srv/AddThreeInts_Response.msg
-- Installing: /home/jaboy/Documents/RBE500_Project/RBE500_Project/install/inverse_kin/share/ament_index/resource_index/package_run_dependencies/inverse_kin
-- Installing: /home/jaboy/Documents/RBE500_Project/RBE500_Project/install/inverse_kin/share/ament_index/resource_index/parent_prefix_path/inverse_kin
-- Installing: /home/jaboy/Documents/RBE500_Project/RBE500_Project/install/inverse_kin/share/inverse_kin/environment/ament_prefix_path.dsv
-- Installing: /home/jaboy/Documents/RBE500_Project/RBE500_Project/install/inverse_kin/share/inverse_kin/environment/path.dsv
-- Installing: /home/jaboy/Documents/RBE500_Project/RBE500_Project/install/inverse_kin/share/inverse_kin/local_setup.bash
-- Installing: /home/jaboy/Documents/RBE500_Project/RBE500_Project/install/inverse_kin/share/inverse_kin/local_setup.sh
-- Installing: /home/jaboy/Documents/RBE500_Project/RBE500_Project/install/inverse_kin/share/inverse_kin/local_setup.zsh
-- Installing: /home/jaboy/Documents/RBE500_Project/RBE500_Project/install/inverse_kin/share/inverse_kin/local_setup.dsv
-- Installing: /home/jaboy/Documents/RBE500_Project/RBE500_Project/install/inverse_kin/share/inverse_kin/package.dsv
-- Installing: /home/jaboy/Documents/RBE500_Project/RBE500_Project/install/inverse_kin/share/ament_index/resource_index/packages/inverse_kin
-- Installing: /home/jaboy/Documents/RBE500_Project/RBE500_Project/install/inverse_kin/share/inverse_kin/cmake/export_inverse_kin__rosidl_generator_cExport.cmake
-- Installing: /home/jaboy/Documents/RBE500_Project/RBE500_Project/install/inverse_kin/share/inverse_kin/cmake/export_inverse_kin__rosidl_generator_cExport-noconfig.cmake
-- Installing: /home/jaboy/Documents/RBE500_Project/RBE500_Project/install/inverse_kin/share/inverse_kin/cmake/export_inverse_kin__rosidl_typesupport_fastrtps_cExport.cmake
-- Installing: /home/jaboy/Documents/RBE500_Project/RBE500_Project/install/inverse_kin/share/inverse_kin/cmake/export_inverse_kin__rosidl_typesupport_fastrtps_cExport-noconfig.cmake
-- Installing: /home/jaboy/Documents/RBE500_Project/RBE500_Project/install/inverse_kin/share/inverse_kin/cmake/export_inverse_kin__rosidl_generator_cppExport.cmake
-- Installing: /home/jaboy/Documents/RBE500_Project/RBE500_Project/install/inverse_kin/share/inverse_kin/cmake/export_inverse_kin__rosidl_typesupport_fastrtps_cppExport.cmake
-- Installing: /home/jaboy/Documents/RBE500_Project/RBE500_Project/install/inverse_kin/share/inverse_kin/cmake/export_inverse_kin__rosidl_typesupport_fastrtps_cppExport-noconfig.cmake
-- Installing: /home/jaboy/Documents/RBE500_Project/RBE500_Project/install/inverse_kin/share/inverse_kin/cmake/inverse_kin__rosidl_typesupport_introspection_cExport.cmake
-- Installing: /home/jaboy/Documents/RBE500_Project/RBE500_Project/install/inverse_kin/share/inverse_kin/cmake/inverse_kin__rosidl_typesupport_introspection_cExport-noconfig.cmake
-- Installing: /home/jaboy/Documents/RBE500_Project/RBE500_Project/install/inverse_kin/share/inverse_kin/cmake/inverse_kin__rosidl_typesupport_cExport.cmake
-- Installing: /home/jaboy/Documents/RBE500_Project/RBE500_Project/install/inverse_kin/share/inverse_kin/cmake/inverse_kin__rosidl_typesupport_cExport-noconfig.cmake
-- Installing: /home/jaboy/Documents/RBE500_Project/RBE500_Project/install/inverse_kin/share/inverse_kin/cmake/inverse_kin__rosidl_typesupport_introspection_cppExport.cmake
-- Installing: /home/jaboy/Documents/RBE500_Project/RBE500_Project/install/inverse_kin/share/inverse_kin/cmake/inverse_kin__rosidl_typesupport_introspection_cppExport-noconfig.cmake
-- Installing: /home/jaboy/Documents/RBE500_Project/RBE500_Project/install/inverse_kin/share/inverse_kin/cmake/inverse_kin__rosidl_typesupport_cppExport.cmake
-- Installing: /home/jaboy/Documents/RBE500_Project/RBE500_Project/install/inverse_kin/share/inverse_kin/cmake/inverse_kin__rosidl_typesupport_cppExport-noconfig.cmake
-- Installing: /home/jaboy/Documents/RBE500_Project/RBE500_Project/install/inverse_kin/share/inverse_kin/cmake/export_inverse_kin__rosidl_generator_pyExport.cmake
-- Installing: /home/jaboy/Documents/RBE500_Project/RBE500_Project/install/inverse_kin/share/inverse_kin/cmake/export_inverse_kin__rosidl_generator_pyExport-noconfig.cmake
-- Installing: /home/jaboy/Documents/RBE500_Project/RBE500_Project/install/inverse_kin/share/inverse_kin/cmake/rosidl_cmake-extras.cmake
-- Installing: /home/jaboy/Documents/RBE500_Project/RBE500_Project/install/inverse_kin/share/inverse_kin/cmake/ament_cmake_export_dependencies-extras.cmake
-- Installing: /home/jaboy/Documents/RBE500_Project/RBE500_Project/install/inverse_kin/share/inverse_kin/cmake/ament_cmake_export_include_directories-extras.cmake
-- Installing: /home/jaboy/Documents/RBE500_Project/RBE500_Project/install/inverse_kin/share/inverse_kin/cmake/ament_cmake_export_libraries-extras.cmake
-- Installing: /home/jaboy/Documents/RBE500_Project/RBE500_Project/install/inverse_kin/share/inverse_kin/cmake/ament_cmake_export_targets-extras.cmake
-- Installing: /home/jaboy/Documents/RBE500_Project/RBE500_Project/install/inverse_kin/share/inverse_kin/cmake/rosidl_cmake_export_typesupport_targets-extras.cmake
-- Installing: /home/jaboy/Documents/RBE500_Project/RBE500_Project/install/inverse_kin/share/inverse_kin/cmake/rosidl_cmake_export_typesupport_libraries-extras.cmake
-- Installing: /home/jaboy/Documents/RBE500_Project/RBE500_Project/install/inverse_kin/share/inverse_kin/cmake/inverse_kinConfig.cmake
-- Installing: /home/jaboy/Documents/RBE500_Project/RBE500_Project/install/inverse_kin/share/inverse_kin/cmake/inverse_kinConfig-version.cmake
-- Up-to-date: /home/jaboy/Documents/RBE500_Project/RBE500_Project/install/inverse_kin/share/inverse_kin/package.xml
