Traceback (most recent call last):
  File "/home/jaboy/Documents/RBE500_Project/RBE500_Project/build/custom_interfaces/ament_cmake_python/custom_interfaces/setup.py", line 4, in <module>
    setup(
  File "/usr/lib/python3/dist-packages/setuptools/__init__.py", line 153, in setup
    return distutils.core.setup(**attrs)
  File "/usr/lib/python3.10/distutils/core.py", line 134, in setup
    ok = dist.parse_command_line()
  File "/usr/lib/python3.10/distutils/dist.py", line 483, in parse_command_line
    args = self._parse_command_opts(parser, args)
  File "/usr/lib/python3/dist-packages/setuptools/dist.py", line 1048, in _parse_command_opts
    nargs = _Distribution._parse_command_opts(self, parser, args)
  File "/usr/lib/python3.10/distutils/dist.py", line 539, in _parse_command_opts
    cmd_class = self.get_command_class(command)
  File "/usr/lib/python3/dist-packages/setuptools/dist.py", line 893, in get_command_class
    self.cmdclass[command] = cmdclass = ep.load()
  File "/usr/lib/python3/dist-packages/pkg_resources/__init__.py", line 2465, in load
    return self.resolve()
  File "/usr/lib/python3/dist-packages/pkg_resources/__init__.py", line 2471, in resolve
    module = __import__(self.module_name, fromlist=['__name__'], level=0)
  File "/usr/lib/python3/dist-packages/setuptools/command/egg_info.py", line 24, in <module>
    from setuptools.command import bdist_egg
  File "<frozen importlib._bootstrap>", line 1027, in _find_and_load
  File "<frozen importlib._bootstrap>", line 1006, in _find_and_load_unlocked
  File "<frozen importlib._bootstrap>", line 688, in _load_unlocked
  File "<frozen importlib._bootstrap_external>", line 879, in exec_module
  File "<frozen importlib._bootstrap_external>", line 1012, in get_code
  File "<frozen importlib._bootstrap_external>", line 672, in _compile_bytecode
KeyboardInterrupt
gmake[2]: *** [CMakeFiles/ament_cmake_python_build_custom_interfaces_egg.dir/build.make:70: CMakeFiles/ament_cmake_python_build_custom_interfaces_egg] Interrupt
gmake[1]: *** [CMakeFiles/Makefile2:447: CMakeFiles/ament_cmake_python_build_custom_interfaces_egg.dir/all] Interrupt
gmake: *** [Makefile:146: all] Interrupt
