[0.609s] Invoking command in '/home/jaboy/Documents/RBE500_Project/RBE500_Project/build/custom_interfaces': CMAKE_PREFIX_PATH=${CMAKE_PREFIX_PATH}:/home/jaboy/Documents/RBE500_Project/RBE500_Project/install/inverse_kinematics:/home/jaboy/Documents/RBE500_Project/RBE500_Project/install/forward_kinematics:/home/jaboy/Documents/RBE500_Project/RBE500_Project/install/control:/home/jaboy/ros2_humble/install/rqt_bag_plugins:/home/jaboy/ros2_humble/install/rqt_bag:/home/jaboy/ros2_humble/install/launch_testing_examples:/home/jaboy/ros2_humble/install/ros2bag:/home/jaboy/ros2_humble/install/tracetools_test:/home/jaboy/ros2_humble/install/tracetools_launch:/home/jaboy/ros2_humble/install/topic_monitor:/home/jaboy/ros2_humble/install/tf2_tools:/home/jaboy/ros2_humble/install/examples_tf2_py:/home/jaboy/ros2_humble/install/tf2_ros_py:/home/jaboy/ros2_humble/install/sros2:/home/jaboy/ros2_humble/install/rqt_topic:/home/jaboy/ros2_humble/install/rqt_srv:/home/jaboy/ros2_humble/install/rqt_shell:/home/jaboy/ros2_humble/install/rqt_service_caller:/home/jaboy/ros2_humble/install/rqt_reconfigure:/home/jaboy/ros2_humble/install/rqt_py_console:/home/jaboy/ros2_humble/install/rqt_publisher:/home/jaboy/ros2_humble/install/rqt_plot:/home/jaboy/ros2_humble/install/rqt_action:/home/jaboy/ros2_humble/install/rqt_msg:/home/jaboy/ros2_humble/install/rqt_console:/home/jaboy/ros2_humble/install/rqt:/home/jaboy/ros2_humble/install/rqt_graph:/home/jaboy/ros2_humble/install/rqt_gui_py:/home/jaboy/ros2_humble/install/rqt_gui:/home/jaboy/ros2_humble/install/ros2trace:/home/jaboy/ros2_humble/install/ros2topic:/home/jaboy/ros2_humble/install/ros2test:/home/jaboy/ros2_humble/install/ros2component:/home/jaboy/ros2_humble/install/ros2param:/home/jaboy/ros2_humble/install/ros2lifecycle:/home/jaboy/ros2_humble/install/ros2service:/home/jaboy/ros2_humble/install/ros2run:/home/jaboy/ros2_humble/install/ros2launch:/home/jaboy/ros2_humble/install/ros2pkg:/home/jaboy/ros2_humble/install/ros2node:/home/jaboy/ros2_humble/install/ros2multicast:/home/jaboy/ros2_humble/install/ros2interface:/home/jaboy/ros2_humble/install/ros2doctor:/home/jaboy/ros2_humble/install/ros2action:/home/jaboy/ros2_humble/install/ros2cli:/home/jaboy/ros2_humble/install/quality_of_service_demo_py:/home/jaboy/ros2_humble/install/lifecycle_py:/home/jaboy/ros2_humble/install/launch_testing_ros:/home/jaboy/ros2_humble/install/launch_ros:/home/jaboy/ros2_humble/install/examples_rclpy_pointcloud_publisher:/home/jaboy/ros2_humble/install/examples_rclpy_minimal_subscriber:/home/jaboy/ros2_humble/install/examples_rclpy_minimal_service:/home/jaboy/ros2_humble/install/examples_rclpy_minimal_publisher:/home/jaboy/ros2_humble/install/examples_rclpy_minimal_client:/home/jaboy/ros2_humble/install/examples_rclpy_minimal_action_server:/home/jaboy/ros2_humble/install/examples_rclpy_minimal_action_client:/home/jaboy/ros2_humble/install/examples_rclpy_guard_conditions:/home/jaboy/ros2_humble/install/examples_rclpy_executors:/home/jaboy/ros2_humble/install/demo_nodes_py:/home/jaboy/ros2_humble/install/camera_info_manager_py:/home/jaboy/ros2_humble/install/action_tutorials_py:/home/jaboy/ros2_humble/install/ament_uncrustify:/home/jaboy/ros2_humble/install/tracetools_trace:/home/jaboy/ros2_humble/install/tracetools_read:/home/jaboy/ros2_humble/install/rclcpp_lifecycle:/home/jaboy/ros2_humble/install/examples_rclcpp_cbg_executor:/home/jaboy/ros2_humble/install/test_tracetools_launch:/home/jaboy/ros2_humble/install/test_launch_ros:/home/jaboy/ros2_humble/install/sensor_msgs_py:/home/jaboy/ros2_humble/install/rpyutils:/home/jaboy/ros2_humble/install/rosidl_runtime_py:/home/jaboy/ros2_humble/install/rosidl_cli:/home/jaboy/ros2_humble/install/launch_pytest:/home/jaboy/ros2_humble/install/launch_testing:/home/jaboy/ros2_humble/install/launch_yaml:/home/jaboy/ros2_humble/install/launch_xml:/home/jaboy/ros2_humble/install/launch:/home/jaboy/ros2_humble/install/osrf_pycommon:/home/jaboy/ros2_humble/install/domain_coordinator:/home/jaboy/ros2_humble/install/ament_xmllint:/home/jaboy/ros2_humble/install/ament_pyflakes:/home/jaboy/ros2_humble/install/ament_pycodestyle:/home/jaboy/ros2_humble/install/ament_pep257:/home/jaboy/ros2_humble/install/ament_pclint:/home/jaboy/ros2_humble/install/ament_package:/home/jaboy/ros2_humble/install/ament_mypy:/home/jaboy/ros2_humble/install/ament_lint_cmake:/home/jaboy/ros2_humble/install/ament_flake8:/home/jaboy/ros2_humble/install/ament_copyright:/home/jaboy/ros2_humble/install/ament_lint:/home/jaboy/ros2_humble/install/ament_index_python:/home/jaboy/ros2_humble/install/ament_cpplint:/home/jaboy/ros2_humble/install/ament_cppcheck:/home/jaboy/ros2_humble/install/ament_clang_tidy:/home/jaboy/ros2_humble/install/ament_clang_format:/home/jaboy/ros2_ws/install/launch_testing_examples:/home/jaboy/ros2_ws/install/examples_rclpy_pointcloud_publisher:/home/jaboy/ros2_ws/install/examples_rclpy_minimal_subscriber:/home/jaboy/ros2_ws/install/examples_rclpy_minimal_service:/home/jaboy/ros2_ws/install/examples_rclpy_minimal_publisher:/home/jaboy/ros2_ws/install/examples_rclpy_minimal_client:/home/jaboy/ros2_ws/install/examples_rclpy_minimal_action_server:/home/jaboy/ros2_ws/install/examples_rclpy_minimal_action_client:/home/jaboy/ros2_ws/install/examples_rclpy_guard_conditions:/home/jaboy/ros2_ws/install/examples_rclpy_executors:/opt/ros/humble /usr/bin/cmake --build /home/jaboy/Documents/RBE500_Project/RBE500_Project/build/custom_interfaces -- -j16 -l16
[1.159s] [  9%] Built target custom_interfaces__cpp
[1.159s] [ 12%] Built target custom_interfaces__rosidl_generator_c
[1.159s] [ 12%] Built target ament_cmake_python_copy_custom_interfaces
[1.159s] [ 48%] Built target custom_interfaces__rosidl_typesupport_c
[1.159s] [ 48%] Built target custom_interfaces__rosidl_typesupport_cpp
[1.159s] [ 48%] Built target custom_interfaces__rosidl_typesupport_introspection_c
[1.159s] [ 51%] Built target custom_interfaces__rosidl_typesupport_fastrtps_cpp
[1.159s] [ 61%] Built target custom_interfaces__rosidl_typesupport_introspection_cpp
[1.159s] [ 70%] Built target custom_interfaces__rosidl_typesupport_fastrtps_c
[1.159s] [ 70%] Built target custom_interfaces
[1.159s] [ 74%] Built target custom_interfaces__py
[1.159s] [ 80%] Built target custom_interfaces__rosidl_generator_py
[1.160s] [100%] Built target custom_interfaces__rosidl_typesupport_fastrtps_c__pyext
[1.160s] [100%] Built target custom_interfaces__rosidl_typesupport_c__pyext
[1.160s] [100%] Built target custom_interfaces__rosidl_typesupport_introspection_c__pyext
[1.319s] Traceback (most recent call last):
[1.319s]   File "/home/jaboy/Documents/RBE500_Project/RBE500_Project/build/custom_interfaces/ament_cmake_python/custom_interfaces/setup.py", line 4, in <module>
[1.319s]     setup(
[1.320s]   File "/usr/lib/python3/dist-packages/setuptools/__init__.py", line 153, in setup
[1.320s]     return distutils.core.setup(**attrs)
[1.320s]   File "/usr/lib/python3.10/distutils/core.py", line 134, in setup
[1.320s]     ok = dist.parse_command_line()
[1.320s]   File "/usr/lib/python3.10/distutils/dist.py", line 483, in parse_command_line
[1.320s]     args = self._parse_command_opts(parser, args)
[1.320s]   File "/usr/lib/python3/dist-packages/setuptools/dist.py", line 1048, in _parse_command_opts
[1.320s]     nargs = _Distribution._parse_command_opts(self, parser, args)
[1.321s]   File "/usr/lib/python3.10/distutils/dist.py", line 539, in _parse_command_opts
[1.321s]     cmd_class = self.get_command_class(command)
[1.321s]   File "/usr/lib/python3/dist-packages/setuptools/dist.py", line 893, in get_command_class
[1.321s]     self.cmdclass[command] = cmdclass = ep.load()
[1.321s]   File "/usr/lib/python3/dist-packages/pkg_resources/__init__.py", line 2465, in load
[1.322s]     return self.resolve()
[1.322s]   File "/usr/lib/python3/dist-packages/pkg_resources/__init__.py", line 2471, in resolve
[1.322s]     module = __import__(self.module_name, fromlist=['__name__'], level=0)
[1.322s]   File "/usr/lib/python3/dist-packages/setuptools/command/egg_info.py", line 24, in <module>
[1.322s]     from setuptools.command import bdist_egg
[1.322s]   File "<frozen importlib._bootstrap>", line 1027, in _find_and_load
[1.322s]   File "<frozen importlib._bootstrap>", line 1006, in _find_and_load_unlocked
[1.322s]   File "<frozen importlib._bootstrap>", line 688, in _load_unlocked
[1.322s]   File "<frozen importlib._bootstrap_external>", line 879, in exec_module
[1.323s]   File "<frozen importlib._bootstrap_external>", line 1012, in get_code
[1.324s]   File "<frozen importlib._bootstrap_external>", line 672, in _compile_bytecode
[1.324s] KeyboardInterrupt
[1.350s] gmake[2]: *** [CMakeFiles/ament_cmake_python_build_custom_interfaces_egg.dir/build.make:70: CMakeFiles/ament_cmake_python_build_custom_interfaces_egg] Interrupt
[1.350s] gmake[1]: *** [CMakeFiles/Makefile2:447: CMakeFiles/ament_cmake_python_build_custom_interfaces_egg.dir/all] Interrupt
[1.351s] gmake: *** [Makefile:146: all] Interrupt
