-- The C compiler identification is GNU 11.4.0
-- The CXX compiler identification is GNU 11.4.0
-- Detecting C compiler ABI info
-- Detecting C compiler ABI info - done
-- Check for working C compiler: /usr/bin/cc - skipped
-- Detecting C compile features
-- Detecting C compile features - done
-- Detecting CXX compiler ABI info
-- Detecting CXX compiler ABI info - done
-- Check for working CXX compiler: /usr/bin/c++ - skipped
-- Detecting CXX compile features
-- Detecting CXX compile features - done
-- Found ament_cmake: 1.3.11 (/home/jaboy/ros2_humble/install/ament_cmake/share/ament_cmake/cmake)
-- Found Python3: /usr/bin/python3 (found version "3.10.12") found components: Interpreter 
-- Found geometry_msgs: 4.8.0 (/home/jaboy/ros2_humble/install/geometry_msgs/share/geometry_msgs/cmake)
-- Found rosidl_generator_c: 3.1.6 (/home/jaboy/ros2_humble/install/rosidl_generator_c/share/rosidl_generator_c/cmake)
-- Found rosidl_adapter: 3.1.6 (/home/jaboy/ros2_humble/install/rosidl_adapter/share/rosidl_adapter/cmake)
-- Found rosidl_generator_cpp: 3.1.6 (/home/jaboy/ros2_humble/install/rosidl_generator_cpp/share/rosidl_generator_cpp/cmake)
-- Using all available rosidl_typesupport_c: rosidl_typesupport_introspection_c;rosidl_typesupport_fastrtps_c
-- Using all available rosidl_typesupport_cpp: rosidl_typesupport_introspection_cpp;rosidl_typesupport_fastrtps_cpp
-- Found rosidl_default_generators: 1.2.0 (/home/jaboy/ros2_humble/install/rosidl_default_generators/share/rosidl_default_generators/cmake)
-- Found ament_cmake_ros: 0.10.0 (/home/jaboy/ros2_humble/install/ament_cmake_ros/share/ament_cmake_ros/cmake)
-- Using all available rosidl_typesupport_c: rosidl_typesupport_introspection_c;rosidl_typesupport_fastrtps_c
-- Using all available rosidl_typesupport_cpp: rosidl_typesupport_introspection_cpp;rosidl_typesupport_fastrtps_cpp
-- Found PythonInterp: /usr/bin/python3 (found suitable version "3.10.12", minimum required is "3.6") 
-- Found python_cmake_module: 0.10.0 (/home/jaboy/ros2_humble/install/python_cmake_module/share/python_cmake_module/cmake)
-- Found PythonLibs: /usr/lib/x86_64-linux-gnu/libpython3.10.so (found suitable version "3.10.12", minimum required is "3.5") 
-- Using PYTHON_EXECUTABLE: /usr/bin/python3
-- Using PYTHON_INCLUDE_DIRS: /usr/include/python3.10
-- Using PYTHON_LIBRARIES: /usr/lib/x86_64-linux-gnu/libpython3.10.so
-- Found PythonExtra: .so  
-- Found ament_lint_auto: 0.12.12 (/home/jaboy/ros2_humble/install/ament_lint_auto/share/ament_lint_auto/cmake)
-- Added test 'lint_cmake' to check CMake code style
-- Added test 'xmllint' to check XML markup files
-- Configuring done
-- Generating done
-- Build files have been written to: /home/jaboy/Documents/RBE500_Project/RBE500_Project/build/inverse_kin
[  1%] [34m[1mGenerating C code for ROS interfaces[0m
[  3%] [34m[1mGenerating C++ code for ROS interfaces[0m
[  3%] Built target ament_cmake_python_copy_inverse_kin
running egg_info
creating inverse_kin.egg-info
writing inverse_kin.egg-info/PKG-INFO
writing dependency_links to inverse_kin.egg-info/dependency_links.txt
writing top-level names to inverse_kin.egg-info/top_level.txt
writing manifest file 'inverse_kin.egg-info/SOURCES.txt'
reading manifest file 'inverse_kin.egg-info/SOURCES.txt'
writing manifest file 'inverse_kin.egg-info/SOURCES.txt'
[  3%] Built target ament_cmake_python_build_inverse_kin_egg
[ 11%] [32mBuilding C object CMakeFiles/inverse_kin__rosidl_generator_c.dir/rosidl_generator_c/inverse_kin/srv/detail/add_three_ints__functions.c.o[0m
[ 11%] [32mBuilding C object CMakeFiles/inverse_kin__rosidl_generator_c.dir/rosidl_generator_c/inverse_kin/msg/detail/inv_kin__functions.c.o[0m
[ 11%] [32mBuilding C object CMakeFiles/inverse_kin__rosidl_generator_c.dir/rosidl_generator_c/inverse_kin/srv/detail/inv_kin__functions.c.o[0m
[ 11%] [32mBuilding C object CMakeFiles/inverse_kin__rosidl_generator_c.dir/rosidl_generator_c/inverse_kin/msg/detail/num__functions.c.o[0m
[ 11%] [32mBuilding C object CMakeFiles/inverse_kin__rosidl_generator_c.dir/rosidl_generator_c/inverse_kin/msg/detail/sphere__functions.c.o[0m
[ 11%] Built target inverse_kin__cpp
[ 14%] [34m[1mGenerating C++ type support dispatch for ROS interfaces[0m
[ 14%] [34m[1mGenerating C++ type support for eProsima Fast-RTPS[0m
[ 15%] [34m[1mGenerating C++ introspection for ROS interfaces[0m
[ 17%] [32m[1mLinking C shared library libinverse_kin__rosidl_generator_c.so[0m
[ 17%] Built target inverse_kin__rosidl_generator_c
[ 22%] [34m[1mGenerating C type support dispatch for ROS interfaces[0m
[ 22%] [34m[1mGenerating C type support for eProsima Fast-RTPS[0m
[ 22%] [34m[1mGenerating C introspection for ROS interfaces[0m
[ 23%] [32mBuilding CXX object CMakeFiles/inverse_kin__rosidl_typesupport_cpp.dir/rosidl_typesupport_cpp/inverse_kin/msg/num__type_support.cpp.o[0m
[ 26%] [32mBuilding CXX object CMakeFiles/inverse_kin__rosidl_typesupport_cpp.dir/rosidl_typesupport_cpp/inverse_kin/msg/sphere__type_support.cpp.o[0m
[ 26%] [32mBuilding CXX object CMakeFiles/inverse_kin__rosidl_typesupport_cpp.dir/rosidl_typesupport_cpp/inverse_kin/msg/inv_kin__type_support.cpp.o[0m
[ 28%] [32mBuilding CXX object CMakeFiles/inverse_kin__rosidl_typesupport_cpp.dir/rosidl_typesupport_cpp/inverse_kin/srv/inv_kin__type_support.cpp.o[0m
[ 30%] [32mBuilding CXX object CMakeFiles/inverse_kin__rosidl_typesupport_cpp.dir/rosidl_typesupport_cpp/inverse_kin/srv/add_three_ints__type_support.cpp.o[0m
[ 33%] [32mBuilding CXX object CMakeFiles/inverse_kin__rosidl_typesupport_introspection_cpp.dir/rosidl_typesupport_introspection_cpp/inverse_kin/msg/detail/inv_kin__type_support.cpp.o[0m
[ 33%] [32mBuilding CXX object CMakeFiles/inverse_kin__rosidl_typesupport_introspection_cpp.dir/rosidl_typesupport_introspection_cpp/inverse_kin/msg/detail/num__type_support.cpp.o[0m
[ 34%] [32mBuilding CXX object CMakeFiles/inverse_kin__rosidl_typesupport_introspection_cpp.dir/rosidl_typesupport_introspection_cpp/inverse_kin/srv/detail/inv_kin__type_support.cpp.o[0m
[ 36%] [32mBuilding CXX object CMakeFiles/inverse_kin__rosidl_typesupport_introspection_cpp.dir/rosidl_typesupport_introspection_cpp/inverse_kin/srv/detail/add_three_ints__type_support.cpp.o[0m
[ 38%] [32mBuilding CXX object CMakeFiles/inverse_kin__rosidl_typesupport_introspection_cpp.dir/rosidl_typesupport_introspection_cpp/inverse_kin/msg/detail/sphere__type_support.cpp.o[0m
[ 41%] [32mBuilding CXX object CMakeFiles/inverse_kin__rosidl_typesupport_fastrtps_cpp.dir/rosidl_typesupport_fastrtps_cpp/inverse_kin/msg/detail/dds_fastrtps/num__type_support.cpp.o[0m
[ 41%] [32mBuilding CXX object CMakeFiles/inverse_kin__rosidl_typesupport_fastrtps_cpp.dir/rosidl_typesupport_fastrtps_cpp/inverse_kin/msg/detail/dds_fastrtps/sphere__type_support.cpp.o[0m
[ 42%] [32mBuilding CXX object CMakeFiles/inverse_kin__rosidl_typesupport_fastrtps_cpp.dir/rosidl_typesupport_fastrtps_cpp/inverse_kin/msg/detail/dds_fastrtps/inv_kin__type_support.cpp.o[0m
[ 44%] [32mBuilding CXX object CMakeFiles/inverse_kin__rosidl_typesupport_fastrtps_cpp.dir/rosidl_typesupport_fastrtps_cpp/inverse_kin/srv/detail/dds_fastrtps/inv_kin__type_support.cpp.o[0m
[ 46%] [32m[1mLinking CXX shared library libinverse_kin__rosidl_typesupport_cpp.so[0m
[ 47%] [32mBuilding CXX object CMakeFiles/inverse_kin__rosidl_typesupport_c.dir/rosidl_typesupport_c/inverse_kin/msg/num__type_support.cpp.o[0m
[ 50%] [32mBuilding CXX object CMakeFiles/inverse_kin__rosidl_typesupport_c.dir/rosidl_typesupport_c/inverse_kin/msg/inv_kin__type_support.cpp.o[0m
[ 50%] [32mBuilding CXX object CMakeFiles/inverse_kin__rosidl_typesupport_c.dir/rosidl_typesupport_c/inverse_kin/msg/sphere__type_support.cpp.o[0m
[ 52%] [32mBuilding CXX object CMakeFiles/inverse_kin__rosidl_typesupport_fastrtps_cpp.dir/rosidl_typesupport_fastrtps_cpp/inverse_kin/srv/detail/dds_fastrtps/add_three_ints__type_support.cpp.o[0m
[ 53%] [32mBuilding CXX object CMakeFiles/inverse_kin__rosidl_typesupport_c.dir/rosidl_typesupport_c/inverse_kin/srv/add_three_ints__type_support.cpp.o[0m
[ 55%] [32mBuilding CXX object CMakeFiles/inverse_kin__rosidl_typesupport_c.dir/rosidl_typesupport_c/inverse_kin/srv/inv_kin__type_support.cpp.o[0m
[ 55%] Built target inverse_kin__rosidl_typesupport_cpp
[ 57%] [32m[1mLinking CXX shared library libinverse_kin__rosidl_typesupport_introspection_cpp.so[0m
[ 61%] [32mBuilding C object CMakeFiles/inverse_kin__rosidl_typesupport_introspection_c.dir/rosidl_typesupport_introspection_c/inverse_kin/msg/detail/num__type_support.c.o[0m
[ 63%] [32m[1mLinking CXX shared library libinverse_kin__rosidl_typesupport_c.so[0m
[ 65%] [32mBuilding C object CMakeFiles/inverse_kin__rosidl_typesupport_introspection_c.dir/rosidl_typesupport_introspection_c/inverse_kin/srv/detail/add_three_ints__type_support.c.o[0m
[ 65%] [32mBuilding C object CMakeFiles/inverse_kin__rosidl_typesupport_introspection_c.dir/rosidl_typesupport_introspection_c/inverse_kin/msg/detail/inv_kin__type_support.c.o[0m
[ 61%] [32mBuilding C object CMakeFiles/inverse_kin__rosidl_typesupport_introspection_c.dir/rosidl_typesupport_introspection_c/inverse_kin/msg/detail/sphere__type_support.c.o[0m
[ 66%] [32mBuilding C object CMakeFiles/inverse_kin__rosidl_typesupport_introspection_c.dir/rosidl_typesupport_introspection_c/inverse_kin/srv/detail/inv_kin__type_support.c.o[0m
[ 68%] [32mBuilding CXX object CMakeFiles/inverse_kin__rosidl_typesupport_fastrtps_c.dir/rosidl_typesupport_fastrtps_c/inverse_kin/srv/detail/inv_kin__type_support_c.cpp.o[0m
[ 69%] [32mBuilding CXX object CMakeFiles/inverse_kin__rosidl_typesupport_fastrtps_c.dir/rosidl_typesupport_fastrtps_c/inverse_kin/msg/detail/num__type_support_c.cpp.o[0m
[ 71%] [32mBuilding CXX object CMakeFiles/inverse_kin__rosidl_typesupport_fastrtps_c.dir/rosidl_typesupport_fastrtps_c/inverse_kin/msg/detail/inv_kin__type_support_c.cpp.o[0m
[ 73%] [32mBuilding CXX object CMakeFiles/inverse_kin__rosidl_typesupport_fastrtps_c.dir/rosidl_typesupport_fastrtps_c/inverse_kin/msg/detail/sphere__type_support_c.cpp.o[0m
[ 74%] [32mBuilding CXX object CMakeFiles/inverse_kin__rosidl_typesupport_fastrtps_c.dir/rosidl_typesupport_fastrtps_c/inverse_kin/srv/detail/add_three_ints__type_support_c.cpp.o[0m
[ 76%] [32m[1mLinking C shared library libinverse_kin__rosidl_typesupport_introspection_c.so[0m
[ 76%] Built target inverse_kin__rosidl_typesupport_c
[ 76%] Built target inverse_kin__rosidl_typesupport_introspection_cpp
[ 76%] Built target inverse_kin__rosidl_typesupport_introspection_c
[ 77%] [32m[1mLinking CXX shared library libinverse_kin__rosidl_typesupport_fastrtps_cpp.so[0m
[ 79%] [32m[1mLinking CXX shared library libinverse_kin__rosidl_typesupport_fastrtps_c.so[0m
[ 79%] Built target inverse_kin__rosidl_typesupport_fastrtps_cpp
[ 79%] Built target inverse_kin__rosidl_typesupport_fastrtps_c
[ 79%] Built target inverse_kin
[ 80%] [34m[1mGenerating Python code for ROS interfaces[0m
[ 80%] Built target inverse_kin__py
[ 88%] [32mBuilding C object CMakeFiles/inverse_kin__rosidl_generator_py.dir/rosidl_generator_py/inverse_kin/msg/_num_s.c.o[0m
[ 88%] [32mBuilding C object CMakeFiles/inverse_kin__rosidl_generator_py.dir/rosidl_generator_py/inverse_kin/msg/_sphere_s.c.o[0m
[ 88%] [32mBuilding C object CMakeFiles/inverse_kin__rosidl_generator_py.dir/rosidl_generator_py/inverse_kin/msg/_inv_kin_s.c.o[0m
[ 88%] [32mBuilding C object CMakeFiles/inverse_kin__rosidl_generator_py.dir/rosidl_generator_py/inverse_kin/srv/_inv_kin_s.c.o[0m
[ 88%] [32mBuilding C object CMakeFiles/inverse_kin__rosidl_generator_py.dir/rosidl_generator_py/inverse_kin/srv/_add_three_ints_s.c.o[0m
[ 90%] [32m[1mLinking C shared library rosidl_generator_py/inverse_kin/libinverse_kin__rosidl_generator_py.so[0m
[ 90%] Built target inverse_kin__rosidl_generator_py
[ 95%] [32mBuilding C object CMakeFiles/inverse_kin__rosidl_typesupport_introspection_c__pyext.dir/rosidl_generator_py/inverse_kin/_inverse_kin_s.ep.rosidl_typesupport_introspection_c.c.o[0m
[ 95%] [32mBuilding C object CMakeFiles/inverse_kin__rosidl_typesupport_c__pyext.dir/rosidl_generator_py/inverse_kin/_inverse_kin_s.ep.rosidl_typesupport_c.c.o[0m
[ 95%] [32mBuilding C object CMakeFiles/inverse_kin__rosidl_typesupport_fastrtps_c__pyext.dir/rosidl_generator_py/inverse_kin/_inverse_kin_s.ep.rosidl_typesupport_fastrtps_c.c.o[0m
[100%] [32m[1mLinking C shared library rosidl_generator_py/inverse_kin/inverse_kin_s__rosidl_typesupport_fastrtps_c.cpython-310-x86_64-linux-gnu.so[0m
[100%] [32m[1mLinking C shared library rosidl_generator_py/inverse_kin/inverse_kin_s__rosidl_typesupport_introspection_c.cpython-310-x86_64-linux-gnu.so[0m
[100%] [32m[1mLinking C shared library rosidl_generator_py/inverse_kin/inverse_kin_s__rosidl_typesupport_c.cpython-310-x86_64-linux-gnu.so[0m
[100%] Built target inverse_kin__rosidl_typesupport_c__pyext
[100%] Built target inverse_kin__rosidl_typesupport_fastrtps_c__pyext
[100%] Built target inverse_kin__rosidl_typesupport_introspection_c__pyext
-- Install configuration: ""
-- Installing: /home/jaboy/Documents/RBE500_Project/RBE500_Project/install/inverse_kin/share/ament_index/resource_index/rosidl_interfaces/inverse_kin
-- Installing: /home/jaboy/Documents/RBE500_Project/RBE500_Project/install/inverse_kin/include/inverse_kin/inverse_kin
-- Installing: /home/jaboy/Documents/RBE500_Project/RBE500_Project/install/inverse_kin/include/inverse_kin/inverse_kin/msg
-- Installing: /home/jaboy/Documents/RBE500_Project/RBE500_Project/install/inverse_kin/include/inverse_kin/inverse_kin/msg/sphere.h
-- Installing: /home/jaboy/Documents/RBE500_Project/RBE500_Project/install/inverse_kin/include/inverse_kin/inverse_kin/msg/inv_kin.h
-- Installing: /home/jaboy/Documents/RBE500_Project/RBE500_Project/install/inverse_kin/include/inverse_kin/inverse_kin/msg/detail
-- Installing: /home/jaboy/Documents/RBE500_Project/RBE500_Project/install/inverse_kin/include/inverse_kin/inverse_kin/msg/detail/sphere__struct.h
-- Installing: /home/jaboy/Documents/RBE500_Project/RBE500_Project/install/inverse_kin/include/inverse_kin/inverse_kin/msg/detail/num__struct.h
-- Installing: /home/jaboy/Documents/RBE500_Project/RBE500_Project/install/inverse_kin/include/inverse_kin/inverse_kin/msg/detail/inv_kin__type_support.h
-- Installing: /home/jaboy/Documents/RBE500_Project/RBE500_Project/install/inverse_kin/include/inverse_kin/inverse_kin/msg/detail/inv_kin__functions.c
-- Installing: /home/jaboy/Documents/RBE500_Project/RBE500_Project/install/inverse_kin/include/inverse_kin/inverse_kin/msg/detail/inv_kin__struct.h
-- Installing: /home/jaboy/Documents/RBE500_Project/RBE500_Project/install/inverse_kin/include/inverse_kin/inverse_kin/msg/detail/num__functions.h
-- Installing: /home/jaboy/Documents/RBE500_Project/RBE500_Project/install/inverse_kin/include/inverse_kin/inverse_kin/msg/detail/num__type_support.h
-- Installing: /home/jaboy/Documents/RBE500_Project/RBE500_Project/install/inverse_kin/include/inverse_kin/inverse_kin/msg/detail/sphere__functions.c
-- Installing: /home/jaboy/Documents/RBE500_Project/RBE500_Project/install/inverse_kin/include/inverse_kin/inverse_kin/msg/detail/sphere__functions.h
-- Installing: /home/jaboy/Documents/RBE500_Project/RBE500_Project/install/inverse_kin/include/inverse_kin/inverse_kin/msg/detail/sphere__type_support.h
-- Installing: /home/jaboy/Documents/RBE500_Project/RBE500_Project/install/inverse_kin/include/inverse_kin/inverse_kin/msg/detail/inv_kin__functions.h
-- Installing: /home/jaboy/Documents/RBE500_Project/RBE500_Project/install/inverse_kin/include/inverse_kin/inverse_kin/msg/detail/num__functions.c
-- Installing: /home/jaboy/Documents/RBE500_Project/RBE500_Project/install/inverse_kin/include/inverse_kin/inverse_kin/msg/rosidl_generator_c__visibility_control.h
-- Installing: /home/jaboy/Documents/RBE500_Project/RBE500_Project/install/inverse_kin/include/inverse_kin/inverse_kin/msg/num.h
-- Installing: /home/jaboy/Documents/RBE500_Project/RBE500_Project/install/inverse_kin/include/inverse_kin/inverse_kin/srv
-- Installing: /home/jaboy/Documents/RBE500_Project/RBE500_Project/install/inverse_kin/include/inverse_kin/inverse_kin/srv/add_three_ints.h
-- Installing: /home/jaboy/Documents/RBE500_Project/RBE500_Project/install/inverse_kin/include/inverse_kin/inverse_kin/srv/inv_kin.h
-- Installing: /home/jaboy/Documents/RBE500_Project/RBE500_Project/install/inverse_kin/include/inverse_kin/inverse_kin/srv/detail
-- Installing: /home/jaboy/Documents/RBE500_Project/RBE500_Project/install/inverse_kin/include/inverse_kin/inverse_kin/srv/detail/add_three_ints__functions.c
-- Installing: /home/jaboy/Documents/RBE500_Project/RBE500_Project/install/inverse_kin/include/inverse_kin/inverse_kin/srv/detail/add_three_ints__type_support.h
-- Installing: /home/jaboy/Documents/RBE500_Project/RBE500_Project/install/inverse_kin/include/inverse_kin/inverse_kin/srv/detail/inv_kin__type_support.h
-- Installing: /home/jaboy/Documents/RBE500_Project/RBE500_Project/install/inverse_kin/include/inverse_kin/inverse_kin/srv/detail/inv_kin__functions.c
-- Installing: /home/jaboy/Documents/RBE500_Project/RBE500_Project/install/inverse_kin/include/inverse_kin/inverse_kin/srv/detail/add_three_ints__functions.h
-- Installing: /home/jaboy/Documents/RBE500_Project/RBE500_Project/install/inverse_kin/include/inverse_kin/inverse_kin/srv/detail/inv_kin__struct.h
-- Installing: /home/jaboy/Documents/RBE500_Project/RBE500_Project/install/inverse_kin/include/inverse_kin/inverse_kin/srv/detail/add_three_ints__struct.h
-- Installing: /home/jaboy/Documents/RBE500_Project/RBE500_Project/install/inverse_kin/include/inverse_kin/inverse_kin/srv/detail/inv_kin__functions.h
-- Installing: /home/jaboy/Documents/RBE500_Project/RBE500_Project/install/inverse_kin/share/inverse_kin/environment/library_path.sh
-- Installing: /home/jaboy/Documents/RBE500_Project/RBE500_Project/install/inverse_kin/share/inverse_kin/environment/library_path.dsv
-- Installing: /home/jaboy/Documents/RBE500_Project/RBE500_Project/install/inverse_kin/lib/libinverse_kin__rosidl_generator_c.so
-- Set runtime path of "/home/jaboy/Documents/RBE500_Project/RBE500_Project/install/inverse_kin/lib/libinverse_kin__rosidl_generator_c.so" to ""
-- Up-to-date: /home/jaboy/Documents/RBE500_Project/RBE500_Project/install/inverse_kin/include/inverse_kin/inverse_kin
-- Up-to-date: /home/jaboy/Documents/RBE500_Project/RBE500_Project/install/inverse_kin/include/inverse_kin/inverse_kin/msg
-- Up-to-date: /home/jaboy/Documents/RBE500_Project/RBE500_Project/install/inverse_kin/include/inverse_kin/inverse_kin/msg/detail
-- Installing: /home/jaboy/Documents/RBE500_Project/RBE500_Project/install/inverse_kin/include/inverse_kin/inverse_kin/msg/detail/num__rosidl_typesupport_fastrtps_c.h
-- Installing: /home/jaboy/Documents/RBE500_Project/RBE500_Project/install/inverse_kin/include/inverse_kin/inverse_kin/msg/detail/inv_kin__rosidl_typesupport_fastrtps_c.h
-- Installing: /home/jaboy/Documents/RBE500_Project/RBE500_Project/install/inverse_kin/include/inverse_kin/inverse_kin/msg/detail/sphere__rosidl_typesupport_fastrtps_c.h
-- Installing: /home/jaboy/Documents/RBE500_Project/RBE500_Project/install/inverse_kin/include/inverse_kin/inverse_kin/msg/rosidl_typesupport_fastrtps_c__visibility_control.h
-- Up-to-date: /home/jaboy/Documents/RBE500_Project/RBE500_Project/install/inverse_kin/include/inverse_kin/inverse_kin/srv
-- Up-to-date: /home/jaboy/Documents/RBE500_Project/RBE500_Project/install/inverse_kin/include/inverse_kin/inverse_kin/srv/detail
-- Installing: /home/jaboy/Documents/RBE500_Project/RBE500_Project/install/inverse_kin/include/inverse_kin/inverse_kin/srv/detail/add_three_ints__rosidl_typesupport_fastrtps_c.h
-- Installing: /home/jaboy/Documents/RBE500_Project/RBE500_Project/install/inverse_kin/include/inverse_kin/inverse_kin/srv/detail/inv_kin__rosidl_typesupport_fastrtps_c.h
-- Installing: /home/jaboy/Documents/RBE500_Project/RBE500_Project/install/inverse_kin/lib/libinverse_kin__rosidl_typesupport_fastrtps_c.so
-- Set runtime path of "/home/jaboy/Documents/RBE500_Project/RBE500_Project/install/inverse_kin/lib/libinverse_kin__rosidl_typesupport_fastrtps_c.so" to ""
-- Up-to-date: /home/jaboy/Documents/RBE500_Project/RBE500_Project/install/inverse_kin/include/inverse_kin/inverse_kin
-- Up-to-date: /home/jaboy/Documents/RBE500_Project/RBE500_Project/install/inverse_kin/include/inverse_kin/inverse_kin/msg
-- Installing: /home/jaboy/Documents/RBE500_Project/RBE500_Project/install/inverse_kin/include/inverse_kin/inverse_kin/msg/num.hpp
-- Installing: /home/jaboy/Documents/RBE500_Project/RBE500_Project/install/inverse_kin/include/inverse_kin/inverse_kin/msg/sphere.hpp
-- Installing: /home/jaboy/Documents/RBE500_Project/RBE500_Project/install/inverse_kin/include/inverse_kin/inverse_kin/msg/inv_kin.hpp
-- Installing: /home/jaboy/Documents/RBE500_Project/RBE500_Project/install/inverse_kin/include/inverse_kin/inverse_kin/msg/rosidl_generator_cpp__visibility_control.hpp
-- Up-to-date: /home/jaboy/Documents/RBE500_Project/RBE500_Project/install/inverse_kin/include/inverse_kin/inverse_kin/msg/detail
-- Installing: /home/jaboy/Documents/RBE500_Project/RBE500_Project/install/inverse_kin/include/inverse_kin/inverse_kin/msg/detail/sphere__type_support.hpp
-- Installing: /home/jaboy/Documents/RBE500_Project/RBE500_Project/install/inverse_kin/include/inverse_kin/inverse_kin/msg/detail/num__builder.hpp
-- Installing: /home/jaboy/Documents/RBE500_Project/RBE500_Project/install/inverse_kin/include/inverse_kin/inverse_kin/msg/detail/num__struct.hpp
-- Installing: /home/jaboy/Documents/RBE500_Project/RBE500_Project/install/inverse_kin/include/inverse_kin/inverse_kin/msg/detail/inv_kin__struct.hpp
-- Installing: /home/jaboy/Documents/RBE500_Project/RBE500_Project/install/inverse_kin/include/inverse_kin/inverse_kin/msg/detail/sphere__traits.hpp
-- Installing: /home/jaboy/Documents/RBE500_Project/RBE500_Project/install/inverse_kin/include/inverse_kin/inverse_kin/msg/detail/inv_kin__builder.hpp
-- Installing: /home/jaboy/Documents/RBE500_Project/RBE500_Project/install/inverse_kin/include/inverse_kin/inverse_kin/msg/detail/inv_kin__type_support.hpp
-- Installing: /home/jaboy/Documents/RBE500_Project/RBE500_Project/install/inverse_kin/include/inverse_kin/inverse_kin/msg/detail/num__type_support.hpp
-- Installing: /home/jaboy/Documents/RBE500_Project/RBE500_Project/install/inverse_kin/include/inverse_kin/inverse_kin/msg/detail/num__traits.hpp
-- Installing: /home/jaboy/Documents/RBE500_Project/RBE500_Project/install/inverse_kin/include/inverse_kin/inverse_kin/msg/detail/inv_kin__traits.hpp
-- Installing: /home/jaboy/Documents/RBE500_Project/RBE500_Project/install/inverse_kin/include/inverse_kin/inverse_kin/msg/detail/sphere__struct.hpp
-- Installing: /home/jaboy/Documents/RBE500_Project/RBE500_Project/install/inverse_kin/include/inverse_kin/inverse_kin/msg/detail/sphere__builder.hpp
-- Up-to-date: /home/jaboy/Documents/RBE500_Project/RBE500_Project/install/inverse_kin/include/inverse_kin/inverse_kin/srv
-- Installing: /home/jaboy/Documents/RBE500_Project/RBE500_Project/install/inverse_kin/include/inverse_kin/inverse_kin/srv/inv_kin.hpp
-- Installing: /home/jaboy/Documents/RBE500_Project/RBE500_Project/install/inverse_kin/include/inverse_kin/inverse_kin/srv/add_three_ints.hpp
-- Up-to-date: /home/jaboy/Documents/RBE500_Project/RBE500_Project/install/inverse_kin/include/inverse_kin/inverse_kin/srv/detail
-- Installing: /home/jaboy/Documents/RBE500_Project/RBE500_Project/install/inverse_kin/include/inverse_kin/inverse_kin/srv/detail/add_three_ints__traits.hpp
-- Installing: /home/jaboy/Documents/RBE500_Project/RBE500_Project/install/inverse_kin/include/inverse_kin/inverse_kin/srv/detail/inv_kin__struct.hpp
-- Installing: /home/jaboy/Documents/RBE500_Project/RBE500_Project/install/inverse_kin/include/inverse_kin/inverse_kin/srv/detail/add_three_ints__struct.hpp
-- Installing: /home/jaboy/Documents/RBE500_Project/RBE500_Project/install/inverse_kin/include/inverse_kin/inverse_kin/srv/detail/inv_kin__builder.hpp
-- Installing: /home/jaboy/Documents/RBE500_Project/RBE500_Project/install/inverse_kin/include/inverse_kin/inverse_kin/srv/detail/inv_kin__type_support.hpp
-- Installing: /home/jaboy/Documents/RBE500_Project/RBE500_Project/install/inverse_kin/include/inverse_kin/inverse_kin/srv/detail/add_three_ints__type_support.hpp
-- Installing: /home/jaboy/Documents/RBE500_Project/RBE500_Project/install/inverse_kin/include/inverse_kin/inverse_kin/srv/detail/inv_kin__traits.hpp
-- Installing: /home/jaboy/Documents/RBE500_Project/RBE500_Project/install/inverse_kin/include/inverse_kin/inverse_kin/srv/detail/add_three_ints__builder.hpp
-- Up-to-date: /home/jaboy/Documents/RBE500_Project/RBE500_Project/install/inverse_kin/include/inverse_kin/inverse_kin
-- Up-to-date: /home/jaboy/Documents/RBE500_Project/RBE500_Project/install/inverse_kin/include/inverse_kin/inverse_kin/msg
-- Up-to-date: /home/jaboy/Documents/RBE500_Project/RBE500_Project/install/inverse_kin/include/inverse_kin/inverse_kin/msg/detail
-- Installing: /home/jaboy/Documents/RBE500_Project/RBE500_Project/install/inverse_kin/include/inverse_kin/inverse_kin/msg/detail/inv_kin__rosidl_typesupport_fastrtps_cpp.hpp
-- Installing: /home/jaboy/Documents/RBE500_Project/RBE500_Project/install/inverse_kin/include/inverse_kin/inverse_kin/msg/detail/sphere__rosidl_typesupport_fastrtps_cpp.hpp
-- Installing: /home/jaboy/Documents/RBE500_Project/RBE500_Project/install/inverse_kin/include/inverse_kin/inverse_kin/msg/detail/num__rosidl_typesupport_fastrtps_cpp.hpp
-- Installing: /home/jaboy/Documents/RBE500_Project/RBE500_Project/install/inverse_kin/include/inverse_kin/inverse_kin/msg/detail/dds_fastrtps
-- Installing: /home/jaboy/Documents/RBE500_Project/RBE500_Project/install/inverse_kin/include/inverse_kin/inverse_kin/msg/rosidl_typesupport_fastrtps_cpp__visibility_control.h
-- Up-to-date: /home/jaboy/Documents/RBE500_Project/RBE500_Project/install/inverse_kin/include/inverse_kin/inverse_kin/srv
-- Up-to-date: /home/jaboy/Documents/RBE500_Project/RBE500_Project/install/inverse_kin/include/inverse_kin/inverse_kin/srv/detail
-- Installing: /home/jaboy/Documents/RBE500_Project/RBE500_Project/install/inverse_kin/include/inverse_kin/inverse_kin/srv/detail/inv_kin__rosidl_typesupport_fastrtps_cpp.hpp
-- Installing: /home/jaboy/Documents/RBE500_Project/RBE500_Project/install/inverse_kin/include/inverse_kin/inverse_kin/srv/detail/add_three_ints__rosidl_typesupport_fastrtps_cpp.hpp
-- Installing: /home/jaboy/Documents/RBE500_Project/RBE500_Project/install/inverse_kin/include/inverse_kin/inverse_kin/srv/detail/dds_fastrtps
-- Installing: /home/jaboy/Documents/RBE500_Project/RBE500_Project/install/inverse_kin/lib/libinverse_kin__rosidl_typesupport_fastrtps_cpp.so
-- Set runtime path of "/home/jaboy/Documents/RBE500_Project/RBE500_Project/install/inverse_kin/lib/libinverse_kin__rosidl_typesupport_fastrtps_cpp.so" to ""
-- Up-to-date: /home/jaboy/Documents/RBE500_Project/RBE500_Project/install/inverse_kin/include/inverse_kin/inverse_kin
-- Up-to-date: /home/jaboy/Documents/RBE500_Project/RBE500_Project/install/inverse_kin/include/inverse_kin/inverse_kin/msg
-- Installing: /home/jaboy/Documents/RBE500_Project/RBE500_Project/install/inverse_kin/include/inverse_kin/inverse_kin/msg/rosidl_typesupport_introspection_c__visibility_control.h
-- Up-to-date: /home/jaboy/Documents/RBE500_Project/RBE500_Project/install/inverse_kin/include/inverse_kin/inverse_kin/msg/detail
-- Installing: /home/jaboy/Documents/RBE500_Project/RBE500_Project/install/inverse_kin/include/inverse_kin/inverse_kin/msg/detail/sphere__rosidl_typesupport_introspection_c.h
-- Installing: /home/jaboy/Documents/RBE500_Project/RBE500_Project/install/inverse_kin/include/inverse_kin/inverse_kin/msg/detail/num__rosidl_typesupport_introspection_c.h
-- Installing: /home/jaboy/Documents/RBE500_Project/RBE500_Project/install/inverse_kin/include/inverse_kin/inverse_kin/msg/detail/inv_kin__type_support.c
-- Installing: /home/jaboy/Documents/RBE500_Project/RBE500_Project/install/inverse_kin/include/inverse_kin/inverse_kin/msg/detail/inv_kin__rosidl_typesupport_introspection_c.h
-- Installing: /home/jaboy/Documents/RBE500_Project/RBE500_Project/install/inverse_kin/include/inverse_kin/inverse_kin/msg/detail/sphere__type_support.c
-- Installing: /home/jaboy/Documents/RBE500_Project/RBE500_Project/install/inverse_kin/include/inverse_kin/inverse_kin/msg/detail/num__type_support.c
-- Up-to-date: /home/jaboy/Documents/RBE500_Project/RBE500_Project/install/inverse_kin/include/inverse_kin/inverse_kin/srv
-- Up-to-date: /home/jaboy/Documents/RBE500_Project/RBE500_Project/install/inverse_kin/include/inverse_kin/inverse_kin/srv/detail
-- Installing: /home/jaboy/Documents/RBE500_Project/RBE500_Project/install/inverse_kin/include/inverse_kin/inverse_kin/srv/detail/inv_kin__type_support.c
-- Installing: /home/jaboy/Documents/RBE500_Project/RBE500_Project/install/inverse_kin/include/inverse_kin/inverse_kin/srv/detail/inv_kin__rosidl_typesupport_introspection_c.h
-- Installing: /home/jaboy/Documents/RBE500_Project/RBE500_Project/install/inverse_kin/include/inverse_kin/inverse_kin/srv/detail/add_three_ints__type_support.c
-- Installing: /home/jaboy/Documents/RBE500_Project/RBE500_Project/install/inverse_kin/include/inverse_kin/inverse_kin/srv/detail/add_three_ints__rosidl_typesupport_introspection_c.h
-- Installing: /home/jaboy/Documents/RBE500_Project/RBE500_Project/install/inverse_kin/lib/libinverse_kin__rosidl_typesupport_introspection_c.so
-- Set runtime path of "/home/jaboy/Documents/RBE500_Project/RBE500_Project/install/inverse_kin/lib/libinverse_kin__rosidl_typesupport_introspection_c.so" to ""
-- Installing: /home/jaboy/Documents/RBE500_Project/RBE500_Project/install/inverse_kin/lib/libinverse_kin__rosidl_typesupport_c.so
-- Set runtime path of "/home/jaboy/Documents/RBE500_Project/RBE500_Project/install/inverse_kin/lib/libinverse_kin__rosidl_typesupport_c.so" to ""
-- Up-to-date: /home/jaboy/Documents/RBE500_Project/RBE500_Project/install/inverse_kin/include/inverse_kin/inverse_kin
-- Up-to-date: /home/jaboy/Documents/RBE500_Project/RBE500_Project/install/inverse_kin/include/inverse_kin/inverse_kin/msg
-- Up-to-date: /home/jaboy/Documents/RBE500_Project/RBE500_Project/install/inverse_kin/include/inverse_kin/inverse_kin/msg/detail
-- Installing: /home/jaboy/Documents/RBE500_Project/RBE500_Project/install/inverse_kin/include/inverse_kin/inverse_kin/msg/detail/num__rosidl_typesupport_introspection_cpp.hpp
-- Installing: /home/jaboy/Documents/RBE500_Project/RBE500_Project/install/inverse_kin/include/inverse_kin/inverse_kin/msg/detail/inv_kin__type_support.cpp
-- Installing: /home/jaboy/Documents/RBE500_Project/RBE500_Project/install/inverse_kin/include/inverse_kin/inverse_kin/msg/detail/sphere__type_support.cpp
-- Installing: /home/jaboy/Documents/RBE500_Project/RBE500_Project/install/inverse_kin/include/inverse_kin/inverse_kin/msg/detail/sphere__rosidl_typesupport_introspection_cpp.hpp
-- Installing: /home/jaboy/Documents/RBE500_Project/RBE500_Project/install/inverse_kin/include/inverse_kin/inverse_kin/msg/detail/num__type_support.cpp
-- Installing: /home/jaboy/Documents/RBE500_Project/RBE500_Project/install/inverse_kin/include/inverse_kin/inverse_kin/msg/detail/inv_kin__rosidl_typesupport_introspection_cpp.hpp
-- Up-to-date: /home/jaboy/Documents/RBE500_Project/RBE500_Project/install/inverse_kin/include/inverse_kin/inverse_kin/srv
-- Up-to-date: /home/jaboy/Documents/RBE500_Project/RBE500_Project/install/inverse_kin/include/inverse_kin/inverse_kin/srv/detail
-- Installing: /home/jaboy/Documents/RBE500_Project/RBE500_Project/install/inverse_kin/include/inverse_kin/inverse_kin/srv/detail/add_three_ints__rosidl_typesupport_introspection_cpp.hpp
-- Installing: /home/jaboy/Documents/RBE500_Project/RBE500_Project/install/inverse_kin/include/inverse_kin/inverse_kin/srv/detail/inv_kin__type_support.cpp
-- Installing: /home/jaboy/Documents/RBE500_Project/RBE500_Project/install/inverse_kin/include/inverse_kin/inverse_kin/srv/detail/add_three_ints__type_support.cpp
-- Installing: /home/jaboy/Documents/RBE500_Project/RBE500_Project/install/inverse_kin/include/inverse_kin/inverse_kin/srv/detail/inv_kin__rosidl_typesupport_introspection_cpp.hpp
-- Installing: /home/jaboy/Documents/RBE500_Project/RBE500_Project/install/inverse_kin/lib/libinverse_kin__rosidl_typesupport_introspection_cpp.so
-- Set runtime path of "/home/jaboy/Documents/RBE500_Project/RBE500_Project/install/inverse_kin/lib/libinverse_kin__rosidl_typesupport_introspection_cpp.so" to ""
-- Installing: /home/jaboy/Documents/RBE500_Project/RBE500_Project/install/inverse_kin/lib/libinverse_kin__rosidl_typesupport_cpp.so
-- Set runtime path of "/home/jaboy/Documents/RBE500_Project/RBE500_Project/install/inverse_kin/lib/libinverse_kin__rosidl_typesupport_cpp.so" to ""
-- Installing: /home/jaboy/Documents/RBE500_Project/RBE500_Project/install/inverse_kin/share/inverse_kin/environment/pythonpath.sh
-- Installing: /home/jaboy/Documents/RBE500_Project/RBE500_Project/install/inverse_kin/share/inverse_kin/environment/pythonpath.dsv
-- Installing: /home/jaboy/Documents/RBE500_Project/RBE500_Project/install/inverse_kin/local/lib/python3.10/dist-packages/inverse_kin-0.0.0-py3.10.egg-info
-- Installing: /home/jaboy/Documents/RBE500_Project/RBE500_Project/install/inverse_kin/local/lib/python3.10/dist-packages/inverse_kin-0.0.0-py3.10.egg-info/top_level.txt
-- Installing: /home/jaboy/Documents/RBE500_Project/RBE500_Project/install/inverse_kin/local/lib/python3.10/dist-packages/inverse_kin-0.0.0-py3.10.egg-info/SOURCES.txt
-- Installing: /home/jaboy/Documents/RBE500_Project/RBE500_Project/install/inverse_kin/local/lib/python3.10/dist-packages/inverse_kin-0.0.0-py3.10.egg-info/PKG-INFO
-- Installing: /home/jaboy/Documents/RBE500_Project/RBE500_Project/install/inverse_kin/local/lib/python3.10/dist-packages/inverse_kin-0.0.0-py3.10.egg-info/dependency_links.txt
-- Installing: /home/jaboy/Documents/RBE500_Project/RBE500_Project/install/inverse_kin/local/lib/python3.10/dist-packages/inverse_kin
-- Installing: /home/jaboy/Documents/RBE500_Project/RBE500_Project/install/inverse_kin/local/lib/python3.10/dist-packages/inverse_kin/msg
-- Installing: /home/jaboy/Documents/RBE500_Project/RBE500_Project/install/inverse_kin/local/lib/python3.10/dist-packages/inverse_kin/msg/_sphere.py
-- Installing: /home/jaboy/Documents/RBE500_Project/RBE500_Project/install/inverse_kin/local/lib/python3.10/dist-packages/inverse_kin/msg/_inv_kin_s.c
-- Installing: /home/jaboy/Documents/RBE500_Project/RBE500_Project/install/inverse_kin/local/lib/python3.10/dist-packages/inverse_kin/msg/_sphere_s.c
-- Installing: /home/jaboy/Documents/RBE500_Project/RBE500_Project/install/inverse_kin/local/lib/python3.10/dist-packages/inverse_kin/msg/__init__.py
-- Installing: /home/jaboy/Documents/RBE500_Project/RBE500_Project/install/inverse_kin/local/lib/python3.10/dist-packages/inverse_kin/msg/_num_s.c
-- Installing: /home/jaboy/Documents/RBE500_Project/RBE500_Project/install/inverse_kin/local/lib/python3.10/dist-packages/inverse_kin/msg/_num.py
-- Installing: /home/jaboy/Documents/RBE500_Project/RBE500_Project/install/inverse_kin/local/lib/python3.10/dist-packages/inverse_kin/msg/_inv_kin.py
-- Installing: /home/jaboy/Documents/RBE500_Project/RBE500_Project/install/inverse_kin/local/lib/python3.10/dist-packages/inverse_kin/_inverse_kin_s.ep.rosidl_typesupport_introspection_c.c
-- Installing: /home/jaboy/Documents/RBE500_Project/RBE500_Project/install/inverse_kin/local/lib/python3.10/dist-packages/inverse_kin/srv
-- Installing: /home/jaboy/Documents/RBE500_Project/RBE500_Project/install/inverse_kin/local/lib/python3.10/dist-packages/inverse_kin/srv/_inv_kin_s.c
-- Installing: /home/jaboy/Documents/RBE500_Project/RBE500_Project/install/inverse_kin/local/lib/python3.10/dist-packages/inverse_kin/srv/__init__.py
-- Installing: /home/jaboy/Documents/RBE500_Project/RBE500_Project/install/inverse_kin/local/lib/python3.10/dist-packages/inverse_kin/srv/_add_three_ints_s.c
-- Installing: /home/jaboy/Documents/RBE500_Project/RBE500_Project/install/inverse_kin/local/lib/python3.10/dist-packages/inverse_kin/srv/_add_three_ints.py
-- Installing: /home/jaboy/Documents/RBE500_Project/RBE500_Project/install/inverse_kin/local/lib/python3.10/dist-packages/inverse_kin/srv/_inv_kin.py
-- Installing: /home/jaboy/Documents/RBE500_Project/RBE500_Project/install/inverse_kin/local/lib/python3.10/dist-packages/inverse_kin/__init__.py
-- Installing: /home/jaboy/Documents/RBE500_Project/RBE500_Project/install/inverse_kin/local/lib/python3.10/dist-packages/inverse_kin/_inverse_kin_s.ep.rosidl_typesupport_c.c
-- Installing: /home/jaboy/Documents/RBE500_Project/RBE500_Project/install/inverse_kin/local/lib/python3.10/dist-packages/inverse_kin/inverse_kin_s__rosidl_typesupport_c.cpython-310-x86_64-linux-gnu.so
-- Installing: /home/jaboy/Documents/RBE500_Project/RBE500_Project/install/inverse_kin/local/lib/python3.10/dist-packages/inverse_kin/inverse_kin_s__rosidl_typesupport_introspection_c.cpython-310-x86_64-linux-gnu.so
-- Installing: /home/jaboy/Documents/RBE500_Project/RBE500_Project/install/inverse_kin/local/lib/python3.10/dist-packages/inverse_kin/inverse_kin_s__rosidl_typesupport_fastrtps_c.cpython-310-x86_64-linux-gnu.so
-- Installing: /home/jaboy/Documents/RBE500_Project/RBE500_Project/install/inverse_kin/local/lib/python3.10/dist-packages/inverse_kin/_inverse_kin_s.ep.rosidl_typesupport_fastrtps_c.c
-- Installing: /home/jaboy/Documents/RBE500_Project/RBE500_Project/install/inverse_kin/local/lib/python3.10/dist-packages/inverse_kin/libinverse_kin__rosidl_generator_py.so
Listing '/home/jaboy/Documents/RBE500_Project/RBE500_Project/install/inverse_kin/local/lib/python3.10/dist-packages/inverse_kin'...
Compiling '/home/jaboy/Documents/RBE500_Project/RBE500_Project/install/inverse_kin/local/lib/python3.10/dist-packages/inverse_kin/__init__.py'...
Listing '/home/jaboy/Documents/RBE500_Project/RBE500_Project/install/inverse_kin/local/lib/python3.10/dist-packages/inverse_kin/msg'...
Compiling '/home/jaboy/Documents/RBE500_Project/RBE500_Project/install/inverse_kin/local/lib/python3.10/dist-packages/inverse_kin/msg/__init__.py'...
Compiling '/home/jaboy/Documents/RBE500_Project/RBE500_Project/install/inverse_kin/local/lib/python3.10/dist-packages/inverse_kin/msg/_inv_kin.py'...
Compiling '/home/jaboy/Documents/RBE500_Project/RBE500_Project/install/inverse_kin/local/lib/python3.10/dist-packages/inverse_kin/msg/_num.py'...
Compiling '/home/jaboy/Documents/RBE500_Project/RBE500_Project/install/inverse_kin/local/lib/python3.10/dist-packages/inverse_kin/msg/_sphere.py'...
Listing '/home/jaboy/Documents/RBE500_Project/RBE500_Project/install/inverse_kin/local/lib/python3.10/dist-packages/inverse_kin/srv'...
Compiling '/home/jaboy/Documents/RBE500_Project/RBE500_Project/install/inverse_kin/local/lib/python3.10/dist-packages/inverse_kin/srv/__init__.py'...
Compiling '/home/jaboy/Documents/RBE500_Project/RBE500_Project/install/inverse_kin/local/lib/python3.10/dist-packages/inverse_kin/srv/_add_three_ints.py'...
Compiling '/home/jaboy/Documents/RBE500_Project/RBE500_Project/install/inverse_kin/local/lib/python3.10/dist-packages/inverse_kin/srv/_inv_kin.py'...
-- Installing: /home/jaboy/Documents/RBE500_Project/RBE500_Project/install/inverse_kin/local/lib/python3.10/dist-packages/inverse_kin/inverse_kin_s__rosidl_typesupport_introspection_c.cpython-310-x86_64-linux-gnu.so
-- Set runtime path of "/home/jaboy/Documents/RBE500_Project/RBE500_Project/install/inverse_kin/local/lib/python3.10/dist-packages/inverse_kin/inverse_kin_s__rosidl_typesupport_introspection_c.cpython-310-x86_64-linux-gnu.so" to ""
-- Installing: /home/jaboy/Documents/RBE500_Project/RBE500_Project/install/inverse_kin/local/lib/python3.10/dist-packages/inverse_kin/inverse_kin_s__rosidl_typesupport_fastrtps_c.cpython-310-x86_64-linux-gnu.so
-- Set runtime path of "/home/jaboy/Documents/RBE500_Project/RBE500_Project/install/inverse_kin/local/lib/python3.10/dist-packages/inverse_kin/inverse_kin_s__rosidl_typesupport_fastrtps_c.cpython-310-x86_64-linux-gnu.so" to ""
-- Installing: /home/jaboy/Documents/RBE500_Project/RBE500_Project/install/inverse_kin/local/lib/python3.10/dist-packages/inverse_kin/inverse_kin_s__rosidl_typesupport_c.cpython-310-x86_64-linux-gnu.so
-- Set runtime path of "/home/jaboy/Documents/RBE500_Project/RBE500_Project/install/inverse_kin/local/lib/python3.10/dist-packages/inverse_kin/inverse_kin_s__rosidl_typesupport_c.cpython-310-x86_64-linux-gnu.so" to ""
-- Installing: /home/jaboy/Documents/RBE500_Project/RBE500_Project/install/inverse_kin/lib/libinverse_kin__rosidl_generator_py.so
-- Set runtime path of "/home/jaboy/Documents/RBE500_Project/RBE500_Project/install/inverse_kin/lib/libinverse_kin__rosidl_generator_py.so" to ""
-- Installing: /home/jaboy/Documents/RBE500_Project/RBE500_Project/install/inverse_kin/share/inverse_kin/msg/Num.idl
-- Installing: /home/jaboy/Documents/RBE500_Project/RBE500_Project/install/inverse_kin/share/inverse_kin/msg/Sphere.idl
-- Installing: /home/jaboy/Documents/RBE500_Project/RBE500_Project/install/inverse_kin/share/inverse_kin/msg/InvKin.idl
-- Installing: /home/jaboy/Documents/RBE500_Project/RBE500_Project/install/inverse_kin/share/inverse_kin/srv/InvKin.idl
-- Installing: /home/jaboy/Documents/RBE500_Project/RBE500_Project/install/inverse_kin/share/inverse_kin/srv/AddThreeInts.idl
-- Installing: /home/jaboy/Documents/RBE500_Project/RBE500_Project/install/inverse_kin/share/inverse_kin/msg/Num.msg
-- Installing: /home/jaboy/Documents/RBE500_Project/RBE500_Project/install/inverse_kin/share/inverse_kin/msg/Sphere.msg
-- Installing: /home/jaboy/Documents/RBE500_Project/RBE500_Project/install/inverse_kin/share/inverse_kin/msg/InvKin.msg
-- Installing: /home/jaboy/Documents/RBE500_Project/RBE500_Project/install/inverse_kin/share/inverse_kin/srv/InvKin.srv
-- Installing: /home/jaboy/Documents/RBE500_Project/RBE500_Project/install/inverse_kin/share/inverse_kin/srv/InvKin_Request.msg
-- Installing: /home/jaboy/Documents/RBE500_Project/RBE500_Project/install/inverse_kin/share/inverse_kin/srv/InvKin_Response.msg
-- Installing: /home/jaboy/Documents/RBE500_Project/RBE500_Project/install/inverse_kin/share/inverse_kin/srv/AddThreeInts.srv
-- Installing: /home/jaboy/Documents/RBE500_Project/RBE500_Project/install/inverse_kin/share/inverse_kin/srv/AddThreeInts_Request.msg
-- Installing: /home/jaboy/Documents/RBE500_Project/RBE500_Project/install/inverse_kin/share/inverse_kin/srv/AddThreeInts_Response.msg
-- Installing: /home/jaboy/Documents/RBE500_Project/RBE500_Project/install/inverse_kin/share/ament_index/resource_index/package_run_dependencies/inverse_kin
-- Installing: /home/jaboy/Documents/RBE500_Project/RBE500_Project/install/inverse_kin/share/ament_index/resource_index/parent_prefix_path/inverse_kin
-- Installing: /home/jaboy/Documents/RBE500_Project/RBE500_Project/install/inverse_kin/share/inverse_kin/environment/ament_prefix_path.sh
-- Installing: /home/jaboy/Documents/RBE500_Project/RBE500_Project/install/inverse_kin/share/inverse_kin/environment/ament_prefix_path.dsv
-- Installing: /home/jaboy/Documents/RBE500_Project/RBE500_Project/install/inverse_kin/share/inverse_kin/environment/path.sh
-- Installing: /home/jaboy/Documents/RBE500_Project/RBE500_Project/install/inverse_kin/share/inverse_kin/environment/path.dsv
-- Installing: /home/jaboy/Documents/RBE500_Project/RBE500_Project/install/inverse_kin/share/inverse_kin/local_setup.bash
-- Installing: /home/jaboy/Documents/RBE500_Project/RBE500_Project/install/inverse_kin/share/inverse_kin/local_setup.sh
-- Installing: /home/jaboy/Documents/RBE500_Project/RBE500_Project/install/inverse_kin/share/inverse_kin/local_setup.zsh
-- Installing: /home/jaboy/Documents/RBE500_Project/RBE500_Project/install/inverse_kin/share/inverse_kin/local_setup.dsv
-- Installing: /home/jaboy/Documents/RBE500_Project/RBE500_Project/install/inverse_kin/share/inverse_kin/package.dsv
-- Installing: /home/jaboy/Documents/RBE500_Project/RBE500_Project/install/inverse_kin/share/ament_index/resource_index/packages/inverse_kin
-- Installing: /home/jaboy/Documents/RBE500_Project/RBE500_Project/install/inverse_kin/share/inverse_kin/cmake/export_inverse_kin__rosidl_generator_cExport.cmake
-- Installing: /home/jaboy/Documents/RBE500_Project/RBE500_Project/install/inverse_kin/share/inverse_kin/cmake/export_inverse_kin__rosidl_generator_cExport-noconfig.cmake
-- Installing: /home/jaboy/Documents/RBE500_Project/RBE500_Project/install/inverse_kin/share/inverse_kin/cmake/export_inverse_kin__rosidl_typesupport_fastrtps_cExport.cmake
-- Installing: /home/jaboy/Documents/RBE500_Project/RBE500_Project/install/inverse_kin/share/inverse_kin/cmake/export_inverse_kin__rosidl_typesupport_fastrtps_cExport-noconfig.cmake
-- Installing: /home/jaboy/Documents/RBE500_Project/RBE500_Project/install/inverse_kin/share/inverse_kin/cmake/export_inverse_kin__rosidl_generator_cppExport.cmake
-- Installing: /home/jaboy/Documents/RBE500_Project/RBE500_Project/install/inverse_kin/share/inverse_kin/cmake/export_inverse_kin__rosidl_typesupport_fastrtps_cppExport.cmake
-- Installing: /home/jaboy/Documents/RBE500_Project/RBE500_Project/install/inverse_kin/share/inverse_kin/cmake/export_inverse_kin__rosidl_typesupport_fastrtps_cppExport-noconfig.cmake
-- Installing: /home/jaboy/Documents/RBE500_Project/RBE500_Project/install/inverse_kin/share/inverse_kin/cmake/inverse_kin__rosidl_typesupport_introspection_cExport.cmake
-- Installing: /home/jaboy/Documents/RBE500_Project/RBE500_Project/install/inverse_kin/share/inverse_kin/cmake/inverse_kin__rosidl_typesupport_introspection_cExport-noconfig.cmake
-- Installing: /home/jaboy/Documents/RBE500_Project/RBE500_Project/install/inverse_kin/share/inverse_kin/cmake/inverse_kin__rosidl_typesupport_cExport.cmake
-- Installing: /home/jaboy/Documents/RBE500_Project/RBE500_Project/install/inverse_kin/share/inverse_kin/cmake/inverse_kin__rosidl_typesupport_cExport-noconfig.cmake
-- Installing: /home/jaboy/Documents/RBE500_Project/RBE500_Project/install/inverse_kin/share/inverse_kin/cmake/inverse_kin__rosidl_typesupport_introspection_cppExport.cmake
-- Installing: /home/jaboy/Documents/RBE500_Project/RBE500_Project/install/inverse_kin/share/inverse_kin/cmake/inverse_kin__rosidl_typesupport_introspection_cppExport-noconfig.cmake
-- Installing: /home/jaboy/Documents/RBE500_Project/RBE500_Project/install/inverse_kin/share/inverse_kin/cmake/inverse_kin__rosidl_typesupport_cppExport.cmake
-- Installing: /home/jaboy/Documents/RBE500_Project/RBE500_Project/install/inverse_kin/share/inverse_kin/cmake/inverse_kin__rosidl_typesupport_cppExport-noconfig.cmake
-- Installing: /home/jaboy/Documents/RBE500_Project/RBE500_Project/install/inverse_kin/share/inverse_kin/cmake/export_inverse_kin__rosidl_generator_pyExport.cmake
-- Installing: /home/jaboy/Documents/RBE500_Project/RBE500_Project/install/inverse_kin/share/inverse_kin/cmake/export_inverse_kin__rosidl_generator_pyExport-noconfig.cmake
-- Installing: /home/jaboy/Documents/RBE500_Project/RBE500_Project/install/inverse_kin/share/inverse_kin/cmake/rosidl_cmake-extras.cmake
-- Installing: /home/jaboy/Documents/RBE500_Project/RBE500_Project/install/inverse_kin/share/inverse_kin/cmake/ament_cmake_export_dependencies-extras.cmake
-- Installing: /home/jaboy/Documents/RBE500_Project/RBE500_Project/install/inverse_kin/share/inverse_kin/cmake/ament_cmake_export_include_directories-extras.cmake
-- Installing: /home/jaboy/Documents/RBE500_Project/RBE500_Project/install/inverse_kin/share/inverse_kin/cmake/ament_cmake_export_libraries-extras.cmake
-- Installing: /home/jaboy/Documents/RBE500_Project/RBE500_Project/install/inverse_kin/share/inverse_kin/cmake/ament_cmake_export_targets-extras.cmake
-- Installing: /home/jaboy/Documents/RBE500_Project/RBE500_Project/install/inverse_kin/share/inverse_kin/cmake/rosidl_cmake_export_typesupport_targets-extras.cmake
-- Installing: /home/jaboy/Documents/RBE500_Project/RBE500_Project/install/inverse_kin/share/inverse_kin/cmake/rosidl_cmake_export_typesupport_libraries-extras.cmake
-- Installing: /home/jaboy/Documents/RBE500_Project/RBE500_Project/install/inverse_kin/share/inverse_kin/cmake/inverse_kinConfig.cmake
-- Installing: /home/jaboy/Documents/RBE500_Project/RBE500_Project/install/inverse_kin/share/inverse_kin/cmake/inverse_kinConfig-version.cmake
-- Installing: /home/jaboy/Documents/RBE500_Project/RBE500_Project/install/inverse_kin/share/inverse_kin/package.xml
