[0.123s] Invoking command in '/home/jaboy/Documents/RBE500_Project/RBE500_Project/build/inverse_kin': CMAKE_PREFIX_PATH=${CMAKE_PREFIX_PATH}:/home/jaboy/Documents/RBE500_Project/RBE500_Project/install/inverse_kinematics:/home/jaboy/Documents/RBE500_Project/RBE500_Project/install/forward_kinematics:/home/jaboy/Documents/RBE500_Project/RBE500_Project/install/control:/home/jaboy/ros2_humble/install/rqt_bag_plugins:/home/jaboy/ros2_humble/install/rqt_bag:/home/jaboy/ros2_humble/install/launch_testing_examples:/home/jaboy/ros2_humble/install/ros2bag:/home/jaboy/ros2_humble/install/tracetools_test:/home/jaboy/ros2_humble/install/tracetools_launch:/home/jaboy/ros2_humble/install/topic_monitor:/home/jaboy/ros2_humble/install/tf2_tools:/home/jaboy/ros2_humble/install/examples_tf2_py:/home/jaboy/ros2_humble/install/tf2_ros_py:/home/jaboy/ros2_humble/install/sros2:/home/jaboy/ros2_humble/install/rqt_topic:/home/jaboy/ros2_humble/install/rqt_srv:/home/jaboy/ros2_humble/install/rqt_shell:/home/jaboy/ros2_humble/install/rqt_service_caller:/home/jaboy/ros2_humble/install/rqt_reconfigure:/home/jaboy/ros2_humble/install/rqt_py_console:/home/jaboy/ros2_humble/install/rqt_publisher:/home/jaboy/ros2_humble/install/rqt_plot:/home/jaboy/ros2_humble/install/rqt_action:/home/jaboy/ros2_humble/install/rqt_msg:/home/jaboy/ros2_humble/install/rqt_console:/home/jaboy/ros2_humble/install/rqt:/home/jaboy/ros2_humble/install/rqt_graph:/home/jaboy/ros2_humble/install/rqt_gui_py:/home/jaboy/ros2_humble/install/rqt_gui:/home/jaboy/ros2_humble/install/ros2trace:/home/jaboy/ros2_humble/install/ros2topic:/home/jaboy/ros2_humble/install/ros2test:/home/jaboy/ros2_humble/install/ros2component:/home/jaboy/ros2_humble/install/ros2param:/home/jaboy/ros2_humble/install/ros2lifecycle:/home/jaboy/ros2_humble/install/ros2service:/home/jaboy/ros2_humble/install/ros2run:/home/jaboy/ros2_humble/install/ros2launch:/home/jaboy/ros2_humble/install/ros2pkg:/home/jaboy/ros2_humble/install/ros2node:/home/jaboy/ros2_humble/install/ros2multicast:/home/jaboy/ros2_humble/install/ros2interface:/home/jaboy/ros2_humble/install/ros2doctor:/home/jaboy/ros2_humble/install/ros2action:/home/jaboy/ros2_humble/install/ros2cli:/home/jaboy/ros2_humble/install/quality_of_service_demo_py:/home/jaboy/ros2_humble/install/lifecycle_py:/home/jaboy/ros2_humble/install/launch_testing_ros:/home/jaboy/ros2_humble/install/launch_ros:/home/jaboy/ros2_humble/install/examples_rclpy_pointcloud_publisher:/home/jaboy/ros2_humble/install/examples_rclpy_minimal_subscriber:/home/jaboy/ros2_humble/install/examples_rclpy_minimal_service:/home/jaboy/ros2_humble/install/examples_rclpy_minimal_publisher:/home/jaboy/ros2_humble/install/examples_rclpy_minimal_client:/home/jaboy/ros2_humble/install/examples_rclpy_minimal_action_server:/home/jaboy/ros2_humble/install/examples_rclpy_minimal_action_client:/home/jaboy/ros2_humble/install/examples_rclpy_guard_conditions:/home/jaboy/ros2_humble/install/examples_rclpy_executors:/home/jaboy/ros2_humble/install/demo_nodes_py:/home/jaboy/ros2_humble/install/camera_info_manager_py:/home/jaboy/ros2_humble/install/action_tutorials_py:/home/jaboy/ros2_humble/install/ament_uncrustify:/home/jaboy/ros2_humble/install/tracetools_trace:/home/jaboy/ros2_humble/install/tracetools_read:/home/jaboy/ros2_humble/install/rclcpp_lifecycle:/home/jaboy/ros2_humble/install/examples_rclcpp_cbg_executor:/home/jaboy/ros2_humble/install/test_tracetools_launch:/home/jaboy/ros2_humble/install/test_launch_ros:/home/jaboy/ros2_humble/install/sensor_msgs_py:/home/jaboy/ros2_humble/install/rpyutils:/home/jaboy/ros2_humble/install/rosidl_runtime_py:/home/jaboy/ros2_humble/install/rosidl_cli:/home/jaboy/ros2_humble/install/launch_pytest:/home/jaboy/ros2_humble/install/launch_testing:/home/jaboy/ros2_humble/install/launch_yaml:/home/jaboy/ros2_humble/install/launch_xml:/home/jaboy/ros2_humble/install/launch:/home/jaboy/ros2_humble/install/osrf_pycommon:/home/jaboy/ros2_humble/install/domain_coordinator:/home/jaboy/ros2_humble/install/ament_xmllint:/home/jaboy/ros2_humble/install/ament_pyflakes:/home/jaboy/ros2_humble/install/ament_pycodestyle:/home/jaboy/ros2_humble/install/ament_pep257:/home/jaboy/ros2_humble/install/ament_pclint:/home/jaboy/ros2_humble/install/ament_package:/home/jaboy/ros2_humble/install/ament_mypy:/home/jaboy/ros2_humble/install/ament_lint_cmake:/home/jaboy/ros2_humble/install/ament_flake8:/home/jaboy/ros2_humble/install/ament_copyright:/home/jaboy/ros2_humble/install/ament_lint:/home/jaboy/ros2_humble/install/ament_index_python:/home/jaboy/ros2_humble/install/ament_cpplint:/home/jaboy/ros2_humble/install/ament_cppcheck:/home/jaboy/ros2_humble/install/ament_clang_tidy:/home/jaboy/ros2_humble/install/ament_clang_format:/home/jaboy/ros2_ws/install/launch_testing_examples:/home/jaboy/ros2_ws/install/examples_rclpy_pointcloud_publisher:/home/jaboy/ros2_ws/install/examples_rclpy_minimal_subscriber:/home/jaboy/ros2_ws/install/examples_rclpy_minimal_service:/home/jaboy/ros2_ws/install/examples_rclpy_minimal_publisher:/home/jaboy/ros2_ws/install/examples_rclpy_minimal_client:/home/jaboy/ros2_ws/install/examples_rclpy_minimal_action_server:/home/jaboy/ros2_ws/install/examples_rclpy_minimal_action_client:/home/jaboy/ros2_ws/install/examples_rclpy_guard_conditions:/home/jaboy/ros2_ws/install/examples_rclpy_executors:/opt/ros/humble /usr/bin/cmake --build /home/jaboy/Documents/RBE500_Project/RBE500_Project/build/inverse_kin -- -j16 -l16
[1.073s] [  1%] Built target inverse_kin__cpp
[1.074s] [ 12%] Built target inverse_kin__rosidl_generator_c
[1.074s] [ 12%] Built target ament_cmake_python_copy_inverse_kin
[1.074s] [ 42%] Built target inverse_kin__rosidl_typesupport_cpp
[1.074s] [ 44%] Built target inverse_kin__rosidl_typesupport_c
[1.074s] [ 46%] Built target inverse_kin__rosidl_typesupport_introspection_cpp
[1.074s] [ 58%] Built target inverse_kin__rosidl_typesupport_fastrtps_cpp
[1.074s] [ 68%] Built target inverse_kin__rosidl_typesupport_fastrtps_c
[1.075s] [ 79%] Built target inverse_kin__rosidl_typesupport_introspection_c
[1.075s] [ 79%] Built target inverse_kin
[1.075s] [ 80%] Built target inverse_kin__py
[1.075s] [ 90%] Built target inverse_kin__rosidl_generator_py
[1.075s] [ 93%] Built target inverse_kin__rosidl_typesupport_introspection_c__pyext
[1.075s] [ 96%] Built target inverse_kin__rosidl_typesupport_fastrtps_c__pyext
[1.075s] [100%] Built target inverse_kin__rosidl_typesupport_c__pyext
[1.075s] running egg_info
[1.076s] writing inverse_kin.egg-info/PKG-INFO
[1.076s] writing dependency_links to inverse_kin.egg-info/dependency_links.txt
[1.076s] writing top-level names to inverse_kin.egg-info/top_level.txt
[1.076s] reading manifest file 'inverse_kin.egg-info/SOURCES.txt'
[1.076s] writing manifest file 'inverse_kin.egg-info/SOURCES.txt'
[1.076s] [100%] Built target ament_cmake_python_build_inverse_kin_egg
[1.077s] Invoked command in '/home/jaboy/Documents/RBE500_Project/RBE500_Project/build/inverse_kin' returned '0': CMAKE_PREFIX_PATH=${CMAKE_PREFIX_PATH}:/home/jaboy/Documents/RBE500_Project/RBE500_Project/install/inverse_kinematics:/home/jaboy/Documents/RBE500_Project/RBE500_Project/install/forward_kinematics:/home/jaboy/Documents/RBE500_Project/RBE500_Project/install/control:/home/jaboy/ros2_humble/install/rqt_bag_plugins:/home/jaboy/ros2_humble/install/rqt_bag:/home/jaboy/ros2_humble/install/launch_testing_examples:/home/jaboy/ros2_humble/install/ros2bag:/home/jaboy/ros2_humble/install/tracetools_test:/home/jaboy/ros2_humble/install/tracetools_launch:/home/jaboy/ros2_humble/install/topic_monitor:/home/jaboy/ros2_humble/install/tf2_tools:/home/jaboy/ros2_humble/install/examples_tf2_py:/home/jaboy/ros2_humble/install/tf2_ros_py:/home/jaboy/ros2_humble/install/sros2:/home/jaboy/ros2_humble/install/rqt_topic:/home/jaboy/ros2_humble/install/rqt_srv:/home/jaboy/ros2_humble/install/rqt_shell:/home/jaboy/ros2_humble/install/rqt_service_caller:/home/jaboy/ros2_humble/install/rqt_reconfigure:/home/jaboy/ros2_humble/install/rqt_py_console:/home/jaboy/ros2_humble/install/rqt_publisher:/home/jaboy/ros2_humble/install/rqt_plot:/home/jaboy/ros2_humble/install/rqt_action:/home/jaboy/ros2_humble/install/rqt_msg:/home/jaboy/ros2_humble/install/rqt_console:/home/jaboy/ros2_humble/install/rqt:/home/jaboy/ros2_humble/install/rqt_graph:/home/jaboy/ros2_humble/install/rqt_gui_py:/home/jaboy/ros2_humble/install/rqt_gui:/home/jaboy/ros2_humble/install/ros2trace:/home/jaboy/ros2_humble/install/ros2topic:/home/jaboy/ros2_humble/install/ros2test:/home/jaboy/ros2_humble/install/ros2component:/home/jaboy/ros2_humble/install/ros2param:/home/jaboy/ros2_humble/install/ros2lifecycle:/home/jaboy/ros2_humble/install/ros2service:/home/jaboy/ros2_humble/install/ros2run:/home/jaboy/ros2_humble/install/ros2launch:/home/jaboy/ros2_humble/install/ros2pkg:/home/jaboy/ros2_humble/install/ros2node:/home/jaboy/ros2_humble/install/ros2multicast:/home/jaboy/ros2_humble/install/ros2interface:/home/jaboy/ros2_humble/install/ros2doctor:/home/jaboy/ros2_humble/install/ros2action:/home/jaboy/ros2_humble/install/ros2cli:/home/jaboy/ros2_humble/install/quality_of_service_demo_py:/home/jaboy/ros2_humble/install/lifecycle_py:/home/jaboy/ros2_humble/install/launch_testing_ros:/home/jaboy/ros2_humble/install/launch_ros:/home/jaboy/ros2_humble/install/examples_rclpy_pointcloud_publisher:/home/jaboy/ros2_humble/install/examples_rclpy_minimal_subscriber:/home/jaboy/ros2_humble/install/examples_rclpy_minimal_service:/home/jaboy/ros2_humble/install/examples_rclpy_minimal_publisher:/home/jaboy/ros2_humble/install/examples_rclpy_minimal_client:/home/jaboy/ros2_humble/install/examples_rclpy_minimal_action_server:/home/jaboy/ros2_humble/install/examples_rclpy_minimal_action_client:/home/jaboy/ros2_humble/install/examples_rclpy_guard_conditions:/home/jaboy/ros2_humble/install/examples_rclpy_executors:/home/jaboy/ros2_humble/install/demo_nodes_py:/home/jaboy/ros2_humble/install/camera_info_manager_py:/home/jaboy/ros2_humble/install/action_tutorials_py:/home/jaboy/ros2_humble/install/ament_uncrustify:/home/jaboy/ros2_humble/install/tracetools_trace:/home/jaboy/ros2_humble/install/tracetools_read:/home/jaboy/ros2_humble/install/rclcpp_lifecycle:/home/jaboy/ros2_humble/install/examples_rclcpp_cbg_executor:/home/jaboy/ros2_humble/install/test_tracetools_launch:/home/jaboy/ros2_humble/install/test_launch_ros:/home/jaboy/ros2_humble/install/sensor_msgs_py:/home/jaboy/ros2_humble/install/rpyutils:/home/jaboy/ros2_humble/install/rosidl_runtime_py:/home/jaboy/ros2_humble/install/rosidl_cli:/home/jaboy/ros2_humble/install/launch_pytest:/home/jaboy/ros2_humble/install/launch_testing:/home/jaboy/ros2_humble/install/launch_yaml:/home/jaboy/ros2_humble/install/launch_xml:/home/jaboy/ros2_humble/install/launch:/home/jaboy/ros2_humble/install/osrf_pycommon:/home/jaboy/ros2_humble/install/domain_coordinator:/home/jaboy/ros2_humble/install/ament_xmllint:/home/jaboy/ros2_humble/install/ament_pyflakes:/home/jaboy/ros2_humble/install/ament_pycodestyle:/home/jaboy/ros2_humble/install/ament_pep257:/home/jaboy/ros2_humble/install/ament_pclint:/home/jaboy/ros2_humble/install/ament_package:/home/jaboy/ros2_humble/install/ament_mypy:/home/jaboy/ros2_humble/install/ament_lint_cmake:/home/jaboy/ros2_humble/install/ament_flake8:/home/jaboy/ros2_humble/install/ament_copyright:/home/jaboy/ros2_humble/install/ament_lint:/home/jaboy/ros2_humble/install/ament_index_python:/home/jaboy/ros2_humble/install/ament_cpplint:/home/jaboy/ros2_humble/install/ament_cppcheck:/home/jaboy/ros2_humble/install/ament_clang_tidy:/home/jaboy/ros2_humble/install/ament_clang_format:/home/jaboy/ros2_ws/install/launch_testing_examples:/home/jaboy/ros2_ws/install/examples_rclpy_pointcloud_publisher:/home/jaboy/ros2_ws/install/examples_rclpy_minimal_subscriber:/home/jaboy/ros2_ws/install/examples_rclpy_minimal_service:/home/jaboy/ros2_ws/install/examples_rclpy_minimal_publisher:/home/jaboy/ros2_ws/install/examples_rclpy_minimal_client:/home/jaboy/ros2_ws/install/examples_rclpy_minimal_action_server:/home/jaboy/ros2_ws/install/examples_rclpy_minimal_action_client:/home/jaboy/ros2_ws/install/examples_rclpy_guard_conditions:/home/jaboy/ros2_ws/install/examples_rclpy_executors:/opt/ros/humble /usr/bin/cmake --build /home/jaboy/Documents/RBE500_Project/RBE500_Project/build/inverse_kin -- -j16 -l16
[1.098s] Invoking command in '/home/jaboy/Documents/RBE500_Project/RBE500_Project/build/inverse_kin': CMAKE_PREFIX_PATH=${CMAKE_PREFIX_PATH}:/home/jaboy/Documents/RBE500_Project/RBE500_Project/install/inverse_kinematics:/home/jaboy/Documents/RBE500_Project/RBE500_Project/install/forward_kinematics:/home/jaboy/Documents/RBE500_Project/RBE500_Project/install/control:/home/jaboy/ros2_humble/install/rqt_bag_plugins:/home/jaboy/ros2_humble/install/rqt_bag:/home/jaboy/ros2_humble/install/launch_testing_examples:/home/jaboy/ros2_humble/install/ros2bag:/home/jaboy/ros2_humble/install/tracetools_test:/home/jaboy/ros2_humble/install/tracetools_launch:/home/jaboy/ros2_humble/install/topic_monitor:/home/jaboy/ros2_humble/install/tf2_tools:/home/jaboy/ros2_humble/install/examples_tf2_py:/home/jaboy/ros2_humble/install/tf2_ros_py:/home/jaboy/ros2_humble/install/sros2:/home/jaboy/ros2_humble/install/rqt_topic:/home/jaboy/ros2_humble/install/rqt_srv:/home/jaboy/ros2_humble/install/rqt_shell:/home/jaboy/ros2_humble/install/rqt_service_caller:/home/jaboy/ros2_humble/install/rqt_reconfigure:/home/jaboy/ros2_humble/install/rqt_py_console:/home/jaboy/ros2_humble/install/rqt_publisher:/home/jaboy/ros2_humble/install/rqt_plot:/home/jaboy/ros2_humble/install/rqt_action:/home/jaboy/ros2_humble/install/rqt_msg:/home/jaboy/ros2_humble/install/rqt_console:/home/jaboy/ros2_humble/install/rqt:/home/jaboy/ros2_humble/install/rqt_graph:/home/jaboy/ros2_humble/install/rqt_gui_py:/home/jaboy/ros2_humble/install/rqt_gui:/home/jaboy/ros2_humble/install/ros2trace:/home/jaboy/ros2_humble/install/ros2topic:/home/jaboy/ros2_humble/install/ros2test:/home/jaboy/ros2_humble/install/ros2component:/home/jaboy/ros2_humble/install/ros2param:/home/jaboy/ros2_humble/install/ros2lifecycle:/home/jaboy/ros2_humble/install/ros2service:/home/jaboy/ros2_humble/install/ros2run:/home/jaboy/ros2_humble/install/ros2launch:/home/jaboy/ros2_humble/install/ros2pkg:/home/jaboy/ros2_humble/install/ros2node:/home/jaboy/ros2_humble/install/ros2multicast:/home/jaboy/ros2_humble/install/ros2interface:/home/jaboy/ros2_humble/install/ros2doctor:/home/jaboy/ros2_humble/install/ros2action:/home/jaboy/ros2_humble/install/ros2cli:/home/jaboy/ros2_humble/install/quality_of_service_demo_py:/home/jaboy/ros2_humble/install/lifecycle_py:/home/jaboy/ros2_humble/install/launch_testing_ros:/home/jaboy/ros2_humble/install/launch_ros:/home/jaboy/ros2_humble/install/examples_rclpy_pointcloud_publisher:/home/jaboy/ros2_humble/install/examples_rclpy_minimal_subscriber:/home/jaboy/ros2_humble/install/examples_rclpy_minimal_service:/home/jaboy/ros2_humble/install/examples_rclpy_minimal_publisher:/home/jaboy/ros2_humble/install/examples_rclpy_minimal_client:/home/jaboy/ros2_humble/install/examples_rclpy_minimal_action_server:/home/jaboy/ros2_humble/install/examples_rclpy_minimal_action_client:/home/jaboy/ros2_humble/install/examples_rclpy_guard_conditions:/home/jaboy/ros2_humble/install/examples_rclpy_executors:/home/jaboy/ros2_humble/install/demo_nodes_py:/home/jaboy/ros2_humble/install/camera_info_manager_py:/home/jaboy/ros2_humble/install/action_tutorials_py:/home/jaboy/ros2_humble/install/ament_uncrustify:/home/jaboy/ros2_humble/install/tracetools_trace:/home/jaboy/ros2_humble/install/tracetools_read:/home/jaboy/ros2_humble/install/rclcpp_lifecycle:/home/jaboy/ros2_humble/install/examples_rclcpp_cbg_executor:/home/jaboy/ros2_humble/install/test_tracetools_launch:/home/jaboy/ros2_humble/install/test_launch_ros:/home/jaboy/ros2_humble/install/sensor_msgs_py:/home/jaboy/ros2_humble/install/rpyutils:/home/jaboy/ros2_humble/install/rosidl_runtime_py:/home/jaboy/ros2_humble/install/rosidl_cli:/home/jaboy/ros2_humble/install/launch_pytest:/home/jaboy/ros2_humble/install/launch_testing:/home/jaboy/ros2_humble/install/launch_yaml:/home/jaboy/ros2_humble/install/launch_xml:/home/jaboy/ros2_humble/install/launch:/home/jaboy/ros2_humble/install/osrf_pycommon:/home/jaboy/ros2_humble/install/domain_coordinator:/home/jaboy/ros2_humble/install/ament_xmllint:/home/jaboy/ros2_humble/install/ament_pyflakes:/home/jaboy/ros2_humble/install/ament_pycodestyle:/home/jaboy/ros2_humble/install/ament_pep257:/home/jaboy/ros2_humble/install/ament_pclint:/home/jaboy/ros2_humble/install/ament_package:/home/jaboy/ros2_humble/install/ament_mypy:/home/jaboy/ros2_humble/install/ament_lint_cmake:/home/jaboy/ros2_humble/install/ament_flake8:/home/jaboy/ros2_humble/install/ament_copyright:/home/jaboy/ros2_humble/install/ament_lint:/home/jaboy/ros2_humble/install/ament_index_python:/home/jaboy/ros2_humble/install/ament_cpplint:/home/jaboy/ros2_humble/install/ament_cppcheck:/home/jaboy/ros2_humble/install/ament_clang_tidy:/home/jaboy/ros2_humble/install/ament_clang_format:/home/jaboy/ros2_ws/install/launch_testing_examples:/home/jaboy/ros2_ws/install/examples_rclpy_pointcloud_publisher:/home/jaboy/ros2_ws/install/examples_rclpy_minimal_subscriber:/home/jaboy/ros2_ws/install/examples_rclpy_minimal_service:/home/jaboy/ros2_ws/install/examples_rclpy_minimal_publisher:/home/jaboy/ros2_ws/install/examples_rclpy_minimal_client:/home/jaboy/ros2_ws/install/examples_rclpy_minimal_action_server:/home/jaboy/ros2_ws/install/examples_rclpy_minimal_action_client:/home/jaboy/ros2_ws/install/examples_rclpy_guard_conditions:/home/jaboy/ros2_ws/install/examples_rclpy_executors:/opt/ros/humble /usr/bin/cmake --install /home/jaboy/Documents/RBE500_Project/RBE500_Project/build/inverse_kin
[1.121s] -- Install configuration: ""
[1.121s] -- Up-to-date: /home/jaboy/Documents/RBE500_Project/RBE500_Project/install/inverse_kin/share/ament_index/resource_index/rosidl_interfaces/inverse_kin
[1.121s] -- Up-to-date: /home/jaboy/Documents/RBE500_Project/RBE500_Project/install/inverse_kin/include/inverse_kin/inverse_kin
[1.122s] -- Up-to-date: /home/jaboy/Documents/RBE500_Project/RBE500_Project/install/inverse_kin/include/inverse_kin/inverse_kin/msg
[1.122s] -- Up-to-date: /home/jaboy/Documents/RBE500_Project/RBE500_Project/install/inverse_kin/include/inverse_kin/inverse_kin/msg/sphere.h
[1.122s] -- Up-to-date: /home/jaboy/Documents/RBE500_Project/RBE500_Project/install/inverse_kin/include/inverse_kin/inverse_kin/msg/inv_kin.h
[1.122s] -- Up-to-date: /home/jaboy/Documents/RBE500_Project/RBE500_Project/install/inverse_kin/include/inverse_kin/inverse_kin/msg/detail
[1.122s] -- Up-to-date: /home/jaboy/Documents/RBE500_Project/RBE500_Project/install/inverse_kin/include/inverse_kin/inverse_kin/msg/detail/sphere__struct.h
[1.122s] -- Up-to-date: /home/jaboy/Documents/RBE500_Project/RBE500_Project/install/inverse_kin/include/inverse_kin/inverse_kin/msg/detail/num__struct.h
[1.122s] -- Up-to-date: /home/jaboy/Documents/RBE500_Project/RBE500_Project/install/inverse_kin/include/inverse_kin/inverse_kin/msg/detail/inv_kin__type_support.h
[1.123s] -- Up-to-date: /home/jaboy/Documents/RBE500_Project/RBE500_Project/install/inverse_kin/include/inverse_kin/inverse_kin/msg/detail/inv_kin__functions.c
[1.123s] -- Up-to-date: /home/jaboy/Documents/RBE500_Project/RBE500_Project/install/inverse_kin/include/inverse_kin/inverse_kin/msg/detail/inv_kin__struct.h
[1.123s] -- Up-to-date: /home/jaboy/Documents/RBE500_Project/RBE500_Project/install/inverse_kin/include/inverse_kin/inverse_kin/msg/detail/num__functions.h
[1.123s] -- Up-to-date: /home/jaboy/Documents/RBE500_Project/RBE500_Project/install/inverse_kin/include/inverse_kin/inverse_kin/msg/detail/num__type_support.h
[1.124s] -- Up-to-date: /home/jaboy/Documents/RBE500_Project/RBE500_Project/install/inverse_kin/include/inverse_kin/inverse_kin/msg/detail/sphere__functions.c
[1.124s] -- Up-to-date: /home/jaboy/Documents/RBE500_Project/RBE500_Project/install/inverse_kin/include/inverse_kin/inverse_kin/msg/detail/sphere__functions.h
[1.124s] -- Up-to-date: /home/jaboy/Documents/RBE500_Project/RBE500_Project/install/inverse_kin/include/inverse_kin/inverse_kin/msg/detail/sphere__type_support.h
[1.126s] -- Up-to-date: /home/jaboy/Documents/RBE500_Project/RBE500_Project/install/inverse_kin/include/inverse_kin/inverse_kin/msg/detail/inv_kin__functions.h
[1.126s] -- Up-to-date: /home/jaboy/Documents/RBE500_Project/RBE500_Project/install/inverse_kin/include/inverse_kin/inverse_kin/msg/detail/num__functions.c
[1.126s] -- Up-to-date: /home/jaboy/Documents/RBE500_Project/RBE500_Project/install/inverse_kin/include/inverse_kin/inverse_kin/msg/rosidl_generator_c__visibility_control.h
[1.126s] -- Up-to-date: /home/jaboy/Documents/RBE500_Project/RBE500_Project/install/inverse_kin/include/inverse_kin/inverse_kin/msg/num.h
[1.126s] -- Up-to-date: /home/jaboy/Documents/RBE500_Project/RBE500_Project/install/inverse_kin/include/inverse_kin/inverse_kin/srv
[1.126s] -- Up-to-date: /home/jaboy/Documents/RBE500_Project/RBE500_Project/install/inverse_kin/include/inverse_kin/inverse_kin/srv/add_three_ints.h
[1.127s] -- Up-to-date: /home/jaboy/Documents/RBE500_Project/RBE500_Project/install/inverse_kin/include/inverse_kin/inverse_kin/srv/inv_kin.h
[1.127s] -- Up-to-date: /home/jaboy/Documents/RBE500_Project/RBE500_Project/install/inverse_kin/include/inverse_kin/inverse_kin/srv/detail
[1.127s] -- Up-to-date: /home/jaboy/Documents/RBE500_Project/RBE500_Project/install/inverse_kin/include/inverse_kin/inverse_kin/srv/detail/add_three_ints__functions.c
[1.127s] -- Up-to-date: /home/jaboy/Documents/RBE500_Project/RBE500_Project/install/inverse_kin/include/inverse_kin/inverse_kin/srv/detail/add_three_ints__type_support.h
[1.127s] -- Up-to-date: /home/jaboy/Documents/RBE500_Project/RBE500_Project/install/inverse_kin/include/inverse_kin/inverse_kin/srv/detail/inv_kin__type_support.h
[1.127s] -- Up-to-date: /home/jaboy/Documents/RBE500_Project/RBE500_Project/install/inverse_kin/include/inverse_kin/inverse_kin/srv/detail/inv_kin__functions.c
[1.127s] -- Up-to-date: /home/jaboy/Documents/RBE500_Project/RBE500_Project/install/inverse_kin/include/inverse_kin/inverse_kin/srv/detail/add_three_ints__functions.h
[1.127s] -- Up-to-date: /home/jaboy/Documents/RBE500_Project/RBE500_Project/install/inverse_kin/include/inverse_kin/inverse_kin/srv/detail/inv_kin__struct.h
[1.127s] -- Up-to-date: /home/jaboy/Documents/RBE500_Project/RBE500_Project/install/inverse_kin/include/inverse_kin/inverse_kin/srv/detail/add_three_ints__struct.h
[1.127s] -- Up-to-date: /home/jaboy/Documents/RBE500_Project/RBE500_Project/install/inverse_kin/include/inverse_kin/inverse_kin/srv/detail/inv_kin__functions.h
[1.130s] -- Up-to-date: /home/jaboy/Documents/RBE500_Project/RBE500_Project/install/inverse_kin/share/inverse_kin/environment/library_path.sh
[1.130s] -- Up-to-date: /home/jaboy/Documents/RBE500_Project/RBE500_Project/install/inverse_kin/share/inverse_kin/environment/library_path.dsv
[1.131s] -- Up-to-date: /home/jaboy/Documents/RBE500_Project/RBE500_Project/install/inverse_kin/lib/libinverse_kin__rosidl_generator_c.so
[1.131s] -- Up-to-date: /home/jaboy/Documents/RBE500_Project/RBE500_Project/install/inverse_kin/include/inverse_kin/inverse_kin
[1.131s] -- Up-to-date: /home/jaboy/Documents/RBE500_Project/RBE500_Project/install/inverse_kin/include/inverse_kin/inverse_kin/msg
[1.131s] -- Up-to-date: /home/jaboy/Documents/RBE500_Project/RBE500_Project/install/inverse_kin/include/inverse_kin/inverse_kin/msg/detail
[1.131s] -- Up-to-date: /home/jaboy/Documents/RBE500_Project/RBE500_Project/install/inverse_kin/include/inverse_kin/inverse_kin/msg/detail/num__rosidl_typesupport_fastrtps_c.h
[1.131s] -- Up-to-date: /home/jaboy/Documents/RBE500_Project/RBE500_Project/install/inverse_kin/include/inverse_kin/inverse_kin/msg/detail/inv_kin__rosidl_typesupport_fastrtps_c.h
[1.131s] -- Up-to-date: /home/jaboy/Documents/RBE500_Project/RBE500_Project/install/inverse_kin/include/inverse_kin/inverse_kin/msg/detail/sphere__rosidl_typesupport_fastrtps_c.h
[1.131s] -- Up-to-date: /home/jaboy/Documents/RBE500_Project/RBE500_Project/install/inverse_kin/include/inverse_kin/inverse_kin/msg/rosidl_typesupport_fastrtps_c__visibility_control.h
[1.132s] -- Up-to-date: /home/jaboy/Documents/RBE500_Project/RBE500_Project/install/inverse_kin/include/inverse_kin/inverse_kin/srv
[1.132s] -- Up-to-date: /home/jaboy/Documents/RBE500_Project/RBE500_Project/install/inverse_kin/include/inverse_kin/inverse_kin/srv/detail
[1.132s] -- Up-to-date: /home/jaboy/Documents/RBE500_Project/RBE500_Project/install/inverse_kin/include/inverse_kin/inverse_kin/srv/detail/add_three_ints__rosidl_typesupport_fastrtps_c.h
[1.132s] -- Up-to-date: /home/jaboy/Documents/RBE500_Project/RBE500_Project/install/inverse_kin/include/inverse_kin/inverse_kin/srv/detail/inv_kin__rosidl_typesupport_fastrtps_c.h
[1.132s] -- Up-to-date: /home/jaboy/Documents/RBE500_Project/RBE500_Project/install/inverse_kin/lib/libinverse_kin__rosidl_typesupport_fastrtps_c.so
[1.132s] -- Up-to-date: /home/jaboy/Documents/RBE500_Project/RBE500_Project/install/inverse_kin/include/inverse_kin/inverse_kin
[1.132s] -- Up-to-date: /home/jaboy/Documents/RBE500_Project/RBE500_Project/install/inverse_kin/include/inverse_kin/inverse_kin/msg
[1.132s] -- Up-to-date: /home/jaboy/Documents/RBE500_Project/RBE500_Project/install/inverse_kin/include/inverse_kin/inverse_kin/msg/num.hpp
[1.132s] -- Up-to-date: /home/jaboy/Documents/RBE500_Project/RBE500_Project/install/inverse_kin/include/inverse_kin/inverse_kin/msg/sphere.hpp
[1.132s] -- Up-to-date: /home/jaboy/Documents/RBE500_Project/RBE500_Project/install/inverse_kin/include/inverse_kin/inverse_kin/msg/inv_kin.hpp
[1.133s] -- Up-to-date: /home/jaboy/Documents/RBE500_Project/RBE500_Project/install/inverse_kin/include/inverse_kin/inverse_kin/msg/rosidl_generator_cpp__visibility_control.hpp
[1.133s] -- Up-to-date: /home/jaboy/Documents/RBE500_Project/RBE500_Project/install/inverse_kin/include/inverse_kin/inverse_kin/msg/detail
[1.133s] -- Up-to-date: /home/jaboy/Documents/RBE500_Project/RBE500_Project/install/inverse_kin/include/inverse_kin/inverse_kin/msg/detail/sphere__type_support.hpp
[1.133s] -- Up-to-date: /home/jaboy/Documents/RBE500_Project/RBE500_Project/install/inverse_kin/include/inverse_kin/inverse_kin/msg/detail/num__builder.hpp
[1.134s] -- Up-to-date: /home/jaboy/Documents/RBE500_Project/RBE500_Project/install/inverse_kin/include/inverse_kin/inverse_kin/msg/detail/num__struct.hpp
[1.134s] -- Up-to-date: /home/jaboy/Documents/RBE500_Project/RBE500_Project/install/inverse_kin/include/inverse_kin/inverse_kin/msg/detail/inv_kin__struct.hpp
[1.134s] -- Up-to-date: /home/jaboy/Documents/RBE500_Project/RBE500_Project/install/inverse_kin/include/inverse_kin/inverse_kin/msg/detail/sphere__traits.hpp
[1.134s] -- Up-to-date: /home/jaboy/Documents/RBE500_Project/RBE500_Project/install/inverse_kin/include/inverse_kin/inverse_kin/msg/detail/inv_kin__builder.hpp
[1.134s] -- Up-to-date: /home/jaboy/Documents/RBE500_Project/RBE500_Project/install/inverse_kin/include/inverse_kin/inverse_kin/msg/detail/inv_kin__type_support.hpp
[1.134s] -- Up-to-date: /home/jaboy/Documents/RBE500_Project/RBE500_Project/install/inverse_kin/include/inverse_kin/inverse_kin/msg/detail/num__type_support.hpp
[1.134s] -- Up-to-date: /home/jaboy/Documents/RBE500_Project/RBE500_Project/install/inverse_kin/include/inverse_kin/inverse_kin/msg/detail/num__traits.hpp
[1.134s] -- Up-to-date: /home/jaboy/Documents/RBE500_Project/RBE500_Project/install/inverse_kin/include/inverse_kin/inverse_kin/msg/detail/inv_kin__traits.hpp
[1.134s] -- Up-to-date: /home/jaboy/Documents/RBE500_Project/RBE500_Project/install/inverse_kin/include/inverse_kin/inverse_kin/msg/detail/sphere__struct.hpp
[1.135s] -- Up-to-date: /home/jaboy/Documents/RBE500_Project/RBE500_Project/install/inverse_kin/include/inverse_kin/inverse_kin/msg/detail/sphere__builder.hpp
[1.135s] -- Up-to-date: /home/jaboy/Documents/RBE500_Project/RBE500_Project/install/inverse_kin/include/inverse_kin/inverse_kin/srv
[1.135s] -- Up-to-date: /home/jaboy/Documents/RBE500_Project/RBE500_Project/install/inverse_kin/include/inverse_kin/inverse_kin/srv/inv_kin.hpp
[1.135s] -- Up-to-date: /home/jaboy/Documents/RBE500_Project/RBE500_Project/install/inverse_kin/include/inverse_kin/inverse_kin/srv/add_three_ints.hpp
[1.135s] -- Up-to-date: /home/jaboy/Documents/RBE500_Project/RBE500_Project/install/inverse_kin/include/inverse_kin/inverse_kin/srv/detail
[1.135s] -- Up-to-date: /home/jaboy/Documents/RBE500_Project/RBE500_Project/install/inverse_kin/include/inverse_kin/inverse_kin/srv/detail/add_three_ints__traits.hpp
[1.135s] -- Up-to-date: /home/jaboy/Documents/RBE500_Project/RBE500_Project/install/inverse_kin/include/inverse_kin/inverse_kin/srv/detail/inv_kin__struct.hpp
[1.135s] -- Up-to-date: /home/jaboy/Documents/RBE500_Project/RBE500_Project/install/inverse_kin/include/inverse_kin/inverse_kin/srv/detail/add_three_ints__struct.hpp
[1.135s] -- Up-to-date: /home/jaboy/Documents/RBE500_Project/RBE500_Project/install/inverse_kin/include/inverse_kin/inverse_kin/srv/detail/inv_kin__builder.hpp
[1.136s] -- Up-to-date: /home/jaboy/Documents/RBE500_Project/RBE500_Project/install/inverse_kin/include/inverse_kin/inverse_kin/srv/detail/inv_kin__type_support.hpp
[1.136s] -- Up-to-date: /home/jaboy/Documents/RBE500_Project/RBE500_Project/install/inverse_kin/include/inverse_kin/inverse_kin/srv/detail/add_three_ints__type_support.hpp
[1.136s] -- Up-to-date: /home/jaboy/Documents/RBE500_Project/RBE500_Project/install/inverse_kin/include/inverse_kin/inverse_kin/srv/detail/inv_kin__traits.hpp
[1.136s] -- Up-to-date: /home/jaboy/Documents/RBE500_Project/RBE500_Project/install/inverse_kin/include/inverse_kin/inverse_kin/srv/detail/add_three_ints__builder.hpp
[1.136s] -- Up-to-date: /home/jaboy/Documents/RBE500_Project/RBE500_Project/install/inverse_kin/include/inverse_kin/inverse_kin
[1.136s] -- Up-to-date: /home/jaboy/Documents/RBE500_Project/RBE500_Project/install/inverse_kin/include/inverse_kin/inverse_kin/msg
[1.136s] -- Up-to-date: /home/jaboy/Documents/RBE500_Project/RBE500_Project/install/inverse_kin/include/inverse_kin/inverse_kin/msg/detail
[1.136s] -- Up-to-date: /home/jaboy/Documents/RBE500_Project/RBE500_Project/install/inverse_kin/include/inverse_kin/inverse_kin/msg/detail/inv_kin__rosidl_typesupport_fastrtps_cpp.hpp
[1.136s] -- Up-to-date: /home/jaboy/Documents/RBE500_Project/RBE500_Project/install/inverse_kin/include/inverse_kin/inverse_kin/msg/detail/sphere__rosidl_typesupport_fastrtps_cpp.hpp
[1.136s] -- Up-to-date: /home/jaboy/Documents/RBE500_Project/RBE500_Project/install/inverse_kin/include/inverse_kin/inverse_kin/msg/detail/num__rosidl_typesupport_fastrtps_cpp.hpp
[1.137s] -- Up-to-date: /home/jaboy/Documents/RBE500_Project/RBE500_Project/install/inverse_kin/include/inverse_kin/inverse_kin/msg/detail/dds_fastrtps
[1.137s] -- Up-to-date: /home/jaboy/Documents/RBE500_Project/RBE500_Project/install/inverse_kin/include/inverse_kin/inverse_kin/msg/rosidl_typesupport_fastrtps_cpp__visibility_control.h
[1.137s] -- Up-to-date: /home/jaboy/Documents/RBE500_Project/RBE500_Project/install/inverse_kin/include/inverse_kin/inverse_kin/srv
[1.137s] -- Up-to-date: /home/jaboy/Documents/RBE500_Project/RBE500_Project/install/inverse_kin/include/inverse_kin/inverse_kin/srv/detail
[1.137s] -- Up-to-date: /home/jaboy/Documents/RBE500_Project/RBE500_Project/install/inverse_kin/include/inverse_kin/inverse_kin/srv/detail/inv_kin__rosidl_typesupport_fastrtps_cpp.hpp
[1.137s] -- Up-to-date: /home/jaboy/Documents/RBE500_Project/RBE500_Project/install/inverse_kin/include/inverse_kin/inverse_kin/srv/detail/add_three_ints__rosidl_typesupport_fastrtps_cpp.hpp
[1.137s] -- Up-to-date: /home/jaboy/Documents/RBE500_Project/RBE500_Project/install/inverse_kin/include/inverse_kin/inverse_kin/srv/detail/dds_fastrtps
[1.137s] -- Up-to-date: /home/jaboy/Documents/RBE500_Project/RBE500_Project/install/inverse_kin/lib/libinverse_kin__rosidl_typesupport_fastrtps_cpp.so
[1.138s] -- Up-to-date: /home/jaboy/Documents/RBE500_Project/RBE500_Project/install/inverse_kin/include/inverse_kin/inverse_kin
[1.138s] -- Up-to-date: /home/jaboy/Documents/RBE500_Project/RBE500_Project/install/inverse_kin/include/inverse_kin/inverse_kin/msg
[1.138s] -- Up-to-date: /home/jaboy/Documents/RBE500_Project/RBE500_Project/install/inverse_kin/include/inverse_kin/inverse_kin/msg/rosidl_typesupport_introspection_c__visibility_control.h
[1.140s] -- Up-to-date: /home/jaboy/Documents/RBE500_Project/RBE500_Project/install/inverse_kin/include/inverse_kin/inverse_kin/msg/detail
[1.141s] -- Up-to-date: /home/jaboy/Documents/RBE500_Project/RBE500_Project/install/inverse_kin/include/inverse_kin/inverse_kin/msg/detail/sphere__rosidl_typesupport_introspection_c.h
[1.141s] -- Up-to-date: /home/jaboy/Documents/RBE500_Project/RBE500_Project/install/inverse_kin/include/inverse_kin/inverse_kin/msg/detail/num__rosidl_typesupport_introspection_c.h
[1.141s] -- Up-to-date: /home/jaboy/Documents/RBE500_Project/RBE500_Project/install/inverse_kin/include/inverse_kin/inverse_kin/msg/detail/inv_kin__type_support.c
[1.142s] -- Up-to-date: /home/jaboy/Documents/RBE500_Project/RBE500_Project/install/inverse_kin/include/inverse_kin/inverse_kin/msg/detail/inv_kin__rosidl_typesupport_introspection_c.h
[1.142s] -- Up-to-date: /home/jaboy/Documents/RBE500_Project/RBE500_Project/install/inverse_kin/include/inverse_kin/inverse_kin/msg/detail/sphere__type_support.c
[1.142s] -- Up-to-date: /home/jaboy/Documents/RBE500_Project/RBE500_Project/install/inverse_kin/include/inverse_kin/inverse_kin/msg/detail/num__type_support.c
[1.142s] -- Up-to-date: /home/jaboy/Documents/RBE500_Project/RBE500_Project/install/inverse_kin/include/inverse_kin/inverse_kin/srv
[1.142s] -- Up-to-date: /home/jaboy/Documents/RBE500_Project/RBE500_Project/install/inverse_kin/include/inverse_kin/inverse_kin/srv/detail
[1.142s] -- Up-to-date: /home/jaboy/Documents/RBE500_Project/RBE500_Project/install/inverse_kin/include/inverse_kin/inverse_kin/srv/detail/inv_kin__type_support.c
[1.142s] -- Up-to-date: /home/jaboy/Documents/RBE500_Project/RBE500_Project/install/inverse_kin/include/inverse_kin/inverse_kin/srv/detail/inv_kin__rosidl_typesupport_introspection_c.h
[1.142s] -- Up-to-date: /home/jaboy/Documents/RBE500_Project/RBE500_Project/install/inverse_kin/include/inverse_kin/inverse_kin/srv/detail/add_three_ints__type_support.c
[1.142s] -- Up-to-date: /home/jaboy/Documents/RBE500_Project/RBE500_Project/install/inverse_kin/include/inverse_kin/inverse_kin/srv/detail/add_three_ints__rosidl_typesupport_introspection_c.h
[1.142s] -- Up-to-date: /home/jaboy/Documents/RBE500_Project/RBE500_Project/install/inverse_kin/lib/libinverse_kin__rosidl_typesupport_introspection_c.so
[1.143s] -- Up-to-date: /home/jaboy/Documents/RBE500_Project/RBE500_Project/install/inverse_kin/lib/libinverse_kin__rosidl_typesupport_c.so
[1.143s] -- Up-to-date: /home/jaboy/Documents/RBE500_Project/RBE500_Project/install/inverse_kin/include/inverse_kin/inverse_kin
[1.143s] -- Up-to-date: /home/jaboy/Documents/RBE500_Project/RBE500_Project/install/inverse_kin/include/inverse_kin/inverse_kin/msg
[1.143s] -- Up-to-date: /home/jaboy/Documents/RBE500_Project/RBE500_Project/install/inverse_kin/include/inverse_kin/inverse_kin/msg/detail
[1.143s] -- Up-to-date: /home/jaboy/Documents/RBE500_Project/RBE500_Project/install/inverse_kin/include/inverse_kin/inverse_kin/msg/detail/num__rosidl_typesupport_introspection_cpp.hpp
[1.143s] -- Up-to-date: /home/jaboy/Documents/RBE500_Project/RBE500_Project/install/inverse_kin/include/inverse_kin/inverse_kin/msg/detail/inv_kin__type_support.cpp
[1.143s] -- Up-to-date: /home/jaboy/Documents/RBE500_Project/RBE500_Project/install/inverse_kin/include/inverse_kin/inverse_kin/msg/detail/sphere__type_support.cpp
[1.143s] -- Up-to-date: /home/jaboy/Documents/RBE500_Project/RBE500_Project/install/inverse_kin/include/inverse_kin/inverse_kin/msg/detail/sphere__rosidl_typesupport_introspection_cpp.hpp
[1.143s] -- Up-to-date: /home/jaboy/Documents/RBE500_Project/RBE500_Project/install/inverse_kin/include/inverse_kin/inverse_kin/msg/detail/num__type_support.cpp
[1.143s] -- Up-to-date: /home/jaboy/Documents/RBE500_Project/RBE500_Project/install/inverse_kin/include/inverse_kin/inverse_kin/msg/detail/inv_kin__rosidl_typesupport_introspection_cpp.hpp
[1.143s] -- Up-to-date: /home/jaboy/Documents/RBE500_Project/RBE500_Project/install/inverse_kin/include/inverse_kin/inverse_kin/srv
[1.144s] -- Up-to-date: /home/jaboy/Documents/RBE500_Project/RBE500_Project/install/inverse_kin/include/inverse_kin/inverse_kin/srv/detail
[1.144s] -- Up-to-date: /home/jaboy/Documents/RBE500_Project/RBE500_Project/install/inverse_kin/include/inverse_kin/inverse_kin/srv/detail/add_three_ints__rosidl_typesupport_introspection_cpp.hpp
[1.144s] -- Up-to-date: /home/jaboy/Documents/RBE500_Project/RBE500_Project/install/inverse_kin/include/inverse_kin/inverse_kin/srv/detail/inv_kin__type_support.cpp
[1.144s] -- Up-to-date: /home/jaboy/Documents/RBE500_Project/RBE500_Project/install/inverse_kin/include/inverse_kin/inverse_kin/srv/detail/add_three_ints__type_support.cpp
[1.144s] -- Up-to-date: /home/jaboy/Documents/RBE500_Project/RBE500_Project/install/inverse_kin/include/inverse_kin/inverse_kin/srv/detail/inv_kin__rosidl_typesupport_introspection_cpp.hpp
[1.144s] -- Up-to-date: /home/jaboy/Documents/RBE500_Project/RBE500_Project/install/inverse_kin/lib/libinverse_kin__rosidl_typesupport_introspection_cpp.so
[1.144s] -- Up-to-date: /home/jaboy/Documents/RBE500_Project/RBE500_Project/install/inverse_kin/lib/libinverse_kin__rosidl_typesupport_cpp.so
[1.144s] -- Up-to-date: /home/jaboy/Documents/RBE500_Project/RBE500_Project/install/inverse_kin/share/inverse_kin/environment/pythonpath.sh
[1.145s] -- Up-to-date: /home/jaboy/Documents/RBE500_Project/RBE500_Project/install/inverse_kin/share/inverse_kin/environment/pythonpath.dsv
[1.145s] -- Up-to-date: /home/jaboy/Documents/RBE500_Project/RBE500_Project/install/inverse_kin/local/lib/python3.10/dist-packages/inverse_kin-0.0.0-py3.10.egg-info
[1.145s] -- Installing: /home/jaboy/Documents/RBE500_Project/RBE500_Project/install/inverse_kin/local/lib/python3.10/dist-packages/inverse_kin-0.0.0-py3.10.egg-info/top_level.txt
[1.146s] -- Installing: /home/jaboy/Documents/RBE500_Project/RBE500_Project/install/inverse_kin/local/lib/python3.10/dist-packages/inverse_kin-0.0.0-py3.10.egg-info/SOURCES.txt
[1.146s] -- Installing: /home/jaboy/Documents/RBE500_Project/RBE500_Project/install/inverse_kin/local/lib/python3.10/dist-packages/inverse_kin-0.0.0-py3.10.egg-info/PKG-INFO
[1.146s] -- Installing: /home/jaboy/Documents/RBE500_Project/RBE500_Project/install/inverse_kin/local/lib/python3.10/dist-packages/inverse_kin-0.0.0-py3.10.egg-info/dependency_links.txt
[1.146s] -- Up-to-date: /home/jaboy/Documents/RBE500_Project/RBE500_Project/install/inverse_kin/local/lib/python3.10/dist-packages/inverse_kin
[1.146s] -- Up-to-date: /home/jaboy/Documents/RBE500_Project/RBE500_Project/install/inverse_kin/local/lib/python3.10/dist-packages/inverse_kin/msg
[1.147s] -- Up-to-date: /home/jaboy/Documents/RBE500_Project/RBE500_Project/install/inverse_kin/local/lib/python3.10/dist-packages/inverse_kin/msg/_sphere.py
[1.147s] -- Up-to-date: /home/jaboy/Documents/RBE500_Project/RBE500_Project/install/inverse_kin/local/lib/python3.10/dist-packages/inverse_kin/msg/_inv_kin_s.c
[1.147s] -- Up-to-date: /home/jaboy/Documents/RBE500_Project/RBE500_Project/install/inverse_kin/local/lib/python3.10/dist-packages/inverse_kin/msg/_sphere_s.c
[1.147s] -- Up-to-date: /home/jaboy/Documents/RBE500_Project/RBE500_Project/install/inverse_kin/local/lib/python3.10/dist-packages/inverse_kin/msg/__init__.py
[1.147s] -- Up-to-date: /home/jaboy/Documents/RBE500_Project/RBE500_Project/install/inverse_kin/local/lib/python3.10/dist-packages/inverse_kin/msg/_num_s.c
[1.147s] -- Up-to-date: /home/jaboy/Documents/RBE500_Project/RBE500_Project/install/inverse_kin/local/lib/python3.10/dist-packages/inverse_kin/msg/_num.py
[1.147s] -- Up-to-date: /home/jaboy/Documents/RBE500_Project/RBE500_Project/install/inverse_kin/local/lib/python3.10/dist-packages/inverse_kin/msg/_inv_kin.py
[1.147s] -- Up-to-date: /home/jaboy/Documents/RBE500_Project/RBE500_Project/install/inverse_kin/local/lib/python3.10/dist-packages/inverse_kin/_inverse_kin_s.ep.rosidl_typesupport_introspection_c.c
[1.148s] -- Up-to-date: /home/jaboy/Documents/RBE500_Project/RBE500_Project/install/inverse_kin/local/lib/python3.10/dist-packages/inverse_kin/srv
[1.148s] -- Up-to-date: /home/jaboy/Documents/RBE500_Project/RBE500_Project/install/inverse_kin/local/lib/python3.10/dist-packages/inverse_kin/srv/_inv_kin_s.c
[1.148s] -- Up-to-date: /home/jaboy/Documents/RBE500_Project/RBE500_Project/install/inverse_kin/local/lib/python3.10/dist-packages/inverse_kin/srv/__init__.py
[1.148s] -- Up-to-date: /home/jaboy/Documents/RBE500_Project/RBE500_Project/install/inverse_kin/local/lib/python3.10/dist-packages/inverse_kin/srv/_add_three_ints_s.c
[1.148s] -- Up-to-date: /home/jaboy/Documents/RBE500_Project/RBE500_Project/install/inverse_kin/local/lib/python3.10/dist-packages/inverse_kin/srv/_add_three_ints.py
[1.148s] -- Up-to-date: /home/jaboy/Documents/RBE500_Project/RBE500_Project/install/inverse_kin/local/lib/python3.10/dist-packages/inverse_kin/srv/_inv_kin.py
[1.148s] -- Up-to-date: /home/jaboy/Documents/RBE500_Project/RBE500_Project/install/inverse_kin/local/lib/python3.10/dist-packages/inverse_kin/__init__.py
[1.148s] -- Up-to-date: /home/jaboy/Documents/RBE500_Project/RBE500_Project/install/inverse_kin/local/lib/python3.10/dist-packages/inverse_kin/_inverse_kin_s.ep.rosidl_typesupport_c.c
[1.148s] -- Up-to-date: /home/jaboy/Documents/RBE500_Project/RBE500_Project/install/inverse_kin/local/lib/python3.10/dist-packages/inverse_kin/inverse_kin_s__rosidl_typesupport_c.cpython-310-x86_64-linux-gnu.so
[1.149s] -- Up-to-date: /home/jaboy/Documents/RBE500_Project/RBE500_Project/install/inverse_kin/local/lib/python3.10/dist-packages/inverse_kin/inverse_kin_s__rosidl_typesupport_introspection_c.cpython-310-x86_64-linux-gnu.so
[1.149s] -- Up-to-date: /home/jaboy/Documents/RBE500_Project/RBE500_Project/install/inverse_kin/local/lib/python3.10/dist-packages/inverse_kin/inverse_kin_s__rosidl_typesupport_fastrtps_c.cpython-310-x86_64-linux-gnu.so
[1.149s] -- Up-to-date: /home/jaboy/Documents/RBE500_Project/RBE500_Project/install/inverse_kin/local/lib/python3.10/dist-packages/inverse_kin/_inverse_kin_s.ep.rosidl_typesupport_fastrtps_c.c
[1.149s] -- Up-to-date: /home/jaboy/Documents/RBE500_Project/RBE500_Project/install/inverse_kin/local/lib/python3.10/dist-packages/inverse_kin/libinverse_kin__rosidl_generator_py.so
[1.270s] Listing '/home/jaboy/Documents/RBE500_Project/RBE500_Project/install/inverse_kin/local/lib/python3.10/dist-packages/inverse_kin'...
[1.270s] Listing '/home/jaboy/Documents/RBE500_Project/RBE500_Project/install/inverse_kin/local/lib/python3.10/dist-packages/inverse_kin/msg'...
[1.271s] Listing '/home/jaboy/Documents/RBE500_Project/RBE500_Project/install/inverse_kin/local/lib/python3.10/dist-packages/inverse_kin/srv'...
[1.277s] -- Up-to-date: /home/jaboy/Documents/RBE500_Project/RBE500_Project/install/inverse_kin/local/lib/python3.10/dist-packages/inverse_kin/inverse_kin_s__rosidl_typesupport_introspection_c.cpython-310-x86_64-linux-gnu.so
[1.278s] -- Up-to-date: /home/jaboy/Documents/RBE500_Project/RBE500_Project/install/inverse_kin/local/lib/python3.10/dist-packages/inverse_kin/inverse_kin_s__rosidl_typesupport_fastrtps_c.cpython-310-x86_64-linux-gnu.so
[1.278s] -- Up-to-date: /home/jaboy/Documents/RBE500_Project/RBE500_Project/install/inverse_kin/local/lib/python3.10/dist-packages/inverse_kin/inverse_kin_s__rosidl_typesupport_c.cpython-310-x86_64-linux-gnu.so
[1.278s] -- Up-to-date: /home/jaboy/Documents/RBE500_Project/RBE500_Project/install/inverse_kin/lib/libinverse_kin__rosidl_generator_py.so
[1.279s] -- Up-to-date: /home/jaboy/Documents/RBE500_Project/RBE500_Project/install/inverse_kin/share/inverse_kin/msg/Num.idl
[1.279s] -- Up-to-date: /home/jaboy/Documents/RBE500_Project/RBE500_Project/install/inverse_kin/share/inverse_kin/msg/Sphere.idl
[1.279s] -- Up-to-date: /home/jaboy/Documents/RBE500_Project/RBE500_Project/install/inverse_kin/share/inverse_kin/msg/InvKin.idl
[1.279s] -- Up-to-date: /home/jaboy/Documents/RBE500_Project/RBE500_Project/install/inverse_kin/share/inverse_kin/srv/InvKin.idl
[1.279s] -- Up-to-date: /home/jaboy/Documents/RBE500_Project/RBE500_Project/install/inverse_kin/share/inverse_kin/srv/AddThreeInts.idl
[1.279s] -- Up-to-date: /home/jaboy/Documents/RBE500_Project/RBE500_Project/install/inverse_kin/share/inverse_kin/msg/Num.msg
[1.279s] -- Up-to-date: /home/jaboy/Documents/RBE500_Project/RBE500_Project/install/inverse_kin/share/inverse_kin/msg/Sphere.msg
[1.280s] -- Up-to-date: /home/jaboy/Documents/RBE500_Project/RBE500_Project/install/inverse_kin/share/inverse_kin/msg/InvKin.msg
[1.280s] -- Up-to-date: /home/jaboy/Documents/RBE500_Project/RBE500_Project/install/inverse_kin/share/inverse_kin/srv/InvKin.srv
[1.280s] -- Up-to-date: /home/jaboy/Documents/RBE500_Project/RBE500_Project/install/inverse_kin/share/inverse_kin/srv/InvKin_Request.msg
[1.280s] -- Up-to-date: /home/jaboy/Documents/RBE500_Project/RBE500_Project/install/inverse_kin/share/inverse_kin/srv/InvKin_Response.msg
[1.280s] -- Up-to-date: /home/jaboy/Documents/RBE500_Project/RBE500_Project/install/inverse_kin/share/inverse_kin/srv/AddThreeInts.srv
[1.280s] -- Up-to-date: /home/jaboy/Documents/RBE500_Project/RBE500_Project/install/inverse_kin/share/inverse_kin/srv/AddThreeInts_Request.msg
[1.280s] -- Up-to-date: /home/jaboy/Documents/RBE500_Project/RBE500_Project/install/inverse_kin/share/inverse_kin/srv/AddThreeInts_Response.msg
[1.280s] -- Up-to-date: /home/jaboy/Documents/RBE500_Project/RBE500_Project/install/inverse_kin/share/ament_index/resource_index/package_run_dependencies/inverse_kin
[1.280s] -- Up-to-date: /home/jaboy/Documents/RBE500_Project/RBE500_Project/install/inverse_kin/share/ament_index/resource_index/parent_prefix_path/inverse_kin
[1.280s] -- Up-to-date: /home/jaboy/Documents/RBE500_Project/RBE500_Project/install/inverse_kin/share/inverse_kin/environment/ament_prefix_path.dsv
[1.280s] -- Up-to-date: /home/jaboy/Documents/RBE500_Project/RBE500_Project/install/inverse_kin/share/inverse_kin/environment/path.dsv
[1.280s] -- Up-to-date: /home/jaboy/Documents/RBE500_Project/RBE500_Project/install/inverse_kin/share/inverse_kin/local_setup.bash
[1.281s] -- Up-to-date: /home/jaboy/Documents/RBE500_Project/RBE500_Project/install/inverse_kin/share/inverse_kin/local_setup.sh
[1.281s] -- Up-to-date: /home/jaboy/Documents/RBE500_Project/RBE500_Project/install/inverse_kin/share/inverse_kin/local_setup.zsh
[1.281s] -- Up-to-date: /home/jaboy/Documents/RBE500_Project/RBE500_Project/install/inverse_kin/share/inverse_kin/local_setup.dsv
[1.281s] -- Installing: /home/jaboy/Documents/RBE500_Project/RBE500_Project/install/inverse_kin/share/inverse_kin/package.dsv
[1.281s] -- Up-to-date: /home/jaboy/Documents/RBE500_Project/RBE500_Project/install/inverse_kin/share/ament_index/resource_index/packages/inverse_kin
[1.281s] -- Up-to-date: /home/jaboy/Documents/RBE500_Project/RBE500_Project/install/inverse_kin/share/inverse_kin/cmake/export_inverse_kin__rosidl_generator_cExport.cmake
[1.281s] -- Up-to-date: /home/jaboy/Documents/RBE500_Project/RBE500_Project/install/inverse_kin/share/inverse_kin/cmake/export_inverse_kin__rosidl_generator_cExport-noconfig.cmake
[1.281s] -- Up-to-date: /home/jaboy/Documents/RBE500_Project/RBE500_Project/install/inverse_kin/share/inverse_kin/cmake/export_inverse_kin__rosidl_typesupport_fastrtps_cExport.cmake
[1.281s] -- Up-to-date: /home/jaboy/Documents/RBE500_Project/RBE500_Project/install/inverse_kin/share/inverse_kin/cmake/export_inverse_kin__rosidl_typesupport_fastrtps_cExport-noconfig.cmake
[1.282s] -- Up-to-date: /home/jaboy/Documents/RBE500_Project/RBE500_Project/install/inverse_kin/share/inverse_kin/cmake/export_inverse_kin__rosidl_generator_cppExport.cmake
[1.282s] -- Up-to-date: /home/jaboy/Documents/RBE500_Project/RBE500_Project/install/inverse_kin/share/inverse_kin/cmake/export_inverse_kin__rosidl_typesupport_fastrtps_cppExport.cmake
[1.282s] -- Up-to-date: /home/jaboy/Documents/RBE500_Project/RBE500_Project/install/inverse_kin/share/inverse_kin/cmake/export_inverse_kin__rosidl_typesupport_fastrtps_cppExport-noconfig.cmake
[1.282s] -- Up-to-date: /home/jaboy/Documents/RBE500_Project/RBE500_Project/install/inverse_kin/share/inverse_kin/cmake/inverse_kin__rosidl_typesupport_introspection_cExport.cmake
[1.282s] -- Up-to-date: /home/jaboy/Documents/RBE500_Project/RBE500_Project/install/inverse_kin/share/inverse_kin/cmake/inverse_kin__rosidl_typesupport_introspection_cExport-noconfig.cmake
[1.282s] -- Up-to-date: /home/jaboy/Documents/RBE500_Project/RBE500_Project/install/inverse_kin/share/inverse_kin/cmake/inverse_kin__rosidl_typesupport_cExport.cmake
[1.282s] -- Up-to-date: /home/jaboy/Documents/RBE500_Project/RBE500_Project/install/inverse_kin/share/inverse_kin/cmake/inverse_kin__rosidl_typesupport_cExport-noconfig.cmake
[1.282s] -- Up-to-date: /home/jaboy/Documents/RBE500_Project/RBE500_Project/install/inverse_kin/share/inverse_kin/cmake/inverse_kin__rosidl_typesupport_introspection_cppExport.cmake
[1.282s] -- Up-to-date: /home/jaboy/Documents/RBE500_Project/RBE500_Project/install/inverse_kin/share/inverse_kin/cmake/inverse_kin__rosidl_typesupport_introspection_cppExport-noconfig.cmake
[1.283s] -- Up-to-date: /home/jaboy/Documents/RBE500_Project/RBE500_Project/install/inverse_kin/share/inverse_kin/cmake/inverse_kin__rosidl_typesupport_cppExport.cmake
[1.283s] -- Up-to-date: /home/jaboy/Documents/RBE500_Project/RBE500_Project/install/inverse_kin/share/inverse_kin/cmake/inverse_kin__rosidl_typesupport_cppExport-noconfig.cmake
[1.283s] -- Up-to-date: /home/jaboy/Documents/RBE500_Project/RBE500_Project/install/inverse_kin/share/inverse_kin/cmake/export_inverse_kin__rosidl_generator_pyExport.cmake
[1.283s] -- Up-to-date: /home/jaboy/Documents/RBE500_Project/RBE500_Project/install/inverse_kin/share/inverse_kin/cmake/export_inverse_kin__rosidl_generator_pyExport-noconfig.cmake
[1.283s] -- Up-to-date: /home/jaboy/Documents/RBE500_Project/RBE500_Project/install/inverse_kin/share/inverse_kin/cmake/rosidl_cmake-extras.cmake
[1.283s] -- Up-to-date: /home/jaboy/Documents/RBE500_Project/RBE500_Project/install/inverse_kin/share/inverse_kin/cmake/ament_cmake_export_dependencies-extras.cmake
[1.283s] -- Up-to-date: /home/jaboy/Documents/RBE500_Project/RBE500_Project/install/inverse_kin/share/inverse_kin/cmake/ament_cmake_export_include_directories-extras.cmake
[1.283s] -- Up-to-date: /home/jaboy/Documents/RBE500_Project/RBE500_Project/install/inverse_kin/share/inverse_kin/cmake/ament_cmake_export_libraries-extras.cmake
[1.283s] -- Up-to-date: /home/jaboy/Documents/RBE500_Project/RBE500_Project/install/inverse_kin/share/inverse_kin/cmake/ament_cmake_export_targets-extras.cmake
[1.284s] -- Up-to-date: /home/jaboy/Documents/RBE500_Project/RBE500_Project/install/inverse_kin/share/inverse_kin/cmake/rosidl_cmake_export_typesupport_targets-extras.cmake
[1.284s] -- Up-to-date: /home/jaboy/Documents/RBE500_Project/RBE500_Project/install/inverse_kin/share/inverse_kin/cmake/rosidl_cmake_export_typesupport_libraries-extras.cmake
[1.284s] -- Up-to-date: /home/jaboy/Documents/RBE500_Project/RBE500_Project/install/inverse_kin/share/inverse_kin/cmake/inverse_kinConfig.cmake
[1.284s] -- Up-to-date: /home/jaboy/Documents/RBE500_Project/RBE500_Project/install/inverse_kin/share/inverse_kin/cmake/inverse_kinConfig-version.cmake
[1.284s] -- Up-to-date: /home/jaboy/Documents/RBE500_Project/RBE500_Project/install/inverse_kin/share/inverse_kin/package.xml
[1.288s] Invoked command in '/home/jaboy/Documents/RBE500_Project/RBE500_Project/build/inverse_kin' returned '0': CMAKE_PREFIX_PATH=${CMAKE_PREFIX_PATH}:/home/jaboy/Documents/RBE500_Project/RBE500_Project/install/inverse_kinematics:/home/jaboy/Documents/RBE500_Project/RBE500_Project/install/forward_kinematics:/home/jaboy/Documents/RBE500_Project/RBE500_Project/install/control:/home/jaboy/ros2_humble/install/rqt_bag_plugins:/home/jaboy/ros2_humble/install/rqt_bag:/home/jaboy/ros2_humble/install/launch_testing_examples:/home/jaboy/ros2_humble/install/ros2bag:/home/jaboy/ros2_humble/install/tracetools_test:/home/jaboy/ros2_humble/install/tracetools_launch:/home/jaboy/ros2_humble/install/topic_monitor:/home/jaboy/ros2_humble/install/tf2_tools:/home/jaboy/ros2_humble/install/examples_tf2_py:/home/jaboy/ros2_humble/install/tf2_ros_py:/home/jaboy/ros2_humble/install/sros2:/home/jaboy/ros2_humble/install/rqt_topic:/home/jaboy/ros2_humble/install/rqt_srv:/home/jaboy/ros2_humble/install/rqt_shell:/home/jaboy/ros2_humble/install/rqt_service_caller:/home/jaboy/ros2_humble/install/rqt_reconfigure:/home/jaboy/ros2_humble/install/rqt_py_console:/home/jaboy/ros2_humble/install/rqt_publisher:/home/jaboy/ros2_humble/install/rqt_plot:/home/jaboy/ros2_humble/install/rqt_action:/home/jaboy/ros2_humble/install/rqt_msg:/home/jaboy/ros2_humble/install/rqt_console:/home/jaboy/ros2_humble/install/rqt:/home/jaboy/ros2_humble/install/rqt_graph:/home/jaboy/ros2_humble/install/rqt_gui_py:/home/jaboy/ros2_humble/install/rqt_gui:/home/jaboy/ros2_humble/install/ros2trace:/home/jaboy/ros2_humble/install/ros2topic:/home/jaboy/ros2_humble/install/ros2test:/home/jaboy/ros2_humble/install/ros2component:/home/jaboy/ros2_humble/install/ros2param:/home/jaboy/ros2_humble/install/ros2lifecycle:/home/jaboy/ros2_humble/install/ros2service:/home/jaboy/ros2_humble/install/ros2run:/home/jaboy/ros2_humble/install/ros2launch:/home/jaboy/ros2_humble/install/ros2pkg:/home/jaboy/ros2_humble/install/ros2node:/home/jaboy/ros2_humble/install/ros2multicast:/home/jaboy/ros2_humble/install/ros2interface:/home/jaboy/ros2_humble/install/ros2doctor:/home/jaboy/ros2_humble/install/ros2action:/home/jaboy/ros2_humble/install/ros2cli:/home/jaboy/ros2_humble/install/quality_of_service_demo_py:/home/jaboy/ros2_humble/install/lifecycle_py:/home/jaboy/ros2_humble/install/launch_testing_ros:/home/jaboy/ros2_humble/install/launch_ros:/home/jaboy/ros2_humble/install/examples_rclpy_pointcloud_publisher:/home/jaboy/ros2_humble/install/examples_rclpy_minimal_subscriber:/home/jaboy/ros2_humble/install/examples_rclpy_minimal_service:/home/jaboy/ros2_humble/install/examples_rclpy_minimal_publisher:/home/jaboy/ros2_humble/install/examples_rclpy_minimal_client:/home/jaboy/ros2_humble/install/examples_rclpy_minimal_action_server:/home/jaboy/ros2_humble/install/examples_rclpy_minimal_action_client:/home/jaboy/ros2_humble/install/examples_rclpy_guard_conditions:/home/jaboy/ros2_humble/install/examples_rclpy_executors:/home/jaboy/ros2_humble/install/demo_nodes_py:/home/jaboy/ros2_humble/install/camera_info_manager_py:/home/jaboy/ros2_humble/install/action_tutorials_py:/home/jaboy/ros2_humble/install/ament_uncrustify:/home/jaboy/ros2_humble/install/tracetools_trace:/home/jaboy/ros2_humble/install/tracetools_read:/home/jaboy/ros2_humble/install/rclcpp_lifecycle:/home/jaboy/ros2_humble/install/examples_rclcpp_cbg_executor:/home/jaboy/ros2_humble/install/test_tracetools_launch:/home/jaboy/ros2_humble/install/test_launch_ros:/home/jaboy/ros2_humble/install/sensor_msgs_py:/home/jaboy/ros2_humble/install/rpyutils:/home/jaboy/ros2_humble/install/rosidl_runtime_py:/home/jaboy/ros2_humble/install/rosidl_cli:/home/jaboy/ros2_humble/install/launch_pytest:/home/jaboy/ros2_humble/install/launch_testing:/home/jaboy/ros2_humble/install/launch_yaml:/home/jaboy/ros2_humble/install/launch_xml:/home/jaboy/ros2_humble/install/launch:/home/jaboy/ros2_humble/install/osrf_pycommon:/home/jaboy/ros2_humble/install/domain_coordinator:/home/jaboy/ros2_humble/install/ament_xmllint:/home/jaboy/ros2_humble/install/ament_pyflakes:/home/jaboy/ros2_humble/install/ament_pycodestyle:/home/jaboy/ros2_humble/install/ament_pep257:/home/jaboy/ros2_humble/install/ament_pclint:/home/jaboy/ros2_humble/install/ament_package:/home/jaboy/ros2_humble/install/ament_mypy:/home/jaboy/ros2_humble/install/ament_lint_cmake:/home/jaboy/ros2_humble/install/ament_flake8:/home/jaboy/ros2_humble/install/ament_copyright:/home/jaboy/ros2_humble/install/ament_lint:/home/jaboy/ros2_humble/install/ament_index_python:/home/jaboy/ros2_humble/install/ament_cpplint:/home/jaboy/ros2_humble/install/ament_cppcheck:/home/jaboy/ros2_humble/install/ament_clang_tidy:/home/jaboy/ros2_humble/install/ament_clang_format:/home/jaboy/ros2_ws/install/launch_testing_examples:/home/jaboy/ros2_ws/install/examples_rclpy_pointcloud_publisher:/home/jaboy/ros2_ws/install/examples_rclpy_minimal_subscriber:/home/jaboy/ros2_ws/install/examples_rclpy_minimal_service:/home/jaboy/ros2_ws/install/examples_rclpy_minimal_publisher:/home/jaboy/ros2_ws/install/examples_rclpy_minimal_client:/home/jaboy/ros2_ws/install/examples_rclpy_minimal_action_server:/home/jaboy/ros2_ws/install/examples_rclpy_minimal_action_client:/home/jaboy/ros2_ws/install/examples_rclpy_guard_conditions:/home/jaboy/ros2_ws/install/examples_rclpy_executors:/opt/ros/humble /usr/bin/cmake --install /home/jaboy/Documents/RBE500_Project/RBE500_Project/build/inverse_kin
