[1.168s] Invoking command in '/home/jaboy/Documents/RBE500_Project/RBE500_Project/inverse_kinematics': AMENT_PREFIX_PATH=/home/jaboy/Documents/RBE500_Project/RBE500_Project/install/inverse_kin:${AMENT_PREFIX_PATH} CMAKE_PREFIX_PATH=/home/jaboy/Documents/RBE500_Project/RBE500_Project/install/inverse_kin:${CMAKE_PREFIX_PATH} LD_LIBRARY_PATH=/home/jaboy/Documents/RBE500_Project/RBE500_Project/install/inverse_kin/lib:${LD_LIBRARY_PATH} PYTHONPATH=/home/jaboy/Documents/RBE500_Project/RBE500_Project/build/inverse_kinematics/prefix_override:/usr/lib/python3/dist-packages/colcon_core/task/python/colcon_distutils_commands:/home/jaboy/Documents/RBE500_Project/RBE500_Project/install/inverse_kinematics/lib/python3.10/site-packages:/home/jaboy/Documents/RBE500_Project/RBE500_Project/install/inverse_kin/local/lib/python3.10/dist-packages:${PYTHONPATH} /usr/bin/python3 -W ignore:setup.py install is deprecated -W ignore:easy_install command is deprecated setup.py egg_info --egg-base ../build/inverse_kinematics build --build-base /home/jaboy/Documents/RBE500_Project/RBE500_Project/build/inverse_kinematics/build install --record /home/jaboy/Documents/RBE500_Project/RBE500_Project/build/inverse_kinematics/install.log --single-version-externally-managed install_data
[1.572s] running egg_info
[1.573s] creating ../build/inverse_kinematics/inverse_kinematics.egg-info
[1.573s] writing ../build/inverse_kinematics/inverse_kinematics.egg-info/PKG-INFO
[1.573s] writing dependency_links to ../build/inverse_kinematics/inverse_kinematics.egg-info/dependency_links.txt
[1.573s] writing entry points to ../build/inverse_kinematics/inverse_kinematics.egg-info/entry_points.txt
[1.573s] writing requirements to ../build/inverse_kinematics/inverse_kinematics.egg-info/requires.txt
[1.573s] writing top-level names to ../build/inverse_kinematics/inverse_kinematics.egg-info/top_level.txt
[1.573s] writing manifest file '../build/inverse_kinematics/inverse_kinematics.egg-info/SOURCES.txt'
[1.575s] reading manifest file '../build/inverse_kinematics/inverse_kinematics.egg-info/SOURCES.txt'
[1.575s] adding license file 'LICENSE'
[1.575s] writing manifest file '../build/inverse_kinematics/inverse_kinematics.egg-info/SOURCES.txt'
[1.575s] running build
[1.576s] running build_py
[1.576s] creating /home/jaboy/Documents/RBE500_Project/RBE500_Project/build/inverse_kinematics/build
[1.576s] creating /home/jaboy/Documents/RBE500_Project/RBE500_Project/build/inverse_kinematics/build/lib
[1.576s] creating /home/jaboy/Documents/RBE500_Project/RBE500_Project/build/inverse_kinematics/build/lib/inverse_kinematics
[1.576s] copying inverse_kinematics/service_member_function.py -> /home/jaboy/Documents/RBE500_Project/RBE500_Project/build/inverse_kinematics/build/lib/inverse_kinematics
[1.576s] copying inverse_kinematics/__init__.py -> /home/jaboy/Documents/RBE500_Project/RBE500_Project/build/inverse_kinematics/build/lib/inverse_kinematics
[1.576s] copying inverse_kinematics/client_member_function.py -> /home/jaboy/Documents/RBE500_Project/RBE500_Project/build/inverse_kinematics/build/lib/inverse_kinematics
[1.576s] running install
[1.576s] running install_lib
[1.577s] creating /home/jaboy/Documents/RBE500_Project/RBE500_Project/install/inverse_kinematics/lib/python3.10/site-packages/inverse_kinematics
[1.577s] copying /home/jaboy/Documents/RBE500_Project/RBE500_Project/build/inverse_kinematics/build/lib/inverse_kinematics/service_member_function.py -> /home/jaboy/Documents/RBE500_Project/RBE500_Project/install/inverse_kinematics/lib/python3.10/site-packages/inverse_kinematics
[1.577s] copying /home/jaboy/Documents/RBE500_Project/RBE500_Project/build/inverse_kinematics/build/lib/inverse_kinematics/__init__.py -> /home/jaboy/Documents/RBE500_Project/RBE500_Project/install/inverse_kinematics/lib/python3.10/site-packages/inverse_kinematics
[1.577s] copying /home/jaboy/Documents/RBE500_Project/RBE500_Project/build/inverse_kinematics/build/lib/inverse_kinematics/client_member_function.py -> /home/jaboy/Documents/RBE500_Project/RBE500_Project/install/inverse_kinematics/lib/python3.10/site-packages/inverse_kinematics
[1.579s] byte-compiling /home/jaboy/Documents/RBE500_Project/RBE500_Project/install/inverse_kinematics/lib/python3.10/site-packages/inverse_kinematics/service_member_function.py to service_member_function.cpython-310.pyc
[1.580s] byte-compiling /home/jaboy/Documents/RBE500_Project/RBE500_Project/install/inverse_kinematics/lib/python3.10/site-packages/inverse_kinematics/__init__.py to __init__.cpython-310.pyc
[1.580s] byte-compiling /home/jaboy/Documents/RBE500_Project/RBE500_Project/install/inverse_kinematics/lib/python3.10/site-packages/inverse_kinematics/client_member_function.py to client_member_function.cpython-310.pyc
[1.580s] running install_data
[1.580s] creating /home/jaboy/Documents/RBE500_Project/RBE500_Project/install/inverse_kinematics/share/ament_index
[1.580s] creating /home/jaboy/Documents/RBE500_Project/RBE500_Project/install/inverse_kinematics/share/ament_index/resource_index
[1.580s] creating /home/jaboy/Documents/RBE500_Project/RBE500_Project/install/inverse_kinematics/share/ament_index/resource_index/packages
[1.580s] copying resource/inverse_kinematics -> /home/jaboy/Documents/RBE500_Project/RBE500_Project/install/inverse_kinematics/share/ament_index/resource_index/packages
[1.581s] copying package.xml -> /home/jaboy/Documents/RBE500_Project/RBE500_Project/install/inverse_kinematics/share/inverse_kinematics
[1.581s] running install_egg_info
[1.583s] Copying ../build/inverse_kinematics/inverse_kinematics.egg-info to /home/jaboy/Documents/RBE500_Project/RBE500_Project/install/inverse_kinematics/lib/python3.10/site-packages/inverse_kinematics-0.0.0-py3.10.egg-info
[1.584s] running install_scripts
[1.615s] Installing client script to /home/jaboy/Documents/RBE500_Project/RBE500_Project/install/inverse_kinematics/lib/inverse_kinematics
[1.615s] Installing service script to /home/jaboy/Documents/RBE500_Project/RBE500_Project/install/inverse_kinematics/lib/inverse_kinematics
[1.616s] writing list of installed files to '/home/jaboy/Documents/RBE500_Project/RBE500_Project/build/inverse_kinematics/install.log'
[1.637s] Invoked command in '/home/jaboy/Documents/RBE500_Project/RBE500_Project/inverse_kinematics' returned '0': AMENT_PREFIX_PATH=/home/jaboy/Documents/RBE500_Project/RBE500_Project/install/inverse_kin:${AMENT_PREFIX_PATH} CMAKE_PREFIX_PATH=/home/jaboy/Documents/RBE500_Project/RBE500_Project/install/inverse_kin:${CMAKE_PREFIX_PATH} LD_LIBRARY_PATH=/home/jaboy/Documents/RBE500_Project/RBE500_Project/install/inverse_kin/lib:${LD_LIBRARY_PATH} PYTHONPATH=/home/jaboy/Documents/RBE500_Project/RBE500_Project/build/inverse_kinematics/prefix_override:/usr/lib/python3/dist-packages/colcon_core/task/python/colcon_distutils_commands:/home/jaboy/Documents/RBE500_Project/RBE500_Project/install/inverse_kinematics/lib/python3.10/site-packages:/home/jaboy/Documents/RBE500_Project/RBE500_Project/install/inverse_kin/local/lib/python3.10/dist-packages:${PYTHONPATH} /usr/bin/python3 -W ignore:setup.py install is deprecated -W ignore:easy_install command is deprecated setup.py egg_info --egg-base ../build/inverse_kinematics build --build-base /home/jaboy/Documents/RBE500_Project/RBE500_Project/build/inverse_kinematics/build install --record /home/jaboy/Documents/RBE500_Project/RBE500_Project/build/inverse_kinematics/install.log --single-version-externally-managed install_data
