[0.041s] Invoking command in '/home/jaboy/Documents/RBE500_Project/RBE500_Project/build/ros_gz_example_gazebo': CMAKE_PREFIX_PATH=/home/jaboy/Documents/RBE500_Project/RBE500_Project/install/ros_gz_example_description:/home/jaboy/Documents/RBE500_Project/RBE500_Project/install/ros_gz_example_bringup:/home/jaboy/Documents/RBE500_Project/RBE500_Project/install/ros_gz_example_gazebo:/home/jaboy/Documents/RBE500_Project/RBE500_Project/install/ros_gz_example_application:/home/jaboy/Documents/RBE500_Project/RBE500_Project/install/inverse_kin:/home/jaboy/ros2_humble/install/rosbag2_storage_mcap:/home/jaboy/ros2_humble/install/rosbag2:/home/jaboy/ros2_humble/install/rosbag2_compression_zstd:/home/jaboy/ros2_humble/install/mcap_vendor:/home/jaboy/ros2_humble/install/zstd_vendor:/home/jaboy/ros2_humble/install/rviz_visual_testing_framework:/home/jaboy/ros2_humble/install/rviz2:/home/jaboy/ros2_humble/install/rviz_default_plugins:/home/jaboy/ros2_humble/install/rviz_common:/home/jaboy/ros2_humble/install/rosbag2_py:/home/jaboy/ros2_humble/install/rosbag2_transport:/home/jaboy/ros2_humble/install/rosbag2_storage_default_plugins:/home/jaboy/ros2_humble/install/rosbag2_performance_benchmarking:/home/jaboy/ros2_humble/install/rosbag2_compression:/home/jaboy/ros2_humble/install/rosbag2_cpp:/home/jaboy/ros2_humble/install/rosbag2_storage:/home/jaboy/ros2_humble/install/image_common:/home/jaboy/ros2_humble/install/camera_info_manager:/home/jaboy/ros2_humble/install/camera_calibration_parsers:/home/jaboy/ros2_humble/install/yaml_cpp_vendor:/home/jaboy/ros2_humble/install/interactive_markers:/home/jaboy/ros2_humble/install/common_interfaces:/home/jaboy/ros2_humble/install/visualization_msgs:/home/jaboy/ros2_humble/install/dummy_robot_bringup:/home/jaboy/ros2_humble/install/robot_state_publisher:/home/jaboy/ros2_humble/install/kdl_parser:/home/jaboy/ros2_humble/install/urdf:/home/jaboy/ros2_humble/install/urdfdom:/home/jaboy/ros2_humble/install/urdf_parser_plugin:/home/jaboy/ros2_humble/install/urdfdom_headers:/home/jaboy/ros2_humble/install/turtlesim:/home/jaboy/ros2_humble/install/geometry2:/home/jaboy/ros2_humble/install/tf2_sensor_msgs:/home/jaboy/ros2_humble/install/test_tf2:/home/jaboy/ros2_humble/install/tf2_kdl:/home/jaboy/ros2_humble/install/tf2_geometry_msgs:/home/jaboy/ros2_humble/install/tf2_eigen:/home/jaboy/ros2_humble/install/tf2_bullet:/home/jaboy/ros2_humble/install/tf2_ros:/home/jaboy/ros2_humble/install/tf2_py:/home/jaboy/ros2_humble/install/tf2_msgs:/home/jaboy/ros2_humble/install/test_msgs:/home/jaboy/ros2_humble/install/sros2_cmake:/home/jaboy/ros2_humble/install/ros2cli_common_extensions:/home/jaboy/ros2_humble/install/rqt_py_common:/home/jaboy/ros2_humble/install/rosbag2_storage_mcap_testdata:/home/jaboy/ros2_humble/install/ros_testing:/home/jaboy/ros2_humble/install/ros2cli_test_interfaces:/home/jaboy/ros2_humble/install/quality_of_service_demo_cpp:/home/jaboy/ros2_humble/install/image_transport:/home/jaboy/ros2_humble/install/message_filters:/home/jaboy/ros2_humble/install/demo_nodes_cpp:/home/jaboy/ros2_humble/install/composition:/home/jaboy/ros2_humble/install/laser_geometry:/home/jaboy/ros2_humble/install/rclpy:/home/jaboy/ros2_humble/install/examples_rclcpp_minimal_action_server:/home/jaboy/ros2_humble/install/examples_rclcpp_minimal_action_client:/home/jaboy/ros2_humble/install/action_tutorials_cpp:/home/jaboy/ros2_humble/install/rclcpp_action:/home/jaboy/ros2_humble/install/rcl_action:/home/jaboy/ros2_humble/install/examples_rclcpp_wait_set:/home/jaboy/ros2_humble/install/examples_rclcpp_minimal_service:/home/jaboy/ros2_humble/install/examples_rclcpp_minimal_client:/home/jaboy/ros2_humble/install/examples_rclcpp_async_client:/home/jaboy/ros2_humble/install/example_interfaces:/home/jaboy/ros2_humble/install/action_tutorials_interfaces:/home/jaboy/ros2_humble/install/action_msgs:/home/jaboy/ros2_humble/install/unique_identifier_msgs:/home/jaboy/ros2_humble/install/ament_lint_common:/home/jaboy/ros2_humble/install/ament_cmake_uncrustify:/home/jaboy/ros2_humble/install/uncrustify_vendor:/home/jaboy/ros2_humble/install/trajectory_msgs:/home/jaboy/ros2_humble/install/topic_statistics_demo:/home/jaboy/ros2_humble/install/pendulum_control:/home/jaboy/ros2_humble/install/tlsf_cpp:/home/jaboy/ros2_humble/install/test_tracetools:/home/jaboy/ros2_humble/install/rqt_gui_cpp:/home/jaboy/ros2_humble/install/rosbag2_test_common:/home/jaboy/ros2_humble/install/ros2lifecycle_test_fixtures:/home/jaboy/ros2_humble/install/lifecycle:/home/jaboy/ros2_humble/install/logging_demo:/home/jaboy/ros2_humble/install/image_tools:/home/jaboy/ros2_humble/install/examples_rclcpp_minimal_subscriber:/home/jaboy/ros2_humble/install/examples_rclcpp_minimal_composition:/home/jaboy/ros2_humble/install/demo_nodes_cpp_native:/home/jaboy/ros2_humble/install/rclcpp_components:/home/jaboy/ros2_humble/install/intra_process_demo:/home/jaboy/ros2_humble/install/examples_rclcpp_multithreaded_executor:/home/jaboy/ros2_humble/install/examples_rclcpp_minimal_timer:/home/jaboy/ros2_humble/install/examples_rclcpp_minimal_publisher:/home/jaboy/ros2_humble/install/dummy_sensors:/home/jaboy/ros2_humble/install/dummy_map_server:/home/jaboy/ros2_humble/install/rclcpp:/home/jaboy/ros2_humble/install/rcl_lifecycle:/home/jaboy/ros2_humble/install/libstatistics_collector:/home/jaboy/ros2_humble/install/rcl:/home/jaboy/ros2_humble/install/rmw_implementation:/home/jaboy/ros2_humble/install/rmw_fastrtps_dynamic_cpp:/home/jaboy/ros2_humble/install/rmw_fastrtps_cpp:/home/jaboy/ros2_humble/install/rmw_fastrtps_shared_cpp:/home/jaboy/ros2_humble/install/rmw_cyclonedds_cpp:/home/jaboy/ros2_humble/install/tracetools:/home/jaboy/ros2_humble/install/tlsf:/home/jaboy/ros2_humble/install/tinyxml_vendor:/home/jaboy/ros2_humble/install/qt_gui_core:/home/jaboy/ros2_humble/install/qt_gui_cpp:/home/jaboy/ros2_humble/install/pluginlib:/home/jaboy/ros2_humble/install/tinyxml2_vendor:/home/jaboy/ros2_humble/install/tf2_eigen_kdl:/home/jaboy/ros2_humble/install/tf2:/home/jaboy/ros2_humble/install/test_security:/home/jaboy/ros2_humble/install/test_rmw_implementation:/home/jaboy/ros2_humble/install/test_rclcpp:/home/jaboy/ros2_humble/install/test_quality_of_service:/home/jaboy/ros2_humble/install/test_launch_testing:/home/jaboy/ros2_humble/install/test_interface_files:/home/jaboy/ros2_humble/install/test_communication:/home/jaboy/ros2_humble/install/test_cli_remapping:/home/jaboy/ros2_humble/install/test_cli:/home/jaboy/ros2_humble/install/qt_gui_app:/home/jaboy/ros2_humble/install/qt_gui:/home/jaboy/ros2_humble/install/tango_icons_vendor:/home/jaboy/ros2_humble/install/stereo_msgs:/home/jaboy/ros2_humble/install/std_srvs:/home/jaboy/ros2_humble/install/shape_msgs:/home/jaboy/ros2_humble/install/map_msgs:/home/jaboy/ros2_humble/install/sensor_msgs:/home/jaboy/ros2_humble/install/nav_msgs:/home/jaboy/ros2_humble/install/diagnostic_msgs:/home/jaboy/ros2_humble/install/geometry_msgs:/home/jaboy/ros2_humble/install/actionlib_msgs:/home/jaboy/ros2_humble/install/std_msgs:/home/jaboy/ros2_humble/install/statistics_msgs:/home/jaboy/ros2_humble/install/sqlite3_vendor:/home/jaboy/ros2_humble/install/rcl_logging_spdlog:/home/jaboy/ros2_humble/install/spdlog_vendor:/home/jaboy/ros2_humble/install/shared_queues_vendor:/home/jaboy/ros2_humble/install/rviz_rendering_tests:/home/jaboy/ros2_humble/install/rviz_rendering:/home/jaboy/ros2_humble/install/rviz_ogre_vendor:/home/jaboy/ros2_humble/install/rviz_assimp_vendor:/home/jaboy/ros2_humble/install/rttest:/home/jaboy/ros2_humble/install/rmw_connextddsmicro:/home/jaboy/ros2_humble/install/rmw_connextdds:/home/jaboy/ros2_humble/install/rmw_connextdds_common:/home/jaboy/ros2_humble/install/rti_connext_dds_cmake_module:/home/jaboy/ros2_humble/install/rosgraph_msgs:/home/jaboy/ros2_humble/install/rosbag2_interfaces:/home/jaboy/ros2_humble/install/rmw_dds_common:/home/jaboy/ros2_humble/install/composition_interfaces:/home/jaboy/ros2_humble/install/rcl_interfaces:/home/jaboy/ros2_humble/install/pendulum_msgs:/home/jaboy/ros2_humble/install/lifecycle_msgs:/home/jaboy/ros2_humble/install/builtin_interfaces:/home/jaboy/ros2_humble/install/rosidl_default_runtime:/home/jaboy/ros2_humble/install/rosidl_default_generators:/home/jaboy/ros2_humble/install/rosidl_generator_py:/home/jaboy/ros2_humble/install/rosidl_typesupport_introspection_tests:/home/jaboy/ros2_humble/install/rosidl_typesupport_cpp:/home/jaboy/ros2_humble/install/rosidl_typesupport_introspection_cpp:/home/jaboy/ros2_humble/install/rosidl_typesupport_c:/home/jaboy/ros2_humble/install/rosidl_typesupport_introspection_c:/home/jaboy/ros2_humble/install/rosidl_typesupport_fastrtps_c:/home/jaboy/ros2_humble/install/rosidl_typesupport_fastrtps_cpp:/home/jaboy/ros2_humble/install/rosidl_generator_cpp:/home/jaboy/ros2_humble/install/rosidl_runtime_cpp:/home/jaboy/ros2_humble/install/rcl_yaml_param_parser:/home/jaboy/ros2_humble/install/rmw:/home/jaboy/ros2_humble/install/rosidl_runtime_c:/home/jaboy/ros2_humble/install/rosidl_generator_c:/home/jaboy/ros2_humble/install/rosidl_typesupport_interface:/home/jaboy/ros2_humble/install/rosidl_generator_dds_idl:/home/jaboy/ros2_humble/install/rosidl_cmake:/home/jaboy/ros2_humble/install/rosidl_parser:/home/jaboy/ros2_humble/install/rosidl_adapter:/home/jaboy/ros2_humble/install/rosbag2_tests:/home/jaboy/ros2_humble/install/ros_environment:/home/jaboy/ros2_humble/install/rmw_implementation_cmake:/home/jaboy/ros2_humble/install/resource_retriever:/home/jaboy/ros2_humble/install/class_loader:/home/jaboy/ros2_humble/install/rcpputils:/home/jaboy/ros2_humble/install/rcl_logging_noop:/home/jaboy/ros2_humble/install/rcl_logging_interface:/home/jaboy/ros2_humble/install/rcutils:/home/jaboy/ros2_humble/install/qt_gui_py_common:/home/jaboy/ros2_humble/install/qt_dotgraph:/home/jaboy/ros2_humble/install/python_qt_binding:/home/jaboy/ros2_humble/install/python_orocos_kdl_vendor:/home/jaboy/ros2_humble/install/launch_testing_ament_cmake:/home/jaboy/ros2_humble/install/python_cmake_module:/home/jaboy/ros2_humble/install/pybind11_vendor:/home/jaboy/ros2_humble/install/performance_test_fixture:/home/jaboy/ros2_humble/install/osrf_testing_tools_cpp:/home/jaboy/ros2_humble/install/orocos_kdl_vendor:/home/jaboy/ros2_humble/install/mimick_vendor:/home/jaboy/ros2_humble/install/libyaml_vendor:/home/jaboy/ros2_humble/install/libcurl_vendor:/home/jaboy/ros2_humble/install/keyboard_handler:/home/jaboy/ros2_humble/install/iceoryx_introspection:/home/jaboy/ros2_humble/install/cyclonedds:/home/jaboy/ros2_humble/install/iceoryx_posh:/home/jaboy/ros2_humble/install/iceoryx_hoofs:/home/jaboy/ros2_humble/install/iceoryx_binding_c:/home/jaboy/ros2_humble/install/ament_cmake_ros:/home/jaboy/ros2_humble/install/ament_cmake_auto:/home/jaboy/ros2_humble/install/ament_cmake_gmock:/home/jaboy/ros2_humble/install/gmock_vendor:/home/jaboy/ros2_humble/install/ament_cmake_gtest:/home/jaboy/ros2_humble/install/gtest_vendor:/home/jaboy/ros2_humble/install/ament_cmake_google_benchmark:/home/jaboy/ros2_humble/install/google_benchmark_vendor:/home/jaboy/ros2_humble/install/fastrtps:/home/jaboy/ros2_humble/install/foonathan_memory_vendor:/home/jaboy/ros2_humble/install/fastrtps_cmake_module:/home/jaboy/ros2_humble/install/fastcdr:/home/jaboy/ros2_humble/install/eigen3_cmake_module:/home/jaboy/ros2_humble/install/console_bridge_vendor:/home/jaboy/ros2_humble/install/ament_cmake_xmllint:/home/jaboy/ros2_humble/install/ament_cmake_pyflakes:/home/jaboy/ros2_humble/install/ament_cmake_pycodestyle:/home/jaboy/ros2_humble/install/ament_cmake_pep257:/home/jaboy/ros2_humble/install/ament_cmake_pclint:/home/jaboy/ros2_humble/install/ament_lint_auto:/home/jaboy/ros2_humble/install/ament_cmake:/home/jaboy/ros2_humble/install/ament_cmake_version:/home/jaboy/ros2_humble/install/ament_cmake_vendor_package:/home/jaboy/ros2_humble/install/ament_cmake_pytest:/home/jaboy/ros2_humble/install/ament_cmake_nose:/home/jaboy/ros2_humble/install/ament_cmake_mypy:/home/jaboy/ros2_humble/install/ament_cmake_lint_cmake:/home/jaboy/ros2_humble/install/ament_cmake_flake8:/home/jaboy/ros2_humble/install/ament_cmake_cpplint:/home/jaboy/ros2_humble/install/ament_cmake_cppcheck:/home/jaboy/ros2_humble/install/ament_cmake_copyright:/home/jaboy/ros2_humble/install/ament_cmake_clang_tidy:/home/jaboy/ros2_humble/install/ament_cmake_clang_format:/home/jaboy/ros2_humble/install/ament_cmake_test:/home/jaboy/ros2_humble/install/ament_cmake_target_dependencies:/home/jaboy/ros2_humble/install/ament_cmake_python:/home/jaboy/ros2_humble/install/ament_cmake_export_dependencies:/home/jaboy/ros2_humble/install/ament_cmake_libraries:/home/jaboy/ros2_humble/install/ament_cmake_include_directories:/home/jaboy/ros2_humble/install/ament_cmake_gen_version_h:/home/jaboy/ros2_humble/install/ament_cmake_export_targets:/home/jaboy/ros2_humble/install/ament_cmake_export_link_flags:/home/jaboy/ros2_humble/install/ament_cmake_export_interfaces:/home/jaboy/ros2_humble/install/ament_cmake_export_libraries:/home/jaboy/ros2_humble/install/ament_cmake_export_include_directories:/home/jaboy/ros2_humble/install/ament_cmake_export_definitions:/home/jaboy/ros2_humble/install/ament_cmake_core:/home/jaboy/ros2_humble/install/ament_index_cpp:/home/jaboy/ros2_ws/install/quat_to_euler:/home/jaboy/ros2_ws/install/hw3-kinematics:/home/jaboy/ros2_ws/install/examples_rclcpp_wait_set:/home/jaboy/ros2_ws/install/examples_rclcpp_multithreaded_executor:/home/jaboy/ros2_ws/install/examples_rclcpp_minimal_timer:/home/jaboy/ros2_ws/install/examples_rclcpp_minimal_subscriber:/home/jaboy/ros2_ws/install/examples_rclcpp_minimal_service:/home/jaboy/ros2_ws/install/examples_rclcpp_minimal_publisher:/home/jaboy/ros2_ws/install/examples_rclcpp_minimal_composition:/home/jaboy/ros2_ws/install/examples_rclcpp_minimal_client:/home/jaboy/ros2_ws/install/examples_rclcpp_minimal_action_server:/home/jaboy/ros2_ws/install/examples_rclcpp_minimal_action_client:/home/jaboy/ros2_ws/install/examples_rclcpp_cbg_executor:/home/jaboy/ros2_ws/install/examples_rclcpp_async_client:/home/jaboy/Documents/RBE500_Project/RBE500_Project/install/inverse_kinematics:/home/jaboy/Documents/RBE500_Project/RBE500_Project/install/forward_kinematics:/home/jaboy/Documents/RBE500_Project/RBE500_Project/install/control:/home/jaboy/ros2_humble/install/rqt_bag_plugins:/home/jaboy/ros2_humble/install/rqt_bag:/home/jaboy/ros2_humble/install/launch_testing_examples:/home/jaboy/ros2_humble/install/ros2bag:/home/jaboy/ros2_humble/install/tracetools_test:/home/jaboy/ros2_humble/install/tracetools_launch:/home/jaboy/ros2_humble/install/topic_monitor:/home/jaboy/ros2_humble/install/tf2_tools:/home/jaboy/ros2_humble/install/examples_tf2_py:/home/jaboy/ros2_humble/install/tf2_ros_py:/home/jaboy/ros2_humble/install/sros2:/home/jaboy/ros2_humble/install/rqt_topic:/home/jaboy/ros2_humble/install/rqt_srv:/home/jaboy/ros2_humble/install/rqt_shell:/home/jaboy/ros2_humble/install/rqt_service_caller:/home/jaboy/ros2_humble/install/rqt_reconfigure:/home/jaboy/ros2_humble/install/rqt_py_console:/home/jaboy/ros2_humble/install/rqt_publisher:/home/jaboy/ros2_humble/install/rqt_plot:/home/jaboy/ros2_humble/install/rqt_action:/home/jaboy/ros2_humble/install/rqt_msg:/home/jaboy/ros2_humble/install/rqt_console:/home/jaboy/ros2_humble/install/rqt:/home/jaboy/ros2_humble/install/rqt_graph:/home/jaboy/ros2_humble/install/rqt_gui_py:/home/jaboy/ros2_humble/install/rqt_gui:/home/jaboy/ros2_humble/install/ros2trace:/home/jaboy/ros2_humble/install/ros2topic:/home/jaboy/ros2_humble/install/ros2test:/home/jaboy/ros2_humble/install/ros2component:/home/jaboy/ros2_humble/install/ros2param:/home/jaboy/ros2_humble/install/ros2lifecycle:/home/jaboy/ros2_humble/install/ros2service:/home/jaboy/ros2_humble/install/ros2run:/home/jaboy/ros2_humble/install/ros2launch:/home/jaboy/ros2_humble/install/ros2pkg:/home/jaboy/ros2_humble/install/ros2node:/home/jaboy/ros2_humble/install/ros2multicast:/home/jaboy/ros2_humble/install/ros2interface:/home/jaboy/ros2_humble/install/ros2doctor:/home/jaboy/ros2_humble/install/ros2action:/home/jaboy/ros2_humble/install/ros2cli:/home/jaboy/ros2_humble/install/quality_of_service_demo_py:/home/jaboy/ros2_humble/install/lifecycle_py:/home/jaboy/ros2_humble/install/launch_testing_ros:/home/jaboy/ros2_humble/install/launch_ros:/home/jaboy/ros2_humble/install/examples_rclpy_pointcloud_publisher:/home/jaboy/ros2_humble/install/examples_rclpy_minimal_subscriber:/home/jaboy/ros2_humble/install/examples_rclpy_minimal_service:/home/jaboy/ros2_humble/install/examples_rclpy_minimal_publisher:/home/jaboy/ros2_humble/install/examples_rclpy_minimal_client:/home/jaboy/ros2_humble/install/examples_rclpy_minimal_action_server:/home/jaboy/ros2_humble/install/examples_rclpy_minimal_action_client:/home/jaboy/ros2_humble/install/examples_rclpy_guard_conditions:/home/jaboy/ros2_humble/install/examples_rclpy_executors:/home/jaboy/ros2_humble/install/demo_nodes_py:/home/jaboy/ros2_humble/install/camera_info_manager_py:/home/jaboy/ros2_humble/install/action_tutorials_py:/home/jaboy/ros2_humble/install/ament_uncrustify:/home/jaboy/ros2_humble/install/tracetools_trace:/home/jaboy/ros2_humble/install/tracetools_read:/home/jaboy/ros2_humble/install/rclcpp_lifecycle:/home/jaboy/ros2_humble/install/examples_rclcpp_cbg_executor:/home/jaboy/ros2_humble/install/test_tracetools_launch:/home/jaboy/ros2_humble/install/test_launch_ros:/home/jaboy/ros2_humble/install/sensor_msgs_py:/home/jaboy/ros2_humble/install/rpyutils:/home/jaboy/ros2_humble/install/rosidl_runtime_py:/home/jaboy/ros2_humble/install/rosidl_cli:/home/jaboy/ros2_humble/install/launch_pytest:/home/jaboy/ros2_humble/install/launch_testing:/home/jaboy/ros2_humble/install/launch_yaml:/home/jaboy/ros2_humble/install/launch_xml:/home/jaboy/ros2_humble/install/launch:/home/jaboy/ros2_humble/install/osrf_pycommon:/home/jaboy/ros2_humble/install/domain_coordinator:/home/jaboy/ros2_humble/install/ament_xmllint:/home/jaboy/ros2_humble/install/ament_pyflakes:/home/jaboy/ros2_humble/install/ament_pycodestyle:/home/jaboy/ros2_humble/install/ament_pep257:/home/jaboy/ros2_humble/install/ament_pclint:/home/jaboy/ros2_humble/install/ament_package:/home/jaboy/ros2_humble/install/ament_mypy:/home/jaboy/ros2_humble/install/ament_lint_cmake:/home/jaboy/ros2_humble/install/ament_flake8:/home/jaboy/ros2_humble/install/ament_copyright:/home/jaboy/ros2_humble/install/ament_lint:/home/jaboy/ros2_humble/install/ament_index_python:/home/jaboy/ros2_humble/install/ament_cpplint:/home/jaboy/ros2_humble/install/ament_cppcheck:/home/jaboy/ros2_humble/install/ament_clang_tidy:/home/jaboy/ros2_humble/install/ament_clang_format:/home/jaboy/ros2_ws/install/launch_testing_examples:/home/jaboy/ros2_ws/install/examples_rclpy_pointcloud_publisher:/home/jaboy/ros2_ws/install/examples_rclpy_minimal_subscriber:/home/jaboy/ros2_ws/install/examples_rclpy_minimal_service:/home/jaboy/ros2_ws/install/examples_rclpy_minimal_publisher:/home/jaboy/ros2_ws/install/examples_rclpy_minimal_client:/home/jaboy/ros2_ws/install/examples_rclpy_minimal_action_server:/home/jaboy/ros2_ws/install/examples_rclpy_minimal_action_client:/home/jaboy/ros2_ws/install/examples_rclpy_guard_conditions:/home/jaboy/ros2_ws/install/examples_rclpy_executors:/opt/ros/humble IGN_GAZEBO_RESOURCE_PATH=/home/jaboy/Documents/RBE500_Project/RBE500_Project/install/ros_gz_example_description/share/ros_gz_example_description/models:${IGN_GAZEBO_RESOURCE_PATH} /usr/bin/cmake /home/jaboy/Documents/RBE500_Project/RBE500_Project/ros_gz_example_gazebo -DCMAKE_INSTALL_PREFIX=/home/jaboy/Documents/RBE500_Project/RBE500_Project/install/ros_gz_example_gazebo
[0.158s] -- The C compiler identification is GNU 11.4.0
[0.231s] -- The CXX compiler identification is GNU 11.4.0
[0.242s] -- Detecting C compiler ABI info
[0.376s] -- Detecting C compiler ABI info - done
[0.381s] -- Check for working C compiler: /usr/bin/cc - skipped
[0.382s] -- Detecting C compile features
[0.382s] -- Detecting C compile features - done
[0.384s] -- Detecting CXX compiler ABI info
[0.526s] -- Detecting CXX compiler ABI info - done
[0.531s] -- Check for working CXX compiler: /usr/bin/c++ - skipped
[0.531s] -- Detecting CXX compile features
[0.532s] -- Detecting CXX compile features - done
[0.554s] -- Found ament_cmake: 1.3.11 (/home/jaboy/ros2_humble/install/ament_cmake/share/ament_cmake/cmake)
[1.025s] -- Found Python3: /usr/bin/python3 (found version "3.10.12") found components: Interpreter 
[1.480s] -- Found ros_gz_example_description: 0.0.0 (/home/jaboy/Documents/RBE500_Project/RBE500_Project/install/ros_gz_example_description/share/ros_gz_example_description/cmake)
[1.564s] -- Looking for ignition-plugin1 -- found version 1.4.0
[1.565s] -- Searching for dependencies of ignition-plugin1
[1.565s] -- Searching for <ignition-plugin1> component [register]
[1.604s] -- Looking for ignition-plugin1-register -- found version 1.4.0
[1.605s] -- Searching for dependencies of ignition-plugin1-register
[1.644s] -- Looking for ignition-common4 -- found version 4.7.0
[1.645s] -- Searching for dependencies of ignition-common4
[1.652s] -- Looking for dlfcn.h - found
[1.668s] -- Looking for libdl - found
[1.669s] -- Found DL: TRUE  
[1.689s] -- Checking for module 'uuid'
[1.738s] --   Found uuid, version 2.37.2
[1.822s] -- Found UUID: TRUE  
[1.827s] -- Searching for <ignition-common4> component [profiler]
[1.866s] -- Looking for ignition-common4-profiler -- found version 4.7.0
[1.867s] -- Searching for dependencies of ignition-common4-profiler
[1.914s] -- Looking for ignition-gazebo6 -- found version 6.17.0
[1.914s] -- Searching for dependencies of ignition-gazebo6
[1.953s] -- Looking for sdformat12 -- found version 12.8.0
[1.954s] -- Searching for dependencies of sdformat12
[1.962s] -- Checking for module 'tinyxml2'
[2.008s] --   Found tinyxml2, version 9.0.0
[2.135s] -- Looking for ignition-math6 -- found version 6.15.1
[2.135s] -- Searching for dependencies of ignition-math6
[2.175s] -- Looking for ignition-utils1 -- found version 1.5.1
[2.175s] -- Searching for dependencies of ignition-utils1
[2.177s] -- Looking for ignition-plugin1 -- found version 1.4.0
[2.177s] -- Searching for dependencies of ignition-plugin1
[2.177s] -- Searching for <ignition-plugin1> component [loader]
[2.215s] -- Looking for ignition-plugin1-loader -- found version 1.4.0
[2.216s] -- Searching for dependencies of ignition-plugin1-loader
[2.216s] -- Searching for <ignition-plugin1> component [register]
[2.255s] -- Looking for ignition-transport11 -- found version 11.4.1
[2.256s] -- Searching for dependencies of ignition-transport11
[2.628s] -- Found Protobuf: /usr/lib/x86_64-linux-gnu/libprotobuf.so (found version "3.12.4") 
[2.675s] -- Config-file not installed for ZeroMQ -- checking for pkg-config
[2.683s] -- Checking for module 'libzmq >= 4'
[2.734s] --   Found libzmq , version 4.3.4
[2.826s] -- Found ZeroMQ: TRUE (Required is at least version "4") 
[2.849s] -- Looking for ignition-utils1 -- found version 1.5.1
[2.849s] -- Searching for dependencies of ignition-utils1
[2.849s] -- Searching for <ignition-utils1> component [cli]
[2.887s] -- Looking for ignition-utils1-cli -- found version 1.5.1
[2.888s] -- Searching for dependencies of ignition-utils1-cli
[2.926s] -- Looking for ignition-msgs8 -- found version 8.7.0
[2.926s] -- Searching for dependencies of ignition-msgs8
[2.981s] -- Found Protobuf: /usr/lib/x86_64-linux-gnu/libprotobuf.so (found suitable version "3.12.4", minimum required is "3") 
[2.982s] -- Looking for ignition-math6 -- found version 6.15.1
[2.999s] -- Searching for <ignition-transport11> component [log]
[3.038s] -- Looking for ignition-transport11-log -- found version 11.4.1
[3.038s] -- Searching for dependencies of ignition-transport11-log
[3.039s] -- Searching for <ignition-transport11> component [parameters]
[3.077s] -- Looking for ignition-transport11-parameters -- found version 11.4.1
[3.078s] -- Searching for dependencies of ignition-transport11-parameters
[3.079s] -- Looking for ignition-msgs8 -- found version 8.7.0
[3.079s] -- Looking for ignition-common4 -- found version 4.7.0
[3.079s] -- Searching for dependencies of ignition-common4
[3.079s] -- Looking for dlfcn.h - found
[3.080s] -- Looking for libdl - found
[3.095s] -- Searching for <ignition-common4> component [profiler]
[3.095s] -- Searching for <ignition-common4> component [events]
[3.134s] -- Looking for ignition-common4-events -- found version 4.7.0
[3.134s] -- Searching for dependencies of ignition-common4-events
[3.134s] -- Looking for ignition-math6 -- found version 6.15.1
[3.136s] -- Searching for <ignition-common4> component [av]
[3.174s] -- Looking for ignition-common4-av -- found version 4.7.0
[3.174s] -- Searching for dependencies of ignition-common4-av
[3.183s] -- Checking for module 'libswscale'
[3.229s] --   Found libswscale, version 5.9.100
[3.310s] -- Found SWSCALE: TRUE  
[3.318s] -- Checking for module 'libavdevice >= 56.4.100'
[3.365s] --   Found libavdevice , version 58.13.100
[3.460s] -- Found AVDEVICE: TRUE (Required is at least version "56.4.100") 
[3.473s] -- Checking for module 'libavformat'
[3.519s] --   Found libavformat, version 58.76.100
[3.605s] -- Found AVFORMAT: TRUE  
[3.618s] -- Checking for module 'libavcodec'
[3.663s] --   Found libavcodec, version 58.134.100
[3.749s] -- Found AVCODEC: TRUE  
[3.762s] -- Checking for module 'libavutil'
[3.808s] --   Found libavutil, version 56.70.100
[3.890s] -- Found AVUTIL: TRUE  
[3.933s] -- Looking for ignition-fuel_tools7 -- found version 7.3.1
[3.933s] -- Searching for dependencies of ignition-fuel_tools7
[4.165s] -- Found CURL: /usr/lib/x86_64-linux-gnu/libcurl.so (found version "7.81.0")  
[4.218s] -- Checking for module 'jsoncpp'
[4.263s] --   Found jsoncpp, version 1.9.5
[4.346s] -- Found JSONCPP: TRUE  
[4.379s] -- Checking for module 'libzip'
[4.425s] --   Found libzip, version 1.7.3
[4.509s] -- Found ZIP: TRUE  
[4.509s] -- Looking for ignition-common4 -- found version 4.7.0
[4.509s] -- Looking for ignition-math6 -- found version 6.15.1
[4.510s] -- Looking for ignition-msgs8 -- found version 8.7.0
[4.552s] -- Looking for ignition-gui6 -- found version 6.8.0
[4.553s] -- Searching for dependencies of ignition-gui6
[4.621s] -- Looking for ignition-math6 -- found version 6.15.1
[4.621s] -- Looking for ignition-common4 -- found version 4.7.0
[4.621s] -- Looking for ignition-plugin1 -- found version 1.4.0
[4.621s] -- Looking for ignition-transport11 -- found version 11.4.1
[4.664s] -- Looking for ignition-rendering6 -- found version 6.6.3
[4.664s] -- Searching for dependencies of ignition-rendering6
[4.664s] -- Looking for ignition-math6 -- found version 6.15.1
[4.665s] -- Searching for dependencies of ignition-math6
[4.665s] -- Searching for <ignition-math6> component [eigen3]
[4.702s] -- Looking for ignition-math6-eigen3 -- found version 6.15.1
[4.702s] -- Searching for dependencies of ignition-math6-eigen3
[4.745s] -- Looking for ignition-common4 -- found version 4.7.0
[4.745s] -- Searching for dependencies of ignition-common4
[4.745s] -- Looking for dlfcn.h - found
[4.745s] -- Looking for libdl - found
[4.760s] -- Searching for <ignition-common4> component [graphics]
[4.797s] -- Looking for ignition-common4-graphics -- found version 4.7.0
[4.797s] -- Searching for dependencies of ignition-common4-graphics
[4.797s] -- Looking for ignition-math6 -- found version 6.15.1
[4.797s] -- Looking for ignition-utils1 -- found version 1.5.1
[4.798s] -- Searching for <ignition-common4> component [events]
[4.799s] -- Looking for ignition-plugin1 -- found version 1.4.0
[4.799s] -- Searching for dependencies of ignition-plugin1
[4.799s] -- Searching for <ignition-plugin1> component [all]
[4.835s] -- Looking for all libraries of ignition-plugin1 -- found version 1.4.0
[4.836s] -- Looking for ignition-plugin1 -- found version 1.4.0
[4.838s] -- Looking for ignition-msgs8 -- found version 8.7.0
[4.942s] -- Looking for ignition-physics5 -- found version 5.3.2
[4.942s] -- Searching for dependencies of ignition-physics5
[4.943s] -- Looking for ignition-math6 -- found version 6.15.1
[4.943s] -- Looking for ignition-plugin1 -- found version 1.4.0
[4.943s] -- Looking for ignition-utils1 -- found version 1.5.1
[4.944s] -- Searching for <ignition-physics5> component [heightmap]
[4.983s] -- Looking for ignition-physics5-heightmap -- found version 5.3.2
[4.983s] -- Searching for dependencies of ignition-physics5-heightmap
[4.983s] -- Looking for ignition-common4 -- found version 4.7.0
[4.984s] -- Searching for <ignition-physics5> component [mesh]
[5.021s] -- Looking for ignition-physics5-mesh -- found version 5.3.2
[5.021s] -- Searching for dependencies of ignition-physics5-mesh
[5.021s] -- Looking for ignition-common4 -- found version 4.7.0
[5.022s] -- Searching for <ignition-physics5> component [sdf]
[5.059s] -- Looking for ignition-physics5-sdf -- found version 5.3.2
[5.060s] -- Searching for dependencies of ignition-physics5-sdf
[5.060s] -- Looking for sdformat12 -- found version 12.8.0
[5.097s] -- Looking for ignition-sensors6 -- found version 6.8.1
[5.098s] -- Searching for dependencies of ignition-sensors6
[5.152s] -- Found Protobuf: /usr/lib/x86_64-linux-gnu/libprotobuf.so (found version "3.12.4") 
[5.152s] -- Looking for ignition-math6 -- found version 6.15.1
[5.152s] -- Looking for ignition-common4 -- found version 4.7.0
[5.153s] -- Looking for ignition-transport11 -- found version 11.4.1
[5.153s] -- Looking for ignition-rendering6 -- found version 6.6.3
[5.153s] -- Looking for ignition-msgs8 -- found version 8.7.0
[5.154s] -- Looking for sdformat12 -- found version 12.8.0
[5.154s] -- Searching for <ignition-sensors6> component [air_pressure]
[5.192s] -- Looking for ignition-sensors6-air_pressure -- found version 6.8.1
[5.193s] -- Searching for dependencies of ignition-sensors6-air_pressure
[5.193s] -- Searching for <ignition-sensors6> component [altimeter]
[5.230s] -- Looking for ignition-sensors6-altimeter -- found version 6.8.1
[5.231s] -- Searching for dependencies of ignition-sensors6-altimeter
[5.231s] -- Searching for <ignition-sensors6> component [imu]
[5.269s] -- Looking for ignition-sensors6-imu -- found version 6.8.1
[5.269s] -- Searching for dependencies of ignition-sensors6-imu
[5.270s] -- Searching for <ignition-sensors6> component [force_torque]
[5.307s] -- Looking for ignition-sensors6-force_torque -- found version 6.8.1
[5.307s] -- Searching for dependencies of ignition-sensors6-force_torque
[5.308s] -- Searching for <ignition-sensors6> component [logical_camera]
[5.344s] -- Looking for ignition-sensors6-logical_camera -- found version 6.8.1
[5.344s] -- Searching for dependencies of ignition-sensors6-logical_camera
[5.345s] -- Searching for <ignition-sensors6> component [magnetometer]
[5.381s] -- Looking for ignition-sensors6-magnetometer -- found version 6.8.1
[5.382s] -- Searching for dependencies of ignition-sensors6-magnetometer
[5.382s] -- Searching for <ignition-sensors6> component [navsat]
[5.419s] -- Looking for ignition-sensors6-navsat -- found version 6.8.1
[5.419s] -- Searching for dependencies of ignition-sensors6-navsat
[5.420s] -- Searching for <ignition-sensors6> component [rendering]
[5.456s] -- Looking for ignition-sensors6-rendering -- found version 6.8.1
[5.457s] -- Searching for dependencies of ignition-sensors6-rendering
[5.457s] -- Searching for <ignition-sensors6> component [lidar]
[5.495s] -- Looking for ignition-sensors6-lidar -- found version 6.8.1
[5.496s] -- Searching for dependencies of ignition-sensors6-lidar
[5.496s] -- Looking for ignition-sensors6 -- found version 6.8.1
[5.497s] -- Searching for <ignition-sensors6> component [gpu_lidar]
[5.535s] -- Looking for ignition-sensors6-gpu_lidar -- found version 6.8.1
[5.535s] -- Searching for dependencies of ignition-sensors6-gpu_lidar
[5.535s] -- Looking for ignition-sensors6 -- found version 6.8.1
[5.536s] -- Searching for <ignition-sensors6> component [camera]
[5.572s] -- Looking for ignition-sensors6-camera -- found version 6.8.1
[5.573s] -- Searching for dependencies of ignition-sensors6-camera
[5.573s] -- Looking for ignition-sensors6 -- found version 6.8.1
[5.574s] -- Searching for <ignition-sensors6> component [boundingbox_camera]
[5.611s] -- Looking for ignition-sensors6-boundingbox_camera -- found version 6.8.1
[5.611s] -- Searching for dependencies of ignition-sensors6-boundingbox_camera
[5.611s] -- Searching for <ignition-sensors6> component [segmentation_camera]
[5.648s] -- Looking for ignition-sensors6-segmentation_camera -- found version 6.8.1
[5.648s] -- Searching for dependencies of ignition-sensors6-segmentation_camera
[5.649s] -- Searching for <ignition-sensors6> component [depth_camera]
[5.686s] -- Looking for ignition-sensors6-depth_camera -- found version 6.8.1
[5.686s] -- Searching for dependencies of ignition-sensors6-depth_camera
[5.686s] -- Looking for ignition-sensors6 -- found version 6.8.1
[5.687s] -- Searching for <ignition-sensors6> component [rgbd_camera]
[5.724s] -- Looking for ignition-sensors6-rgbd_camera -- found version 6.8.1
[5.724s] -- Searching for dependencies of ignition-sensors6-rgbd_camera
[5.724s] -- Looking for ignition-sensors6 -- found version 6.8.1
[5.725s] -- Searching for <ignition-sensors6> component [thermal_camera]
[5.761s] -- Looking for ignition-sensors6-thermal_camera -- found version 6.8.1
[5.762s] -- Searching for dependencies of ignition-sensors6-thermal_camera
[5.762s] -- Looking for ignition-sensors6 -- found version 6.8.1
[5.763s] -- Looking for ignition-rendering6 -- found version 6.6.3
[5.764s] -- Looking for ignition-math6 -- found version 6.15.1
[5.800s] -- Looking for ignition-utils1 -- found version 1.5.1
[5.877s] -- Found ament_lint_auto: 0.12.12 (/home/jaboy/ros2_humble/install/ament_lint_auto/share/ament_lint_auto/cmake)
[6.002s] -- Configuring done
[6.019s] -- Generating done
[6.022s] -- Build files have been written to: /home/jaboy/Documents/RBE500_Project/RBE500_Project/build/ros_gz_example_gazebo
