[  3%] Built target inverse_kin__cpp
[ 12%] Built target inverse_kin__rosidl_generator_c
[ 12%] Built target ament_cmake_python_copy_inverse_kin
[ 55%] Built target inverse_kin__rosidl_typesupport_introspection_c
[ 55%] Built target inverse_kin__rosidl_typesupport_cpp
[ 55%] Built target inverse_kin__rosidl_typesupport_fastrtps_cpp
[ 57%] Built target inverse_kin__rosidl_typesupport_c
[ 68%] Built target inverse_kin__rosidl_typesupport_introspection_cpp
[ 79%] Built target inverse_kin__rosidl_typesupport_fastrtps_c
[ 79%] Built target inverse_kin
[ 80%] Built target inverse_kin__py
[ 90%] Built target inverse_kin__rosidl_generator_py
[ 98%] Built target inverse_kin__rosidl_typesupport_fastrtps_c__pyext
[100%] Built target inverse_kin__rosidl_typesupport_introspection_c__pyext
[100%] Built target inverse_kin__rosidl_typesupport_c__pyext
running egg_info
writing inverse_kin.egg-info/PKG-INFO
writing dependency_links to inverse_kin.egg-info/dependency_links.txt
writing top-level names to inverse_kin.egg-info/top_level.txt
reading manifest file 'inverse_kin.egg-info/SOURCES.txt'
writing manifest file 'inverse_kin.egg-info/SOURCES.txt'
[100%] Built target ament_cmake_python_build_inverse_kin_egg
