[1.414s] Invoking command in '/home/jaboy/Documents/RBE500_Project/RBE500_Project/forward_kinematics': PYTHONPATH=/home/jaboy/Documents/RBE500_Project/RBE500_Project/build/forward_kinematics/prefix_override:/usr/lib/python3/dist-packages/colcon_core/task/python/colcon_distutils_commands:/home/jaboy/Documents/RBE500_Project/RBE500_Project/install/forward_kinematics/lib/python3.10/site-packages:${PYTHONPATH} /usr/bin/python3 -W ignore:setup.py install is deprecated -W ignore:easy_install command is deprecated setup.py egg_info --egg-base ../build/forward_kinematics build --build-base /home/jaboy/Documents/RBE500_Project/RBE500_Project/build/forward_kinematics/build install --record /home/jaboy/Documents/RBE500_Project/RBE500_Project/build/forward_kinematics/install.log --single-version-externally-managed install_data
[1.805s] running egg_info
[1.805s] writing ../build/forward_kinematics/forward_kinematics.egg-info/PKG-INFO
[1.805s] writing dependency_links to ../build/forward_kinematics/forward_kinematics.egg-info/dependency_links.txt
[1.805s] writing entry points to ../build/forward_kinematics/forward_kinematics.egg-info/entry_points.txt
[1.805s] writing requirements to ../build/forward_kinematics/forward_kinematics.egg-info/requires.txt
[1.805s] writing top-level names to ../build/forward_kinematics/forward_kinematics.egg-info/top_level.txt
[1.807s] reading manifest file '../build/forward_kinematics/forward_kinematics.egg-info/SOURCES.txt'
[1.807s] adding license file 'LICENSE'
[1.807s] writing manifest file '../build/forward_kinematics/forward_kinematics.egg-info/SOURCES.txt'
[1.808s] running build
[1.808s] running build_py
[1.808s] running install
[1.808s] running install_lib
[1.810s] running install_data
[1.810s] running install_egg_info
[1.813s] removing '/home/jaboy/Documents/RBE500_Project/RBE500_Project/install/forward_kinematics/lib/python3.10/site-packages/forward_kinematics-0.0.0-py3.10.egg-info' (and everything under it)
[1.813s] Copying ../build/forward_kinematics/forward_kinematics.egg-info to /home/jaboy/Documents/RBE500_Project/RBE500_Project/install/forward_kinematics/lib/python3.10/site-packages/forward_kinematics-0.0.0-py3.10.egg-info
[1.814s] running install_scripts
[1.845s] Installing pose_pub script to /home/jaboy/Documents/RBE500_Project/RBE500_Project/install/forward_kinematics/lib/forward_kinematics
[1.845s] writing list of installed files to '/home/jaboy/Documents/RBE500_Project/RBE500_Project/build/forward_kinematics/install.log'
[1.871s] Invoked command in '/home/jaboy/Documents/RBE500_Project/RBE500_Project/forward_kinematics' returned '0': PYTHONPATH=/home/jaboy/Documents/RBE500_Project/RBE500_Project/build/forward_kinematics/prefix_override:/usr/lib/python3/dist-packages/colcon_core/task/python/colcon_distutils_commands:/home/jaboy/Documents/RBE500_Project/RBE500_Project/install/forward_kinematics/lib/python3.10/site-packages:${PYTHONPATH} /usr/bin/python3 -W ignore:setup.py install is deprecated -W ignore:easy_install command is deprecated setup.py egg_info --egg-base ../build/forward_kinematics build --build-base /home/jaboy/Documents/RBE500_Project/RBE500_Project/build/forward_kinematics/build install --record /home/jaboy/Documents/RBE500_Project/RBE500_Project/build/forward_kinematics/install.log --single-version-externally-managed install_data
