[  1%] [34m[1mGenerating C code for ROS interfaces[0m
[  3%] [34m[1mGenerating C++ code for ROS interfaces[0m
[  3%] Built target ament_cmake_python_copy_inverse_kin
running egg_info
creating inverse_kin.egg-info
writing inverse_kin.egg-info/PKG-INFO
writing dependency_links to inverse_kin.egg-info/dependency_links.txt
writing top-level names to inverse_kin.egg-info/top_level.txt
writing manifest file 'inverse_kin.egg-info/SOURCES.txt'
reading manifest file 'inverse_kin.egg-info/SOURCES.txt'
writing manifest file 'inverse_kin.egg-info/SOURCES.txt'
[  3%] Built target ament_cmake_python_build_inverse_kin_egg
[  3%] Built target inverse_kin__cpp
[  9%] [32mBuilding C object CMakeFiles/inverse_kin__rosidl_generator_c.dir/rosidl_generator_c/inverse_kin/msg/detail/inv_kin__functions.c.o[0m
[  9%] [32mBuilding C object CMakeFiles/inverse_kin__rosidl_generator_c.dir/rosidl_generator_c/inverse_kin/srv/detail/add_three_ints__functions.c.o[0m
[  9%] [32mBuilding C object CMakeFiles/inverse_kin__rosidl_generator_c.dir/rosidl_generator_c/inverse_kin/msg/detail/sphere__functions.c.o[0m
[  9%] [32mBuilding C object CMakeFiles/inverse_kin__rosidl_generator_c.dir/rosidl_generator_c/inverse_kin/srv/detail/inv_kin__functions.c.o[0m
[ 11%] [32mBuilding C object CMakeFiles/inverse_kin__rosidl_generator_c.dir/rosidl_generator_c/inverse_kin/msg/detail/num__functions.c.o[0m
[ 12%] [34m[1mGenerating C++ type support dispatch for ROS interfaces[0m
[ 14%] [34m[1mGenerating C++ type support for eProsima Fast-RTPS[0m
[ 15%] [34m[1mGenerating C++ introspection for ROS interfaces[0m
[ 17%] [32m[1mLinking C shared library libinverse_kin__rosidl_generator_c.so[0m
[ 17%] Built target inverse_kin__rosidl_generator_c
[ 22%] [34m[1mGenerating C type support for eProsima Fast-RTPS[0m
[ 22%] [34m[1mGenerating C introspection for ROS interfaces[0m
[ 22%] [34m[1mGenerating C type support dispatch for ROS interfaces[0m
[ 23%] [32mBuilding CXX object CMakeFiles/inverse_kin__rosidl_typesupport_cpp.dir/rosidl_typesupport_cpp/inverse_kin/srv/add_three_ints__type_support.cpp.o[0m
[ 25%] [32mBuilding CXX object CMakeFiles/inverse_kin__rosidl_typesupport_cpp.dir/rosidl_typesupport_cpp/inverse_kin/msg/num__type_support.cpp.o[0m
[ 26%] [32mBuilding CXX object CMakeFiles/inverse_kin__rosidl_typesupport_cpp.dir/rosidl_typesupport_cpp/inverse_kin/msg/sphere__type_support.cpp.o[0m
[ 28%] [32mBuilding CXX object CMakeFiles/inverse_kin__rosidl_typesupport_cpp.dir/rosidl_typesupport_cpp/inverse_kin/msg/inv_kin__type_support.cpp.o[0m
[ 30%] [32mBuilding CXX object CMakeFiles/inverse_kin__rosidl_typesupport_cpp.dir/rosidl_typesupport_cpp/inverse_kin/srv/inv_kin__type_support.cpp.o[0m
[ 31%] [32mBuilding CXX object CMakeFiles/inverse_kin__rosidl_typesupport_introspection_cpp.dir/rosidl_typesupport_introspection_cpp/inverse_kin/msg/detail/num__type_support.cpp.o[0m
[ 33%] [32mBuilding CXX object CMakeFiles/inverse_kin__rosidl_typesupport_introspection_cpp.dir/rosidl_typesupport_introspection_cpp/inverse_kin/msg/detail/inv_kin__type_support.cpp.o[0m
[ 34%] [32mBuilding CXX object CMakeFiles/inverse_kin__rosidl_typesupport_introspection_cpp.dir/rosidl_typesupport_introspection_cpp/inverse_kin/srv/detail/add_three_ints__type_support.cpp.o[0m
[ 36%] [32mBuilding CXX object CMakeFiles/inverse_kin__rosidl_typesupport_introspection_cpp.dir/rosidl_typesupport_introspection_cpp/inverse_kin/msg/detail/sphere__type_support.cpp.o[0m
[ 38%] [32mBuilding CXX object CMakeFiles/inverse_kin__rosidl_typesupport_introspection_cpp.dir/rosidl_typesupport_introspection_cpp/inverse_kin/srv/detail/inv_kin__type_support.cpp.o[0m
[ 39%] [32mBuilding CXX object CMakeFiles/inverse_kin__rosidl_typesupport_fastrtps_cpp.dir/rosidl_typesupport_fastrtps_cpp/inverse_kin/msg/detail/dds_fastrtps/num__type_support.cpp.o[0m
[ 42%] [32mBuilding CXX object CMakeFiles/inverse_kin__rosidl_typesupport_fastrtps_cpp.dir/rosidl_typesupport_fastrtps_cpp/inverse_kin/msg/detail/dds_fastrtps/inv_kin__type_support.cpp.o[0m
[ 42%] [32mBuilding CXX object CMakeFiles/inverse_kin__rosidl_typesupport_fastrtps_cpp.dir/rosidl_typesupport_fastrtps_cpp/inverse_kin/msg/detail/dds_fastrtps/sphere__type_support.cpp.o[0m
[ 44%] [32m[1mLinking CXX shared library libinverse_kin__rosidl_typesupport_cpp.so[0m
[ 46%] [32mBuilding CXX object CMakeFiles/inverse_kin__rosidl_typesupport_fastrtps_cpp.dir/rosidl_typesupport_fastrtps_cpp/inverse_kin/srv/detail/dds_fastrtps/inv_kin__type_support.cpp.o[0m
[ 47%] [32mBuilding CXX object CMakeFiles/inverse_kin__rosidl_typesupport_fastrtps_cpp.dir/rosidl_typesupport_fastrtps_cpp/inverse_kin/srv/detail/dds_fastrtps/add_three_ints__type_support.cpp.o[0m
[ 49%] [32mBuilding CXX object CMakeFiles/inverse_kin__rosidl_typesupport_c.dir/rosidl_typesupport_c/inverse_kin/msg/sphere__type_support.cpp.o[0m
[ 50%] [32mBuilding CXX object CMakeFiles/inverse_kin__rosidl_typesupport_c.dir/rosidl_typesupport_c/inverse_kin/msg/num__type_support.cpp.o[0m
[ 52%] [32mBuilding CXX object CMakeFiles/inverse_kin__rosidl_typesupport_c.dir/rosidl_typesupport_c/inverse_kin/msg/inv_kin__type_support.cpp.o[0m
[ 52%] Built target inverse_kin__rosidl_typesupport_cpp
[ 53%] [32mBuilding CXX object CMakeFiles/inverse_kin__rosidl_typesupport_c.dir/rosidl_typesupport_c/inverse_kin/srv/inv_kin__type_support.cpp.o[0m
[ 55%] [32mBuilding C object CMakeFiles/inverse_kin__rosidl_typesupport_introspection_c.dir/rosidl_typesupport_introspection_c/inverse_kin/msg/detail/sphere__type_support.c.o[0m
[ 57%] [32mBuilding C object CMakeFiles/inverse_kin__rosidl_typesupport_introspection_c.dir/rosidl_typesupport_introspection_c/inverse_kin/msg/detail/num__type_support.c.o[0m
[ 58%] [32mBuilding CXX object CMakeFiles/inverse_kin__rosidl_typesupport_c.dir/rosidl_typesupport_c/inverse_kin/srv/add_three_ints__type_support.cpp.o[0m
[ 60%] [32mBuilding C object CMakeFiles/inverse_kin__rosidl_typesupport_introspection_c.dir/rosidl_typesupport_introspection_c/inverse_kin/msg/detail/inv_kin__type_support.c.o[0m
[ 61%] [32mBuilding C object CMakeFiles/inverse_kin__rosidl_typesupport_introspection_c.dir/rosidl_typesupport_introspection_c/inverse_kin/srv/detail/inv_kin__type_support.c.o[0m
[ 63%] [32mBuilding C object CMakeFiles/inverse_kin__rosidl_typesupport_introspection_c.dir/rosidl_typesupport_introspection_c/inverse_kin/srv/detail/add_three_ints__type_support.c.o[0m
[ 65%] [32mBuilding CXX object CMakeFiles/inverse_kin__rosidl_typesupport_fastrtps_c.dir/rosidl_typesupport_fastrtps_c/inverse_kin/msg/detail/sphere__type_support_c.cpp.o[0m
[ 66%] [32mBuilding CXX object CMakeFiles/inverse_kin__rosidl_typesupport_fastrtps_c.dir/rosidl_typesupport_fastrtps_c/inverse_kin/msg/detail/num__type_support_c.cpp.o[0m
[ 68%] [32m[1mLinking CXX shared library libinverse_kin__rosidl_typesupport_c.so[0m
[ 69%] [32mBuilding CXX object CMakeFiles/inverse_kin__rosidl_typesupport_fastrtps_c.dir/rosidl_typesupport_fastrtps_c/inverse_kin/msg/detail/inv_kin__type_support_c.cpp.o[0m
[ 71%] [32mBuilding CXX object CMakeFiles/inverse_kin__rosidl_typesupport_fastrtps_c.dir/rosidl_typesupport_fastrtps_c/inverse_kin/srv/detail/inv_kin__type_support_c.cpp.o[0m
[ 73%] [32mBuilding CXX object CMakeFiles/inverse_kin__rosidl_typesupport_fastrtps_c.dir/rosidl_typesupport_fastrtps_c/inverse_kin/srv/detail/add_three_ints__type_support_c.cpp.o[0m
[ 74%] [32m[1mLinking C shared library libinverse_kin__rosidl_typesupport_introspection_c.so[0m
[ 76%] [32m[1mLinking CXX shared library libinverse_kin__rosidl_typesupport_introspection_cpp.so[0m
[ 76%] Built target inverse_kin__rosidl_typesupport_c
[ 76%] Built target inverse_kin__rosidl_typesupport_introspection_c
[ 76%] Built target inverse_kin__rosidl_typesupport_introspection_cpp
[ 77%] [32m[1mLinking CXX shared library libinverse_kin__rosidl_typesupport_fastrtps_cpp.so[0m
[ 79%] [32m[1mLinking CXX shared library libinverse_kin__rosidl_typesupport_fastrtps_c.so[0m
[ 79%] Built target inverse_kin__rosidl_typesupport_fastrtps_cpp
[ 79%] Built target inverse_kin__rosidl_typesupport_fastrtps_c
[ 79%] Built target inverse_kin
[ 80%] [34m[1mGenerating Python code for ROS interfaces[0m
[ 80%] Built target inverse_kin__py
[ 88%] [32mBuilding C object CMakeFiles/inverse_kin__rosidl_generator_py.dir/rosidl_generator_py/inverse_kin/msg/_sphere_s.c.o[0m
[ 88%] [32mBuilding C object CMakeFiles/inverse_kin__rosidl_generator_py.dir/rosidl_generator_py/inverse_kin/msg/_inv_kin_s.c.o[0m
[ 88%] [32mBuilding C object CMakeFiles/inverse_kin__rosidl_generator_py.dir/rosidl_generator_py/inverse_kin/srv/_inv_kin_s.c.o[0m
[ 88%] [32mBuilding C object CMakeFiles/inverse_kin__rosidl_generator_py.dir/rosidl_generator_py/inverse_kin/srv/_add_three_ints_s.c.o[0m
[ 88%] [32mBuilding C object CMakeFiles/inverse_kin__rosidl_generator_py.dir/rosidl_generator_py/inverse_kin/msg/_num_s.c.o[0m
[ 90%] [32m[1mLinking C shared library rosidl_generator_py/inverse_kin/libinverse_kin__rosidl_generator_py.so[0m
[ 90%] Built target inverse_kin__rosidl_generator_py
[ 95%] [32mBuilding C object CMakeFiles/inverse_kin__rosidl_typesupport_introspection_c__pyext.dir/rosidl_generator_py/inverse_kin/_inverse_kin_s.ep.rosidl_typesupport_introspection_c.c.o[0m
[ 95%] [32mBuilding C object CMakeFiles/inverse_kin__rosidl_typesupport_c__pyext.dir/rosidl_generator_py/inverse_kin/_inverse_kin_s.ep.rosidl_typesupport_c.c.o[0m
[ 95%] [32mBuilding C object CMakeFiles/inverse_kin__rosidl_typesupport_fastrtps_c__pyext.dir/rosidl_generator_py/inverse_kin/_inverse_kin_s.ep.rosidl_typesupport_fastrtps_c.c.o[0m
[ 98%] [32m[1mLinking C shared library rosidl_generator_py/inverse_kin/inverse_kin_s__rosidl_typesupport_introspection_c.cpython-310-x86_64-linux-gnu.so[0m
[ 98%] [32m[1mLinking C shared library rosidl_generator_py/inverse_kin/inverse_kin_s__rosidl_typesupport_c.cpython-310-x86_64-linux-gnu.so[0m
[100%] [32m[1mLinking C shared library rosidl_generator_py/inverse_kin/inverse_kin_s__rosidl_typesupport_fastrtps_c.cpython-310-x86_64-linux-gnu.so[0m
[100%] Built target inverse_kin__rosidl_typesupport_c__pyext
[100%] Built target inverse_kin__rosidl_typesupport_introspection_c__pyext
[100%] Built target inverse_kin__rosidl_typesupport_fastrtps_c__pyext
