[2.580s] Invoking command in '/home/jaboy/Documents/RBE500_Project/RBE500_Project/control': PYTHONPATH=/home/jaboy/Documents/RBE500_Project/RBE500_Project/build/control/prefix_override:/usr/lib/python3/dist-packages/colcon_core/task/python/colcon_distutils_commands:/home/jaboy/Documents/RBE500_Project/RBE500_Project/install/control/lib/python3.10/site-packages:${PYTHONPATH} /usr/bin/python3 -W ignore:setup.py install is deprecated -W ignore:easy_install command is deprecated setup.py egg_info --egg-base ../build/control build --build-base /home/jaboy/Documents/RBE500_Project/RBE500_Project/build/control/build install --record /home/jaboy/Documents/RBE500_Project/RBE500_Project/build/control/install.log --single-version-externally-managed install_data
[3.198s] running egg_info
[3.198s] writing ../build/control/control.egg-info/PKG-INFO
[3.198s] writing dependency_links to ../build/control/control.egg-info/dependency_links.txt
[3.199s] writing entry points to ../build/control/control.egg-info/entry_points.txt
[3.199s] writing requirements to ../build/control/control.egg-info/requires.txt
[3.199s] writing top-level names to ../build/control/control.egg-info/top_level.txt
[3.201s] reading manifest file '../build/control/control.egg-info/SOURCES.txt'
[3.201s] writing manifest file '../build/control/control.egg-info/SOURCES.txt'
[3.201s] running build
[3.202s] running build_py
[3.202s] running install
[3.202s] running install_lib
[3.205s] running install_data
[3.205s] running install_egg_info
[3.209s] removing '/home/jaboy/Documents/RBE500_Project/RBE500_Project/install/control/lib/python3.10/site-packages/control-0.0.0-py3.10.egg-info' (and everything under it)
[3.209s] Copying ../build/control/control.egg-info to /home/jaboy/Documents/RBE500_Project/RBE500_Project/install/control/lib/python3.10/site-packages/control-0.0.0-py3.10.egg-info
[3.210s] running install_scripts
[3.252s] Installing client script to /home/jaboy/Documents/RBE500_Project/RBE500_Project/install/control/lib/control
[3.252s] Installing service script to /home/jaboy/Documents/RBE500_Project/RBE500_Project/install/control/lib/control
[3.252s] writing list of installed files to '/home/jaboy/Documents/RBE500_Project/RBE500_Project/build/control/install.log'
[3.276s] Invoked command in '/home/jaboy/Documents/RBE500_Project/RBE500_Project/control' returned '0': PYTHONPATH=/home/jaboy/Documents/RBE500_Project/RBE500_Project/build/control/prefix_override:/usr/lib/python3/dist-packages/colcon_core/task/python/colcon_distutils_commands:/home/jaboy/Documents/RBE500_Project/RBE500_Project/install/control/lib/python3.10/site-packages:${PYTHONPATH} /usr/bin/python3 -W ignore:setup.py install is deprecated -W ignore:easy_install command is deprecated setup.py egg_info --egg-base ../build/control build --build-base /home/jaboy/Documents/RBE500_Project/RBE500_Project/build/control/build install --record /home/jaboy/Documents/RBE500_Project/RBE500_Project/build/control/install.log --single-version-externally-managed install_data
