[0.168s] DEBUG:colcon:Command line arguments: ['/usr/bin/colcon', 'build']
[0.168s] DEBUG:colcon:Parsed command line arguments: Namespace(log_base=None, log_level=None, verb_name='build', build_base='build', install_base='install', merge_install=False, symlink_install=False, test_result_base=None, continue_on_error=False, executor='parallel', parallel_workers=16, event_handlers=None, ignore_user_meta=False, metas=['./colcon.meta'], base_paths=['.'], packages_ignore=None, packages_ignore_regex=None, paths=None, packages_up_to=None, packages_up_to_regex=None, packages_above=None, packages_above_and_dependencies=None, packages_above_depth=None, packages_select_by_dep=None, packages_skip_by_dep=None, packages_skip_up_to=None, packages_select_build_failed=False, packages_skip_build_finished=False, packages_select_test_failures=False, packages_skip_test_passed=False, packages_select=None, packages_skip=None, packages_select_regex=None, packages_skip_regex=None, packages_start=None, packages_end=None, allow_overriding=[], cmake_args=None, cmake_target=None, cmake_target_skip_unavailable=False, cmake_clean_cache=False, cmake_clean_first=False, cmake_force_configure=False, ament_cmake_args=None, catkin_cmake_args=None, catkin_skip_building_tests=False, mixin_files=None, mixin=None, verb_parser=<colcon_mixin.mixin.mixin_argument.MixinArgumentDecorator object at 0x763e28b93400>, verb_extension=<colcon_core.verb.build.BuildVerb object at 0x763e28b40d90>, main=<bound method BuildVerb.main of <colcon_core.verb.build.BuildVerb object at 0x763e28b40d90>>, mixin_verb=('build',))
[0.390s] Level 1:colcon.colcon_core.package_discovery:discover_packages(colcon_meta) check parameters
[0.390s] Level 1:colcon.colcon_core.package_discovery:discover_packages(recursive) check parameters
[0.390s] Level 1:colcon.colcon_core.package_discovery:discover_packages(ignore) check parameters
[0.390s] Level 1:colcon.colcon_core.package_discovery:discover_packages(path) check parameters
[0.390s] Level 1:colcon.colcon_core.package_discovery:discover_packages(colcon_meta) discover
[0.390s] Level 1:colcon.colcon_core.package_discovery:discover_packages(recursive) discover
[0.390s] INFO:colcon.colcon_core.package_discovery:Crawling recursively for packages in '/home/jaboy/Documents/RBE500_Project/RBE500_Project'
[0.391s] Level 1:colcon.colcon_core.package_identification:_identify(.) by extensions ['ignore', 'ignore_ament_install']
[0.391s] Level 1:colcon.colcon_core.package_identification:_identify(.) by extension 'ignore'
[0.391s] Level 1:colcon.colcon_core.package_identification:_identify(.) by extension 'ignore_ament_install'
[0.391s] Level 1:colcon.colcon_core.package_identification:_identify(.) by extensions ['colcon_pkg']
[0.391s] Level 1:colcon.colcon_core.package_identification:_identify(.) by extension 'colcon_pkg'
[0.391s] Level 1:colcon.colcon_core.package_identification:_identify(.) by extensions ['colcon_meta']
[0.391s] Level 1:colcon.colcon_core.package_identification:_identify(.) by extension 'colcon_meta'
[0.391s] Level 1:colcon.colcon_core.package_identification:_identify(.) by extensions ['ros']
[0.391s] Level 1:colcon.colcon_core.package_identification:_identify(.) by extension 'ros'
[0.400s] Level 1:colcon.colcon_core.package_identification:_identify(.) by extensions ['cmake', 'python']
[0.400s] Level 1:colcon.colcon_core.package_identification:_identify(.) by extension 'cmake'
[0.400s] Level 1:colcon.colcon_core.package_identification:_identify(.) by extension 'python'
[0.400s] Level 1:colcon.colcon_core.package_identification:_identify(.) by extensions ['python_setup_py']
[0.400s] Level 1:colcon.colcon_core.package_identification:_identify(.) by extension 'python_setup_py'
[0.400s] Level 1:colcon.colcon_core.package_identification:_identify(build) by extensions ['ignore', 'ignore_ament_install']
[0.400s] Level 1:colcon.colcon_core.package_identification:_identify(build) by extension 'ignore'
[0.400s] Level 1:colcon.colcon_core.package_identification:_identify(build) ignored
[0.400s] Level 1:colcon.colcon_core.package_identification:_identify(control) by extensions ['ignore', 'ignore_ament_install']
[0.400s] Level 1:colcon.colcon_core.package_identification:_identify(control) by extension 'ignore'
[0.400s] Level 1:colcon.colcon_core.package_identification:_identify(control) by extension 'ignore_ament_install'
[0.400s] Level 1:colcon.colcon_core.package_identification:_identify(control) by extensions ['colcon_pkg']
[0.400s] Level 1:colcon.colcon_core.package_identification:_identify(control) by extension 'colcon_pkg'
[0.400s] Level 1:colcon.colcon_core.package_identification:_identify(control) by extensions ['colcon_meta']
[0.400s] Level 1:colcon.colcon_core.package_identification:_identify(control) by extension 'colcon_meta'
[0.400s] Level 1:colcon.colcon_core.package_identification:_identify(control) by extensions ['ros']
[0.400s] Level 1:colcon.colcon_core.package_identification:_identify(control) by extension 'ros'
[0.402s] DEBUG:colcon.colcon_core.package_identification:Package 'control' with type 'ros.ament_python' and name 'control'
[0.402s] Level 1:colcon.colcon_core.package_identification:_identify(custom_interfaces) by extensions ['ignore', 'ignore_ament_install']
[0.402s] Level 1:colcon.colcon_core.package_identification:_identify(custom_interfaces) by extension 'ignore'
[0.402s] Level 1:colcon.colcon_core.package_identification:_identify(custom_interfaces) by extension 'ignore_ament_install'
[0.402s] Level 1:colcon.colcon_core.package_identification:_identify(custom_interfaces) by extensions ['colcon_pkg']
[0.402s] Level 1:colcon.colcon_core.package_identification:_identify(custom_interfaces) by extension 'colcon_pkg'
[0.402s] Level 1:colcon.colcon_core.package_identification:_identify(custom_interfaces) by extensions ['colcon_meta']
[0.402s] Level 1:colcon.colcon_core.package_identification:_identify(custom_interfaces) by extension 'colcon_meta'
[0.402s] Level 1:colcon.colcon_core.package_identification:_identify(custom_interfaces) by extensions ['ros']
[0.402s] Level 1:colcon.colcon_core.package_identification:_identify(custom_interfaces) by extension 'ros'
[0.403s] DEBUG:colcon.colcon_core.package_identification:Package 'custom_interfaces' with type 'ros.ament_cmake' and name 'custom_interfaces'
[0.403s] Level 1:colcon.colcon_core.package_identification:_identify(forward_kinematics) by extensions ['ignore', 'ignore_ament_install']
[0.403s] Level 1:colcon.colcon_core.package_identification:_identify(forward_kinematics) by extension 'ignore'
[0.403s] Level 1:colcon.colcon_core.package_identification:_identify(forward_kinematics) by extension 'ignore_ament_install'
[0.403s] Level 1:colcon.colcon_core.package_identification:_identify(forward_kinematics) by extensions ['colcon_pkg']
[0.403s] Level 1:colcon.colcon_core.package_identification:_identify(forward_kinematics) by extension 'colcon_pkg'
[0.403s] Level 1:colcon.colcon_core.package_identification:_identify(forward_kinematics) by extensions ['colcon_meta']
[0.403s] Level 1:colcon.colcon_core.package_identification:_identify(forward_kinematics) by extension 'colcon_meta'
[0.403s] Level 1:colcon.colcon_core.package_identification:_identify(forward_kinematics) by extensions ['ros']
[0.403s] Level 1:colcon.colcon_core.package_identification:_identify(forward_kinematics) by extension 'ros'
[0.404s] DEBUG:colcon.colcon_core.package_identification:Package 'forward_kinematics' with type 'ros.ament_python' and name 'forward_kinematics'
[0.404s] Level 1:colcon.colcon_core.package_identification:_identify(install) by extensions ['ignore', 'ignore_ament_install']
[0.404s] Level 1:colcon.colcon_core.package_identification:_identify(install) by extension 'ignore'
[0.404s] Level 1:colcon.colcon_core.package_identification:_identify(install) ignored
[0.404s] Level 1:colcon.colcon_core.package_identification:_identify(inverse_kin) by extensions ['ignore', 'ignore_ament_install']
[0.404s] Level 1:colcon.colcon_core.package_identification:_identify(inverse_kin) by extension 'ignore'
[0.404s] Level 1:colcon.colcon_core.package_identification:_identify(inverse_kin) by extension 'ignore_ament_install'
[0.404s] Level 1:colcon.colcon_core.package_identification:_identify(inverse_kin) by extensions ['colcon_pkg']
[0.404s] Level 1:colcon.colcon_core.package_identification:_identify(inverse_kin) by extension 'colcon_pkg'
[0.404s] Level 1:colcon.colcon_core.package_identification:_identify(inverse_kin) by extensions ['colcon_meta']
[0.404s] Level 1:colcon.colcon_core.package_identification:_identify(inverse_kin) by extension 'colcon_meta'
[0.404s] Level 1:colcon.colcon_core.package_identification:_identify(inverse_kin) by extensions ['ros']
[0.404s] Level 1:colcon.colcon_core.package_identification:_identify(inverse_kin) by extension 'ros'
[0.405s] DEBUG:colcon.colcon_core.package_identification:Package 'inverse_kin' with type 'ros.ament_cmake' and name 'inverse_kin'
[0.405s] Level 1:colcon.colcon_core.package_identification:_identify(inverse_kinematics) by extensions ['ignore', 'ignore_ament_install']
[0.405s] Level 1:colcon.colcon_core.package_identification:_identify(inverse_kinematics) by extension 'ignore'
[0.405s] Level 1:colcon.colcon_core.package_identification:_identify(inverse_kinematics) by extension 'ignore_ament_install'
[0.405s] Level 1:colcon.colcon_core.package_identification:_identify(inverse_kinematics) by extensions ['colcon_pkg']
[0.405s] Level 1:colcon.colcon_core.package_identification:_identify(inverse_kinematics) by extension 'colcon_pkg'
[0.405s] Level 1:colcon.colcon_core.package_identification:_identify(inverse_kinematics) by extensions ['colcon_meta']
[0.405s] Level 1:colcon.colcon_core.package_identification:_identify(inverse_kinematics) by extension 'colcon_meta'
[0.405s] Level 1:colcon.colcon_core.package_identification:_identify(inverse_kinematics) by extensions ['ros']
[0.405s] Level 1:colcon.colcon_core.package_identification:_identify(inverse_kinematics) by extension 'ros'
[0.406s] DEBUG:colcon.colcon_core.package_identification:Package 'inverse_kinematics' with type 'ros.ament_python' and name 'inverse_kinematics'
[0.406s] Level 1:colcon.colcon_core.package_identification:_identify(log) by extensions ['ignore', 'ignore_ament_install']
[0.406s] Level 1:colcon.colcon_core.package_identification:_identify(log) by extension 'ignore'
[0.406s] Level 1:colcon.colcon_core.package_identification:_identify(log) ignored
[0.406s] Level 1:colcon.colcon_core.package_identification:_identify(ros_gz_example_application) by extensions ['ignore', 'ignore_ament_install']
[0.406s] Level 1:colcon.colcon_core.package_identification:_identify(ros_gz_example_application) by extension 'ignore'
[0.406s] Level 1:colcon.colcon_core.package_identification:_identify(ros_gz_example_application) by extension 'ignore_ament_install'
[0.406s] Level 1:colcon.colcon_core.package_identification:_identify(ros_gz_example_application) by extensions ['colcon_pkg']
[0.406s] Level 1:colcon.colcon_core.package_identification:_identify(ros_gz_example_application) by extension 'colcon_pkg'
[0.406s] Level 1:colcon.colcon_core.package_identification:_identify(ros_gz_example_application) by extensions ['colcon_meta']
[0.406s] Level 1:colcon.colcon_core.package_identification:_identify(ros_gz_example_application) by extension 'colcon_meta'
[0.406s] Level 1:colcon.colcon_core.package_identification:_identify(ros_gz_example_application) by extensions ['ros']
[0.406s] Level 1:colcon.colcon_core.package_identification:_identify(ros_gz_example_application) by extension 'ros'
[0.407s] DEBUG:colcon.colcon_core.package_identification:Package 'ros_gz_example_application' with type 'ros.ament_cmake' and name 'ros_gz_example_application'
[0.407s] Level 1:colcon.colcon_core.package_identification:_identify(ros_gz_example_bringup) by extensions ['ignore', 'ignore_ament_install']
[0.407s] Level 1:colcon.colcon_core.package_identification:_identify(ros_gz_example_bringup) by extension 'ignore'
[0.407s] Level 1:colcon.colcon_core.package_identification:_identify(ros_gz_example_bringup) by extension 'ignore_ament_install'
[0.407s] Level 1:colcon.colcon_core.package_identification:_identify(ros_gz_example_bringup) by extensions ['colcon_pkg']
[0.407s] Level 1:colcon.colcon_core.package_identification:_identify(ros_gz_example_bringup) by extension 'colcon_pkg'
[0.407s] Level 1:colcon.colcon_core.package_identification:_identify(ros_gz_example_bringup) by extensions ['colcon_meta']
[0.407s] Level 1:colcon.colcon_core.package_identification:_identify(ros_gz_example_bringup) by extension 'colcon_meta'
[0.407s] Level 1:colcon.colcon_core.package_identification:_identify(ros_gz_example_bringup) by extensions ['ros']
[0.407s] Level 1:colcon.colcon_core.package_identification:_identify(ros_gz_example_bringup) by extension 'ros'
[0.408s] DEBUG:colcon.colcon_core.package_identification:Package 'ros_gz_example_bringup' with type 'ros.ament_cmake' and name 'ros_gz_example_bringup'
[0.408s] Level 1:colcon.colcon_core.package_identification:_identify(ros_gz_example_description) by extensions ['ignore', 'ignore_ament_install']
[0.408s] Level 1:colcon.colcon_core.package_identification:_identify(ros_gz_example_description) by extension 'ignore'
[0.408s] Level 1:colcon.colcon_core.package_identification:_identify(ros_gz_example_description) by extension 'ignore_ament_install'
[0.408s] Level 1:colcon.colcon_core.package_identification:_identify(ros_gz_example_description) by extensions ['colcon_pkg']
[0.408s] Level 1:colcon.colcon_core.package_identification:_identify(ros_gz_example_description) by extension 'colcon_pkg'
[0.408s] Level 1:colcon.colcon_core.package_identification:_identify(ros_gz_example_description) by extensions ['colcon_meta']
[0.408s] Level 1:colcon.colcon_core.package_identification:_identify(ros_gz_example_description) by extension 'colcon_meta'
[0.408s] Level 1:colcon.colcon_core.package_identification:_identify(ros_gz_example_description) by extensions ['ros']
[0.408s] Level 1:colcon.colcon_core.package_identification:_identify(ros_gz_example_description) by extension 'ros'
[0.408s] DEBUG:colcon.colcon_core.package_identification:Package 'ros_gz_example_description' with type 'ros.ament_cmake' and name 'ros_gz_example_description'
[0.408s] Level 1:colcon.colcon_core.package_identification:_identify(ros_gz_example_gazebo) by extensions ['ignore', 'ignore_ament_install']
[0.408s] Level 1:colcon.colcon_core.package_identification:_identify(ros_gz_example_gazebo) by extension 'ignore'
[0.409s] Level 1:colcon.colcon_core.package_identification:_identify(ros_gz_example_gazebo) by extension 'ignore_ament_install'
[0.409s] Level 1:colcon.colcon_core.package_identification:_identify(ros_gz_example_gazebo) by extensions ['colcon_pkg']
[0.409s] Level 1:colcon.colcon_core.package_identification:_identify(ros_gz_example_gazebo) by extension 'colcon_pkg'
[0.409s] Level 1:colcon.colcon_core.package_identification:_identify(ros_gz_example_gazebo) by extensions ['colcon_meta']
[0.409s] Level 1:colcon.colcon_core.package_identification:_identify(ros_gz_example_gazebo) by extension 'colcon_meta'
[0.409s] Level 1:colcon.colcon_core.package_identification:_identify(ros_gz_example_gazebo) by extensions ['ros']
[0.409s] Level 1:colcon.colcon_core.package_identification:_identify(ros_gz_example_gazebo) by extension 'ros'
[0.409s] DEBUG:colcon.colcon_core.package_identification:Package 'ros_gz_example_gazebo' with type 'ros.ament_cmake' and name 'ros_gz_example_gazebo'
[0.409s] Level 1:colcon.colcon_core.package_discovery:discover_packages(recursive) using defaults
[0.409s] Level 1:colcon.colcon_core.package_discovery:discover_packages(ignore) discover
[0.409s] Level 1:colcon.colcon_core.package_discovery:discover_packages(ignore) using defaults
[0.409s] Level 1:colcon.colcon_core.package_discovery:discover_packages(path) discover
[0.409s] Level 1:colcon.colcon_core.package_discovery:discover_packages(path) using defaults
[0.439s] Level 1:colcon.colcon_core.package_discovery:discover_packages(prefix_path) check parameters
[0.439s] Level 1:colcon.colcon_core.package_discovery:discover_packages(prefix_path) discover
[0.451s] DEBUG:colcon.colcon_installed_package_information.package_discovery:Found 8 installed packages in /home/jaboy/Documents/RBE500_Project/RBE500_Project/install
[0.451s] DEBUG:colcon.colcon_installed_package_information.package_discovery:Found 24 installed packages in /home/jaboy/ros2_ws/install
[0.459s] DEBUG:colcon.colcon_installed_package_information.package_discovery:Found 346 installed packages in /home/jaboy/ros2_humble/install
[0.462s] DEBUG:colcon.colcon_installed_package_information.package_discovery:Found 366 installed packages in /opt/ros/humble
[0.473s] Level 1:colcon.colcon_core.package_discovery:discover_packages(prefix_path) using defaults
[0.529s] Level 5:colcon.colcon_core.verb:set package 'control' build argument 'cmake_args' from command line to 'None'
[0.529s] Level 5:colcon.colcon_core.verb:set package 'control' build argument 'cmake_target' from command line to 'None'
[0.529s] Level 5:colcon.colcon_core.verb:set package 'control' build argument 'cmake_target_skip_unavailable' from command line to 'False'
[0.529s] Level 5:colcon.colcon_core.verb:set package 'control' build argument 'cmake_clean_cache' from command line to 'False'
[0.529s] Level 5:colcon.colcon_core.verb:set package 'control' build argument 'cmake_clean_first' from command line to 'False'
[0.529s] Level 5:colcon.colcon_core.verb:set package 'control' build argument 'cmake_force_configure' from command line to 'False'
[0.529s] Level 5:colcon.colcon_core.verb:set package 'control' build argument 'ament_cmake_args' from command line to 'None'
[0.529s] Level 5:colcon.colcon_core.verb:set package 'control' build argument 'catkin_cmake_args' from command line to 'None'
[0.529s] Level 5:colcon.colcon_core.verb:set package 'control' build argument 'catkin_skip_building_tests' from command line to 'False'
[0.529s] DEBUG:colcon.colcon_core.verb:Building package 'control' with the following arguments: {'ament_cmake_args': None, 'build_base': '/home/jaboy/Documents/RBE500_Project/RBE500_Project/build/control', 'catkin_cmake_args': None, 'catkin_skip_building_tests': False, 'cmake_args': None, 'cmake_clean_cache': False, 'cmake_clean_first': False, 'cmake_force_configure': False, 'cmake_target': None, 'cmake_target_skip_unavailable': False, 'install_base': '/home/jaboy/Documents/RBE500_Project/RBE500_Project/install/control', 'merge_install': False, 'path': '/home/jaboy/Documents/RBE500_Project/RBE500_Project/control', 'symlink_install': False, 'test_result_base': None}
[0.529s] Level 5:colcon.colcon_core.verb:set package 'custom_interfaces' build argument 'cmake_args' from command line to 'None'
[0.529s] Level 5:colcon.colcon_core.verb:set package 'custom_interfaces' build argument 'cmake_target' from command line to 'None'
[0.530s] Level 5:colcon.colcon_core.verb:set package 'custom_interfaces' build argument 'cmake_target_skip_unavailable' from command line to 'False'
[0.530s] Level 5:colcon.colcon_core.verb:set package 'custom_interfaces' build argument 'cmake_clean_cache' from command line to 'False'
[0.530s] Level 5:colcon.colcon_core.verb:set package 'custom_interfaces' build argument 'cmake_clean_first' from command line to 'False'
[0.530s] Level 5:colcon.colcon_core.verb:set package 'custom_interfaces' build argument 'cmake_force_configure' from command line to 'False'
[0.530s] Level 5:colcon.colcon_core.verb:set package 'custom_interfaces' build argument 'ament_cmake_args' from command line to 'None'
[0.530s] Level 5:colcon.colcon_core.verb:set package 'custom_interfaces' build argument 'catkin_cmake_args' from command line to 'None'
[0.530s] Level 5:colcon.colcon_core.verb:set package 'custom_interfaces' build argument 'catkin_skip_building_tests' from command line to 'False'
[0.530s] DEBUG:colcon.colcon_core.verb:Building package 'custom_interfaces' with the following arguments: {'ament_cmake_args': None, 'build_base': '/home/jaboy/Documents/RBE500_Project/RBE500_Project/build/custom_interfaces', 'catkin_cmake_args': None, 'catkin_skip_building_tests': False, 'cmake_args': None, 'cmake_clean_cache': False, 'cmake_clean_first': False, 'cmake_force_configure': False, 'cmake_target': None, 'cmake_target_skip_unavailable': False, 'install_base': '/home/jaboy/Documents/RBE500_Project/RBE500_Project/install/custom_interfaces', 'merge_install': False, 'path': '/home/jaboy/Documents/RBE500_Project/RBE500_Project/custom_interfaces', 'symlink_install': False, 'test_result_base': None}
[0.530s] Level 5:colcon.colcon_core.verb:set package 'forward_kinematics' build argument 'cmake_args' from command line to 'None'
[0.530s] Level 5:colcon.colcon_core.verb:set package 'forward_kinematics' build argument 'cmake_target' from command line to 'None'
[0.530s] Level 5:colcon.colcon_core.verb:set package 'forward_kinematics' build argument 'cmake_target_skip_unavailable' from command line to 'False'
[0.530s] Level 5:colcon.colcon_core.verb:set package 'forward_kinematics' build argument 'cmake_clean_cache' from command line to 'False'
[0.530s] Level 5:colcon.colcon_core.verb:set package 'forward_kinematics' build argument 'cmake_clean_first' from command line to 'False'
[0.530s] Level 5:colcon.colcon_core.verb:set package 'forward_kinematics' build argument 'cmake_force_configure' from command line to 'False'
[0.530s] Level 5:colcon.colcon_core.verb:set package 'forward_kinematics' build argument 'ament_cmake_args' from command line to 'None'
[0.530s] Level 5:colcon.colcon_core.verb:set package 'forward_kinematics' build argument 'catkin_cmake_args' from command line to 'None'
[0.530s] Level 5:colcon.colcon_core.verb:set package 'forward_kinematics' build argument 'catkin_skip_building_tests' from command line to 'False'
[0.530s] DEBUG:colcon.colcon_core.verb:Building package 'forward_kinematics' with the following arguments: {'ament_cmake_args': None, 'build_base': '/home/jaboy/Documents/RBE500_Project/RBE500_Project/build/forward_kinematics', 'catkin_cmake_args': None, 'catkin_skip_building_tests': False, 'cmake_args': None, 'cmake_clean_cache': False, 'cmake_clean_first': False, 'cmake_force_configure': False, 'cmake_target': None, 'cmake_target_skip_unavailable': False, 'install_base': '/home/jaboy/Documents/RBE500_Project/RBE500_Project/install/forward_kinematics', 'merge_install': False, 'path': '/home/jaboy/Documents/RBE500_Project/RBE500_Project/forward_kinematics', 'symlink_install': False, 'test_result_base': None}
[0.530s] Level 5:colcon.colcon_core.verb:set package 'inverse_kin' build argument 'cmake_args' from command line to 'None'
[0.530s] Level 5:colcon.colcon_core.verb:set package 'inverse_kin' build argument 'cmake_target' from command line to 'None'
[0.530s] Level 5:colcon.colcon_core.verb:set package 'inverse_kin' build argument 'cmake_target_skip_unavailable' from command line to 'False'
[0.530s] Level 5:colcon.colcon_core.verb:set package 'inverse_kin' build argument 'cmake_clean_cache' from command line to 'False'
[0.530s] Level 5:colcon.colcon_core.verb:set package 'inverse_kin' build argument 'cmake_clean_first' from command line to 'False'
[0.530s] Level 5:colcon.colcon_core.verb:set package 'inverse_kin' build argument 'cmake_force_configure' from command line to 'False'
[0.530s] Level 5:colcon.colcon_core.verb:set package 'inverse_kin' build argument 'ament_cmake_args' from command line to 'None'
[0.530s] Level 5:colcon.colcon_core.verb:set package 'inverse_kin' build argument 'catkin_cmake_args' from command line to 'None'
[0.530s] Level 5:colcon.colcon_core.verb:set package 'inverse_kin' build argument 'catkin_skip_building_tests' from command line to 'False'
[0.531s] DEBUG:colcon.colcon_core.verb:Building package 'inverse_kin' with the following arguments: {'ament_cmake_args': None, 'build_base': '/home/jaboy/Documents/RBE500_Project/RBE500_Project/build/inverse_kin', 'catkin_cmake_args': None, 'catkin_skip_building_tests': False, 'cmake_args': None, 'cmake_clean_cache': False, 'cmake_clean_first': False, 'cmake_force_configure': False, 'cmake_target': None, 'cmake_target_skip_unavailable': False, 'install_base': '/home/jaboy/Documents/RBE500_Project/RBE500_Project/install/inverse_kin', 'merge_install': False, 'path': '/home/jaboy/Documents/RBE500_Project/RBE500_Project/inverse_kin', 'symlink_install': False, 'test_result_base': None}
[0.531s] Level 5:colcon.colcon_core.verb:set package 'ros_gz_example_application' build argument 'cmake_args' from command line to 'None'
[0.531s] Level 5:colcon.colcon_core.verb:set package 'ros_gz_example_application' build argument 'cmake_target' from command line to 'None'
[0.531s] Level 5:colcon.colcon_core.verb:set package 'ros_gz_example_application' build argument 'cmake_target_skip_unavailable' from command line to 'False'
[0.531s] Level 5:colcon.colcon_core.verb:set package 'ros_gz_example_application' build argument 'cmake_clean_cache' from command line to 'False'
[0.531s] Level 5:colcon.colcon_core.verb:set package 'ros_gz_example_application' build argument 'cmake_clean_first' from command line to 'False'
[0.531s] Level 5:colcon.colcon_core.verb:set package 'ros_gz_example_application' build argument 'cmake_force_configure' from command line to 'False'
[0.531s] Level 5:colcon.colcon_core.verb:set package 'ros_gz_example_application' build argument 'ament_cmake_args' from command line to 'None'
[0.531s] Level 5:colcon.colcon_core.verb:set package 'ros_gz_example_application' build argument 'catkin_cmake_args' from command line to 'None'
[0.531s] Level 5:colcon.colcon_core.verb:set package 'ros_gz_example_application' build argument 'catkin_skip_building_tests' from command line to 'False'
[0.531s] DEBUG:colcon.colcon_core.verb:Building package 'ros_gz_example_application' with the following arguments: {'ament_cmake_args': None, 'build_base': '/home/jaboy/Documents/RBE500_Project/RBE500_Project/build/ros_gz_example_application', 'catkin_cmake_args': None, 'catkin_skip_building_tests': False, 'cmake_args': None, 'cmake_clean_cache': False, 'cmake_clean_first': False, 'cmake_force_configure': False, 'cmake_target': None, 'cmake_target_skip_unavailable': False, 'install_base': '/home/jaboy/Documents/RBE500_Project/RBE500_Project/install/ros_gz_example_application', 'merge_install': False, 'path': '/home/jaboy/Documents/RBE500_Project/RBE500_Project/ros_gz_example_application', 'symlink_install': False, 'test_result_base': None}
[0.531s] Level 5:colcon.colcon_core.verb:set package 'ros_gz_example_description' build argument 'cmake_args' from command line to 'None'
[0.531s] Level 5:colcon.colcon_core.verb:set package 'ros_gz_example_description' build argument 'cmake_target' from command line to 'None'
[0.531s] Level 5:colcon.colcon_core.verb:set package 'ros_gz_example_description' build argument 'cmake_target_skip_unavailable' from command line to 'False'
[0.531s] Level 5:colcon.colcon_core.verb:set package 'ros_gz_example_description' build argument 'cmake_clean_cache' from command line to 'False'
[0.531s] Level 5:colcon.colcon_core.verb:set package 'ros_gz_example_description' build argument 'cmake_clean_first' from command line to 'False'
[0.531s] Level 5:colcon.colcon_core.verb:set package 'ros_gz_example_description' build argument 'cmake_force_configure' from command line to 'False'
[0.531s] Level 5:colcon.colcon_core.verb:set package 'ros_gz_example_description' build argument 'ament_cmake_args' from command line to 'None'
[0.531s] Level 5:colcon.colcon_core.verb:set package 'ros_gz_example_description' build argument 'catkin_cmake_args' from command line to 'None'
[0.531s] Level 5:colcon.colcon_core.verb:set package 'ros_gz_example_description' build argument 'catkin_skip_building_tests' from command line to 'False'
[0.531s] DEBUG:colcon.colcon_core.verb:Building package 'ros_gz_example_description' with the following arguments: {'ament_cmake_args': None, 'build_base': '/home/jaboy/Documents/RBE500_Project/RBE500_Project/build/ros_gz_example_description', 'catkin_cmake_args': None, 'catkin_skip_building_tests': False, 'cmake_args': None, 'cmake_clean_cache': False, 'cmake_clean_first': False, 'cmake_force_configure': False, 'cmake_target': None, 'cmake_target_skip_unavailable': False, 'install_base': '/home/jaboy/Documents/RBE500_Project/RBE500_Project/install/ros_gz_example_description', 'merge_install': False, 'path': '/home/jaboy/Documents/RBE500_Project/RBE500_Project/ros_gz_example_description', 'symlink_install': False, 'test_result_base': None}
[0.532s] Level 5:colcon.colcon_core.verb:set package 'inverse_kinematics' build argument 'cmake_args' from command line to 'None'
[0.532s] Level 5:colcon.colcon_core.verb:set package 'inverse_kinematics' build argument 'cmake_target' from command line to 'None'
[0.532s] Level 5:colcon.colcon_core.verb:set package 'inverse_kinematics' build argument 'cmake_target_skip_unavailable' from command line to 'False'
[0.532s] Level 5:colcon.colcon_core.verb:set package 'inverse_kinematics' build argument 'cmake_clean_cache' from command line to 'False'
[0.532s] Level 5:colcon.colcon_core.verb:set package 'inverse_kinematics' build argument 'cmake_clean_first' from command line to 'False'
[0.532s] Level 5:colcon.colcon_core.verb:set package 'inverse_kinematics' build argument 'cmake_force_configure' from command line to 'False'
[0.532s] Level 5:colcon.colcon_core.verb:set package 'inverse_kinematics' build argument 'ament_cmake_args' from command line to 'None'
[0.532s] Level 5:colcon.colcon_core.verb:set package 'inverse_kinematics' build argument 'catkin_cmake_args' from command line to 'None'
[0.532s] Level 5:colcon.colcon_core.verb:set package 'inverse_kinematics' build argument 'catkin_skip_building_tests' from command line to 'False'
[0.532s] DEBUG:colcon.colcon_core.verb:Building package 'inverse_kinematics' with the following arguments: {'ament_cmake_args': None, 'build_base': '/home/jaboy/Documents/RBE500_Project/RBE500_Project/build/inverse_kinematics', 'catkin_cmake_args': None, 'catkin_skip_building_tests': False, 'cmake_args': None, 'cmake_clean_cache': False, 'cmake_clean_first': False, 'cmake_force_configure': False, 'cmake_target': None, 'cmake_target_skip_unavailable': False, 'install_base': '/home/jaboy/Documents/RBE500_Project/RBE500_Project/install/inverse_kinematics', 'merge_install': False, 'path': '/home/jaboy/Documents/RBE500_Project/RBE500_Project/inverse_kinematics', 'symlink_install': False, 'test_result_base': None}
[0.532s] Level 5:colcon.colcon_core.verb:set package 'ros_gz_example_gazebo' build argument 'cmake_args' from command line to 'None'
[0.532s] Level 5:colcon.colcon_core.verb:set package 'ros_gz_example_gazebo' build argument 'cmake_target' from command line to 'None'
[0.532s] Level 5:colcon.colcon_core.verb:set package 'ros_gz_example_gazebo' build argument 'cmake_target_skip_unavailable' from command line to 'False'
[0.532s] Level 5:colcon.colcon_core.verb:set package 'ros_gz_example_gazebo' build argument 'cmake_clean_cache' from command line to 'False'
[0.532s] Level 5:colcon.colcon_core.verb:set package 'ros_gz_example_gazebo' build argument 'cmake_clean_first' from command line to 'False'
[0.532s] Level 5:colcon.colcon_core.verb:set package 'ros_gz_example_gazebo' build argument 'cmake_force_configure' from command line to 'False'
[0.532s] Level 5:colcon.colcon_core.verb:set package 'ros_gz_example_gazebo' build argument 'ament_cmake_args' from command line to 'None'
[0.532s] Level 5:colcon.colcon_core.verb:set package 'ros_gz_example_gazebo' build argument 'catkin_cmake_args' from command line to 'None'
[0.532s] Level 5:colcon.colcon_core.verb:set package 'ros_gz_example_gazebo' build argument 'catkin_skip_building_tests' from command line to 'False'
[0.532s] DEBUG:colcon.colcon_core.verb:Building package 'ros_gz_example_gazebo' with the following arguments: {'ament_cmake_args': None, 'build_base': '/home/jaboy/Documents/RBE500_Project/RBE500_Project/build/ros_gz_example_gazebo', 'catkin_cmake_args': None, 'catkin_skip_building_tests': False, 'cmake_args': None, 'cmake_clean_cache': False, 'cmake_clean_first': False, 'cmake_force_configure': False, 'cmake_target': None, 'cmake_target_skip_unavailable': False, 'install_base': '/home/jaboy/Documents/RBE500_Project/RBE500_Project/install/ros_gz_example_gazebo', 'merge_install': False, 'path': '/home/jaboy/Documents/RBE500_Project/RBE500_Project/ros_gz_example_gazebo', 'symlink_install': False, 'test_result_base': None}
[0.532s] Level 5:colcon.colcon_core.verb:set package 'ros_gz_example_bringup' build argument 'cmake_args' from command line to 'None'
[0.532s] Level 5:colcon.colcon_core.verb:set package 'ros_gz_example_bringup' build argument 'cmake_target' from command line to 'None'
[0.533s] Level 5:colcon.colcon_core.verb:set package 'ros_gz_example_bringup' build argument 'cmake_target_skip_unavailable' from command line to 'False'
[0.533s] Level 5:colcon.colcon_core.verb:set package 'ros_gz_example_bringup' build argument 'cmake_clean_cache' from command line to 'False'
[0.533s] Level 5:colcon.colcon_core.verb:set package 'ros_gz_example_bringup' build argument 'cmake_clean_first' from command line to 'False'
[0.533s] Level 5:colcon.colcon_core.verb:set package 'ros_gz_example_bringup' build argument 'cmake_force_configure' from command line to 'False'
[0.533s] Level 5:colcon.colcon_core.verb:set package 'ros_gz_example_bringup' build argument 'ament_cmake_args' from command line to 'None'
[0.533s] Level 5:colcon.colcon_core.verb:set package 'ros_gz_example_bringup' build argument 'catkin_cmake_args' from command line to 'None'
[0.533s] Level 5:colcon.colcon_core.verb:set package 'ros_gz_example_bringup' build argument 'catkin_skip_building_tests' from command line to 'False'
[0.533s] DEBUG:colcon.colcon_core.verb:Building package 'ros_gz_example_bringup' with the following arguments: {'ament_cmake_args': None, 'build_base': '/home/jaboy/Documents/RBE500_Project/RBE500_Project/build/ros_gz_example_bringup', 'catkin_cmake_args': None, 'catkin_skip_building_tests': False, 'cmake_args': None, 'cmake_clean_cache': False, 'cmake_clean_first': False, 'cmake_force_configure': False, 'cmake_target': None, 'cmake_target_skip_unavailable': False, 'install_base': '/home/jaboy/Documents/RBE500_Project/RBE500_Project/install/ros_gz_example_bringup', 'merge_install': False, 'path': '/home/jaboy/Documents/RBE500_Project/RBE500_Project/ros_gz_example_bringup', 'symlink_install': False, 'test_result_base': None}
[0.533s] INFO:colcon.colcon_core.executor:Executing jobs using 'parallel' executor
[0.534s] DEBUG:colcon.colcon_parallel_executor.executor.parallel:run_until_complete
[0.534s] INFO:colcon.colcon_ros.task.ament_cmake.build:Building ROS package in '/home/jaboy/Documents/RBE500_Project/RBE500_Project/ros_gz_example_description' with build type 'ament_cmake'
[0.534s] INFO:colcon.colcon_cmake.task.cmake.build:Building CMake package in '/home/jaboy/Documents/RBE500_Project/RBE500_Project/ros_gz_example_description'
[0.538s] INFO:colcon.colcon_core.plugin_system:Skipping extension 'colcon_core.shell.bat': Not used on non-Windows systems
[0.538s] INFO:colcon.colcon_core.shell:Skip shell extension 'powershell' for command environment: Not usable outside of PowerShell
[0.538s] DEBUG:colcon.colcon_core.shell:Skip shell extension 'dsv' for command environment
[0.559s] INFO:colcon.colcon_ros.task.ament_cmake.build:Building ROS package in '/home/jaboy/Documents/RBE500_Project/RBE500_Project/inverse_kin' with build type 'ament_cmake'
[0.559s] INFO:colcon.colcon_cmake.task.cmake.build:Building CMake package in '/home/jaboy/Documents/RBE500_Project/RBE500_Project/inverse_kin'
[0.560s] INFO:colcon.colcon_core.shell:Skip shell extension 'powershell' for command environment: Not usable outside of PowerShell
[0.560s] DEBUG:colcon.colcon_core.shell:Skip shell extension 'dsv' for command environment
[0.581s] INFO:colcon.colcon_ros.task.ament_python.build:Building ROS package in '/home/jaboy/Documents/RBE500_Project/RBE500_Project/control' with build type 'ament_python'
[0.581s] Level 1:colcon.colcon_core.shell:create_environment_hook('control', 'ament_prefix_path')
[0.581s] INFO:colcon.colcon_core.shell:Creating environment hook '/home/jaboy/Documents/RBE500_Project/RBE500_Project/install/control/share/control/hook/ament_prefix_path.ps1'
[0.581s] INFO:colcon.colcon_core.shell:Creating environment descriptor '/home/jaboy/Documents/RBE500_Project/RBE500_Project/install/control/share/control/hook/ament_prefix_path.dsv'
[0.582s] INFO:colcon.colcon_core.shell:Creating environment hook '/home/jaboy/Documents/RBE500_Project/RBE500_Project/install/control/share/control/hook/ament_prefix_path.sh'
[0.582s] INFO:colcon.colcon_core.shell:Skip shell extension 'powershell' for command environment: Not usable outside of PowerShell
[0.582s] DEBUG:colcon.colcon_core.shell:Skip shell extension 'dsv' for command environment
[0.603s] INFO:colcon.colcon_ros.task.ament_cmake.build:Building ROS package in '/home/jaboy/Documents/RBE500_Project/RBE500_Project/custom_interfaces' with build type 'ament_cmake'
[0.603s] INFO:colcon.colcon_cmake.task.cmake.build:Building CMake package in '/home/jaboy/Documents/RBE500_Project/RBE500_Project/custom_interfaces'
[0.603s] INFO:colcon.colcon_core.shell:Skip shell extension 'powershell' for command environment: Not usable outside of PowerShell
[0.603s] DEBUG:colcon.colcon_core.shell:Skip shell extension 'dsv' for command environment
[0.624s] INFO:colcon.colcon_ros.task.ament_python.build:Building ROS package in '/home/jaboy/Documents/RBE500_Project/RBE500_Project/forward_kinematics' with build type 'ament_python'
[0.625s] Level 1:colcon.colcon_core.shell:create_environment_hook('forward_kinematics', 'ament_prefix_path')
[0.625s] INFO:colcon.colcon_core.shell:Creating environment hook '/home/jaboy/Documents/RBE500_Project/RBE500_Project/install/forward_kinematics/share/forward_kinematics/hook/ament_prefix_path.ps1'
[0.625s] INFO:colcon.colcon_core.shell:Creating environment descriptor '/home/jaboy/Documents/RBE500_Project/RBE500_Project/install/forward_kinematics/share/forward_kinematics/hook/ament_prefix_path.dsv'
[0.625s] INFO:colcon.colcon_core.shell:Creating environment hook '/home/jaboy/Documents/RBE500_Project/RBE500_Project/install/forward_kinematics/share/forward_kinematics/hook/ament_prefix_path.sh'
[0.626s] INFO:colcon.colcon_core.shell:Skip shell extension 'powershell' for command environment: Not usable outside of PowerShell
[0.626s] DEBUG:colcon.colcon_core.shell:Skip shell extension 'dsv' for command environment
[0.647s] INFO:colcon.colcon_ros.task.ament_cmake.build:Building ROS package in '/home/jaboy/Documents/RBE500_Project/RBE500_Project/ros_gz_example_application' with build type 'ament_cmake'
[0.647s] INFO:colcon.colcon_cmake.task.cmake.build:Building CMake package in '/home/jaboy/Documents/RBE500_Project/RBE500_Project/ros_gz_example_application'
[0.647s] INFO:colcon.colcon_core.shell:Skip shell extension 'powershell' for command environment: Not usable outside of PowerShell
[0.647s] DEBUG:colcon.colcon_core.shell:Skip shell extension 'dsv' for command environment
[0.673s] DEBUG:colcon.colcon_core.event_handler.log_command:Invoking command in '/home/jaboy/Documents/RBE500_Project/RBE500_Project/build/ros_gz_example_description': CMAKE_PREFIX_PATH=${CMAKE_PREFIX_PATH}:/home/jaboy/Documents/RBE500_Project/RBE500_Project/install/inverse_kinematics:/home/jaboy/Documents/RBE500_Project/RBE500_Project/install/forward_kinematics:/home/jaboy/Documents/RBE500_Project/RBE500_Project/install/control:/home/jaboy/ros2_humble/install/rqt_bag_plugins:/home/jaboy/ros2_humble/install/rqt_bag:/home/jaboy/ros2_humble/install/launch_testing_examples:/home/jaboy/ros2_humble/install/ros2bag:/home/jaboy/ros2_humble/install/tracetools_test:/home/jaboy/ros2_humble/install/tracetools_launch:/home/jaboy/ros2_humble/install/topic_monitor:/home/jaboy/ros2_humble/install/tf2_tools:/home/jaboy/ros2_humble/install/examples_tf2_py:/home/jaboy/ros2_humble/install/tf2_ros_py:/home/jaboy/ros2_humble/install/sros2:/home/jaboy/ros2_humble/install/rqt_topic:/home/jaboy/ros2_humble/install/rqt_srv:/home/jaboy/ros2_humble/install/rqt_shell:/home/jaboy/ros2_humble/install/rqt_service_caller:/home/jaboy/ros2_humble/install/rqt_reconfigure:/home/jaboy/ros2_humble/install/rqt_py_console:/home/jaboy/ros2_humble/install/rqt_publisher:/home/jaboy/ros2_humble/install/rqt_plot:/home/jaboy/ros2_humble/install/rqt_action:/home/jaboy/ros2_humble/install/rqt_msg:/home/jaboy/ros2_humble/install/rqt_console:/home/jaboy/ros2_humble/install/rqt:/home/jaboy/ros2_humble/install/rqt_graph:/home/jaboy/ros2_humble/install/rqt_gui_py:/home/jaboy/ros2_humble/install/rqt_gui:/home/jaboy/ros2_humble/install/ros2trace:/home/jaboy/ros2_humble/install/ros2topic:/home/jaboy/ros2_humble/install/ros2test:/home/jaboy/ros2_humble/install/ros2component:/home/jaboy/ros2_humble/install/ros2param:/home/jaboy/ros2_humble/install/ros2lifecycle:/home/jaboy/ros2_humble/install/ros2service:/home/jaboy/ros2_humble/install/ros2run:/home/jaboy/ros2_humble/install/ros2launch:/home/jaboy/ros2_humble/install/ros2pkg:/home/jaboy/ros2_humble/install/ros2node:/home/jaboy/ros2_humble/install/ros2multicast:/home/jaboy/ros2_humble/install/ros2interface:/home/jaboy/ros2_humble/install/ros2doctor:/home/jaboy/ros2_humble/install/ros2action:/home/jaboy/ros2_humble/install/ros2cli:/home/jaboy/ros2_humble/install/quality_of_service_demo_py:/home/jaboy/ros2_humble/install/lifecycle_py:/home/jaboy/ros2_humble/install/launch_testing_ros:/home/jaboy/ros2_humble/install/launch_ros:/home/jaboy/ros2_humble/install/examples_rclpy_pointcloud_publisher:/home/jaboy/ros2_humble/install/examples_rclpy_minimal_subscriber:/home/jaboy/ros2_humble/install/examples_rclpy_minimal_service:/home/jaboy/ros2_humble/install/examples_rclpy_minimal_publisher:/home/jaboy/ros2_humble/install/examples_rclpy_minimal_client:/home/jaboy/ros2_humble/install/examples_rclpy_minimal_action_server:/home/jaboy/ros2_humble/install/examples_rclpy_minimal_action_client:/home/jaboy/ros2_humble/install/examples_rclpy_guard_conditions:/home/jaboy/ros2_humble/install/examples_rclpy_executors:/home/jaboy/ros2_humble/install/demo_nodes_py:/home/jaboy/ros2_humble/install/camera_info_manager_py:/home/jaboy/ros2_humble/install/action_tutorials_py:/home/jaboy/ros2_humble/install/ament_uncrustify:/home/jaboy/ros2_humble/install/tracetools_trace:/home/jaboy/ros2_humble/install/tracetools_read:/home/jaboy/ros2_humble/install/rclcpp_lifecycle:/home/jaboy/ros2_humble/install/examples_rclcpp_cbg_executor:/home/jaboy/ros2_humble/install/test_tracetools_launch:/home/jaboy/ros2_humble/install/test_launch_ros:/home/jaboy/ros2_humble/install/sensor_msgs_py:/home/jaboy/ros2_humble/install/rpyutils:/home/jaboy/ros2_humble/install/rosidl_runtime_py:/home/jaboy/ros2_humble/install/rosidl_cli:/home/jaboy/ros2_humble/install/launch_pytest:/home/jaboy/ros2_humble/install/launch_testing:/home/jaboy/ros2_humble/install/launch_yaml:/home/jaboy/ros2_humble/install/launch_xml:/home/jaboy/ros2_humble/install/launch:/home/jaboy/ros2_humble/install/osrf_pycommon:/home/jaboy/ros2_humble/install/domain_coordinator:/home/jaboy/ros2_humble/install/ament_xmllint:/home/jaboy/ros2_humble/install/ament_pyflakes:/home/jaboy/ros2_humble/install/ament_pycodestyle:/home/jaboy/ros2_humble/install/ament_pep257:/home/jaboy/ros2_humble/install/ament_pclint:/home/jaboy/ros2_humble/install/ament_package:/home/jaboy/ros2_humble/install/ament_mypy:/home/jaboy/ros2_humble/install/ament_lint_cmake:/home/jaboy/ros2_humble/install/ament_flake8:/home/jaboy/ros2_humble/install/ament_copyright:/home/jaboy/ros2_humble/install/ament_lint:/home/jaboy/ros2_humble/install/ament_index_python:/home/jaboy/ros2_humble/install/ament_cpplint:/home/jaboy/ros2_humble/install/ament_cppcheck:/home/jaboy/ros2_humble/install/ament_clang_tidy:/home/jaboy/ros2_humble/install/ament_clang_format:/home/jaboy/ros2_ws/install/launch_testing_examples:/home/jaboy/ros2_ws/install/examples_rclpy_pointcloud_publisher:/home/jaboy/ros2_ws/install/examples_rclpy_minimal_subscriber:/home/jaboy/ros2_ws/install/examples_rclpy_minimal_service:/home/jaboy/ros2_ws/install/examples_rclpy_minimal_publisher:/home/jaboy/ros2_ws/install/examples_rclpy_minimal_client:/home/jaboy/ros2_ws/install/examples_rclpy_minimal_action_server:/home/jaboy/ros2_ws/install/examples_rclpy_minimal_action_client:/home/jaboy/ros2_ws/install/examples_rclpy_guard_conditions:/home/jaboy/ros2_ws/install/examples_rclpy_executors:/opt/ros/humble /usr/bin/cmake --build /home/jaboy/Documents/RBE500_Project/RBE500_Project/build/ros_gz_example_description -- -j16 -l16
[0.681s] DEBUG:colcon.colcon_core.event_handler.log_command:Invoking command in '/home/jaboy/Documents/RBE500_Project/RBE500_Project/build/inverse_kin': CMAKE_PREFIX_PATH=${CMAKE_PREFIX_PATH}:/home/jaboy/Documents/RBE500_Project/RBE500_Project/install/inverse_kinematics:/home/jaboy/Documents/RBE500_Project/RBE500_Project/install/forward_kinematics:/home/jaboy/Documents/RBE500_Project/RBE500_Project/install/control:/home/jaboy/ros2_humble/install/rqt_bag_plugins:/home/jaboy/ros2_humble/install/rqt_bag:/home/jaboy/ros2_humble/install/launch_testing_examples:/home/jaboy/ros2_humble/install/ros2bag:/home/jaboy/ros2_humble/install/tracetools_test:/home/jaboy/ros2_humble/install/tracetools_launch:/home/jaboy/ros2_humble/install/topic_monitor:/home/jaboy/ros2_humble/install/tf2_tools:/home/jaboy/ros2_humble/install/examples_tf2_py:/home/jaboy/ros2_humble/install/tf2_ros_py:/home/jaboy/ros2_humble/install/sros2:/home/jaboy/ros2_humble/install/rqt_topic:/home/jaboy/ros2_humble/install/rqt_srv:/home/jaboy/ros2_humble/install/rqt_shell:/home/jaboy/ros2_humble/install/rqt_service_caller:/home/jaboy/ros2_humble/install/rqt_reconfigure:/home/jaboy/ros2_humble/install/rqt_py_console:/home/jaboy/ros2_humble/install/rqt_publisher:/home/jaboy/ros2_humble/install/rqt_plot:/home/jaboy/ros2_humble/install/rqt_action:/home/jaboy/ros2_humble/install/rqt_msg:/home/jaboy/ros2_humble/install/rqt_console:/home/jaboy/ros2_humble/install/rqt:/home/jaboy/ros2_humble/install/rqt_graph:/home/jaboy/ros2_humble/install/rqt_gui_py:/home/jaboy/ros2_humble/install/rqt_gui:/home/jaboy/ros2_humble/install/ros2trace:/home/jaboy/ros2_humble/install/ros2topic:/home/jaboy/ros2_humble/install/ros2test:/home/jaboy/ros2_humble/install/ros2component:/home/jaboy/ros2_humble/install/ros2param:/home/jaboy/ros2_humble/install/ros2lifecycle:/home/jaboy/ros2_humble/install/ros2service:/home/jaboy/ros2_humble/install/ros2run:/home/jaboy/ros2_humble/install/ros2launch:/home/jaboy/ros2_humble/install/ros2pkg:/home/jaboy/ros2_humble/install/ros2node:/home/jaboy/ros2_humble/install/ros2multicast:/home/jaboy/ros2_humble/install/ros2interface:/home/jaboy/ros2_humble/install/ros2doctor:/home/jaboy/ros2_humble/install/ros2action:/home/jaboy/ros2_humble/install/ros2cli:/home/jaboy/ros2_humble/install/quality_of_service_demo_py:/home/jaboy/ros2_humble/install/lifecycle_py:/home/jaboy/ros2_humble/install/launch_testing_ros:/home/jaboy/ros2_humble/install/launch_ros:/home/jaboy/ros2_humble/install/examples_rclpy_pointcloud_publisher:/home/jaboy/ros2_humble/install/examples_rclpy_minimal_subscriber:/home/jaboy/ros2_humble/install/examples_rclpy_minimal_service:/home/jaboy/ros2_humble/install/examples_rclpy_minimal_publisher:/home/jaboy/ros2_humble/install/examples_rclpy_minimal_client:/home/jaboy/ros2_humble/install/examples_rclpy_minimal_action_server:/home/jaboy/ros2_humble/install/examples_rclpy_minimal_action_client:/home/jaboy/ros2_humble/install/examples_rclpy_guard_conditions:/home/jaboy/ros2_humble/install/examples_rclpy_executors:/home/jaboy/ros2_humble/install/demo_nodes_py:/home/jaboy/ros2_humble/install/camera_info_manager_py:/home/jaboy/ros2_humble/install/action_tutorials_py:/home/jaboy/ros2_humble/install/ament_uncrustify:/home/jaboy/ros2_humble/install/tracetools_trace:/home/jaboy/ros2_humble/install/tracetools_read:/home/jaboy/ros2_humble/install/rclcpp_lifecycle:/home/jaboy/ros2_humble/install/examples_rclcpp_cbg_executor:/home/jaboy/ros2_humble/install/test_tracetools_launch:/home/jaboy/ros2_humble/install/test_launch_ros:/home/jaboy/ros2_humble/install/sensor_msgs_py:/home/jaboy/ros2_humble/install/rpyutils:/home/jaboy/ros2_humble/install/rosidl_runtime_py:/home/jaboy/ros2_humble/install/rosidl_cli:/home/jaboy/ros2_humble/install/launch_pytest:/home/jaboy/ros2_humble/install/launch_testing:/home/jaboy/ros2_humble/install/launch_yaml:/home/jaboy/ros2_humble/install/launch_xml:/home/jaboy/ros2_humble/install/launch:/home/jaboy/ros2_humble/install/osrf_pycommon:/home/jaboy/ros2_humble/install/domain_coordinator:/home/jaboy/ros2_humble/install/ament_xmllint:/home/jaboy/ros2_humble/install/ament_pyflakes:/home/jaboy/ros2_humble/install/ament_pycodestyle:/home/jaboy/ros2_humble/install/ament_pep257:/home/jaboy/ros2_humble/install/ament_pclint:/home/jaboy/ros2_humble/install/ament_package:/home/jaboy/ros2_humble/install/ament_mypy:/home/jaboy/ros2_humble/install/ament_lint_cmake:/home/jaboy/ros2_humble/install/ament_flake8:/home/jaboy/ros2_humble/install/ament_copyright:/home/jaboy/ros2_humble/install/ament_lint:/home/jaboy/ros2_humble/install/ament_index_python:/home/jaboy/ros2_humble/install/ament_cpplint:/home/jaboy/ros2_humble/install/ament_cppcheck:/home/jaboy/ros2_humble/install/ament_clang_tidy:/home/jaboy/ros2_humble/install/ament_clang_format:/home/jaboy/ros2_ws/install/launch_testing_examples:/home/jaboy/ros2_ws/install/examples_rclpy_pointcloud_publisher:/home/jaboy/ros2_ws/install/examples_rclpy_minimal_subscriber:/home/jaboy/ros2_ws/install/examples_rclpy_minimal_service:/home/jaboy/ros2_ws/install/examples_rclpy_minimal_publisher:/home/jaboy/ros2_ws/install/examples_rclpy_minimal_client:/home/jaboy/ros2_ws/install/examples_rclpy_minimal_action_server:/home/jaboy/ros2_ws/install/examples_rclpy_minimal_action_client:/home/jaboy/ros2_ws/install/examples_rclpy_guard_conditions:/home/jaboy/ros2_ws/install/examples_rclpy_executors:/opt/ros/humble /usr/bin/cmake --build /home/jaboy/Documents/RBE500_Project/RBE500_Project/build/inverse_kin -- -j16 -l16
[1.100s] INFO:colcon.colcon_core.task.python.build:Building Python package in '/home/jaboy/Documents/RBE500_Project/RBE500_Project/control'
[1.100s] INFO:colcon.colcon_core.shell:Skip shell extension 'powershell' for command environment: Not usable outside of PowerShell
[1.100s] DEBUG:colcon.colcon_core.shell:Skip shell extension 'dsv' for command environment
[1.126s] DEBUG:colcon.colcon_core.event_handler.log_command:Invoking command in '/home/jaboy/Documents/RBE500_Project/RBE500_Project/build/custom_interfaces': CMAKE_PREFIX_PATH=${CMAKE_PREFIX_PATH}:/home/jaboy/Documents/RBE500_Project/RBE500_Project/install/inverse_kinematics:/home/jaboy/Documents/RBE500_Project/RBE500_Project/install/forward_kinematics:/home/jaboy/Documents/RBE500_Project/RBE500_Project/install/control:/home/jaboy/ros2_humble/install/rqt_bag_plugins:/home/jaboy/ros2_humble/install/rqt_bag:/home/jaboy/ros2_humble/install/launch_testing_examples:/home/jaboy/ros2_humble/install/ros2bag:/home/jaboy/ros2_humble/install/tracetools_test:/home/jaboy/ros2_humble/install/tracetools_launch:/home/jaboy/ros2_humble/install/topic_monitor:/home/jaboy/ros2_humble/install/tf2_tools:/home/jaboy/ros2_humble/install/examples_tf2_py:/home/jaboy/ros2_humble/install/tf2_ros_py:/home/jaboy/ros2_humble/install/sros2:/home/jaboy/ros2_humble/install/rqt_topic:/home/jaboy/ros2_humble/install/rqt_srv:/home/jaboy/ros2_humble/install/rqt_shell:/home/jaboy/ros2_humble/install/rqt_service_caller:/home/jaboy/ros2_humble/install/rqt_reconfigure:/home/jaboy/ros2_humble/install/rqt_py_console:/home/jaboy/ros2_humble/install/rqt_publisher:/home/jaboy/ros2_humble/install/rqt_plot:/home/jaboy/ros2_humble/install/rqt_action:/home/jaboy/ros2_humble/install/rqt_msg:/home/jaboy/ros2_humble/install/rqt_console:/home/jaboy/ros2_humble/install/rqt:/home/jaboy/ros2_humble/install/rqt_graph:/home/jaboy/ros2_humble/install/rqt_gui_py:/home/jaboy/ros2_humble/install/rqt_gui:/home/jaboy/ros2_humble/install/ros2trace:/home/jaboy/ros2_humble/install/ros2topic:/home/jaboy/ros2_humble/install/ros2test:/home/jaboy/ros2_humble/install/ros2component:/home/jaboy/ros2_humble/install/ros2param:/home/jaboy/ros2_humble/install/ros2lifecycle:/home/jaboy/ros2_humble/install/ros2service:/home/jaboy/ros2_humble/install/ros2run:/home/jaboy/ros2_humble/install/ros2launch:/home/jaboy/ros2_humble/install/ros2pkg:/home/jaboy/ros2_humble/install/ros2node:/home/jaboy/ros2_humble/install/ros2multicast:/home/jaboy/ros2_humble/install/ros2interface:/home/jaboy/ros2_humble/install/ros2doctor:/home/jaboy/ros2_humble/install/ros2action:/home/jaboy/ros2_humble/install/ros2cli:/home/jaboy/ros2_humble/install/quality_of_service_demo_py:/home/jaboy/ros2_humble/install/lifecycle_py:/home/jaboy/ros2_humble/install/launch_testing_ros:/home/jaboy/ros2_humble/install/launch_ros:/home/jaboy/ros2_humble/install/examples_rclpy_pointcloud_publisher:/home/jaboy/ros2_humble/install/examples_rclpy_minimal_subscriber:/home/jaboy/ros2_humble/install/examples_rclpy_minimal_service:/home/jaboy/ros2_humble/install/examples_rclpy_minimal_publisher:/home/jaboy/ros2_humble/install/examples_rclpy_minimal_client:/home/jaboy/ros2_humble/install/examples_rclpy_minimal_action_server:/home/jaboy/ros2_humble/install/examples_rclpy_minimal_action_client:/home/jaboy/ros2_humble/install/examples_rclpy_guard_conditions:/home/jaboy/ros2_humble/install/examples_rclpy_executors:/home/jaboy/ros2_humble/install/demo_nodes_py:/home/jaboy/ros2_humble/install/camera_info_manager_py:/home/jaboy/ros2_humble/install/action_tutorials_py:/home/jaboy/ros2_humble/install/ament_uncrustify:/home/jaboy/ros2_humble/install/tracetools_trace:/home/jaboy/ros2_humble/install/tracetools_read:/home/jaboy/ros2_humble/install/rclcpp_lifecycle:/home/jaboy/ros2_humble/install/examples_rclcpp_cbg_executor:/home/jaboy/ros2_humble/install/test_tracetools_launch:/home/jaboy/ros2_humble/install/test_launch_ros:/home/jaboy/ros2_humble/install/sensor_msgs_py:/home/jaboy/ros2_humble/install/rpyutils:/home/jaboy/ros2_humble/install/rosidl_runtime_py:/home/jaboy/ros2_humble/install/rosidl_cli:/home/jaboy/ros2_humble/install/launch_pytest:/home/jaboy/ros2_humble/install/launch_testing:/home/jaboy/ros2_humble/install/launch_yaml:/home/jaboy/ros2_humble/install/launch_xml:/home/jaboy/ros2_humble/install/launch:/home/jaboy/ros2_humble/install/osrf_pycommon:/home/jaboy/ros2_humble/install/domain_coordinator:/home/jaboy/ros2_humble/install/ament_xmllint:/home/jaboy/ros2_humble/install/ament_pyflakes:/home/jaboy/ros2_humble/install/ament_pycodestyle:/home/jaboy/ros2_humble/install/ament_pep257:/home/jaboy/ros2_humble/install/ament_pclint:/home/jaboy/ros2_humble/install/ament_package:/home/jaboy/ros2_humble/install/ament_mypy:/home/jaboy/ros2_humble/install/ament_lint_cmake:/home/jaboy/ros2_humble/install/ament_flake8:/home/jaboy/ros2_humble/install/ament_copyright:/home/jaboy/ros2_humble/install/ament_lint:/home/jaboy/ros2_humble/install/ament_index_python:/home/jaboy/ros2_humble/install/ament_cpplint:/home/jaboy/ros2_humble/install/ament_cppcheck:/home/jaboy/ros2_humble/install/ament_clang_tidy:/home/jaboy/ros2_humble/install/ament_clang_format:/home/jaboy/ros2_ws/install/launch_testing_examples:/home/jaboy/ros2_ws/install/examples_rclpy_pointcloud_publisher:/home/jaboy/ros2_ws/install/examples_rclpy_minimal_subscriber:/home/jaboy/ros2_ws/install/examples_rclpy_minimal_service:/home/jaboy/ros2_ws/install/examples_rclpy_minimal_publisher:/home/jaboy/ros2_ws/install/examples_rclpy_minimal_client:/home/jaboy/ros2_ws/install/examples_rclpy_minimal_action_server:/home/jaboy/ros2_ws/install/examples_rclpy_minimal_action_client:/home/jaboy/ros2_ws/install/examples_rclpy_guard_conditions:/home/jaboy/ros2_ws/install/examples_rclpy_executors:/opt/ros/humble /usr/bin/cmake /home/jaboy/Documents/RBE500_Project/RBE500_Project/custom_interfaces -DCMAKE_INSTALL_PREFIX=/home/jaboy/Documents/RBE500_Project/RBE500_Project/install/custom_interfaces
[1.539s] INFO:colcon.colcon_core.task.python.build:Building Python package in '/home/jaboy/Documents/RBE500_Project/RBE500_Project/forward_kinematics'
[1.539s] INFO:colcon.colcon_core.shell:Skip shell extension 'powershell' for command environment: Not usable outside of PowerShell
[1.539s] DEBUG:colcon.colcon_core.shell:Skip shell extension 'dsv' for command environment
[1.565s] DEBUG:colcon.colcon_core.event_handler.log_command:Invoked command in '/home/jaboy/Documents/RBE500_Project/RBE500_Project/build/ros_gz_example_description' returned '0': CMAKE_PREFIX_PATH=${CMAKE_PREFIX_PATH}:/home/jaboy/Documents/RBE500_Project/RBE500_Project/install/inverse_kinematics:/home/jaboy/Documents/RBE500_Project/RBE500_Project/install/forward_kinematics:/home/jaboy/Documents/RBE500_Project/RBE500_Project/install/control:/home/jaboy/ros2_humble/install/rqt_bag_plugins:/home/jaboy/ros2_humble/install/rqt_bag:/home/jaboy/ros2_humble/install/launch_testing_examples:/home/jaboy/ros2_humble/install/ros2bag:/home/jaboy/ros2_humble/install/tracetools_test:/home/jaboy/ros2_humble/install/tracetools_launch:/home/jaboy/ros2_humble/install/topic_monitor:/home/jaboy/ros2_humble/install/tf2_tools:/home/jaboy/ros2_humble/install/examples_tf2_py:/home/jaboy/ros2_humble/install/tf2_ros_py:/home/jaboy/ros2_humble/install/sros2:/home/jaboy/ros2_humble/install/rqt_topic:/home/jaboy/ros2_humble/install/rqt_srv:/home/jaboy/ros2_humble/install/rqt_shell:/home/jaboy/ros2_humble/install/rqt_service_caller:/home/jaboy/ros2_humble/install/rqt_reconfigure:/home/jaboy/ros2_humble/install/rqt_py_console:/home/jaboy/ros2_humble/install/rqt_publisher:/home/jaboy/ros2_humble/install/rqt_plot:/home/jaboy/ros2_humble/install/rqt_action:/home/jaboy/ros2_humble/install/rqt_msg:/home/jaboy/ros2_humble/install/rqt_console:/home/jaboy/ros2_humble/install/rqt:/home/jaboy/ros2_humble/install/rqt_graph:/home/jaboy/ros2_humble/install/rqt_gui_py:/home/jaboy/ros2_humble/install/rqt_gui:/home/jaboy/ros2_humble/install/ros2trace:/home/jaboy/ros2_humble/install/ros2topic:/home/jaboy/ros2_humble/install/ros2test:/home/jaboy/ros2_humble/install/ros2component:/home/jaboy/ros2_humble/install/ros2param:/home/jaboy/ros2_humble/install/ros2lifecycle:/home/jaboy/ros2_humble/install/ros2service:/home/jaboy/ros2_humble/install/ros2run:/home/jaboy/ros2_humble/install/ros2launch:/home/jaboy/ros2_humble/install/ros2pkg:/home/jaboy/ros2_humble/install/ros2node:/home/jaboy/ros2_humble/install/ros2multicast:/home/jaboy/ros2_humble/install/ros2interface:/home/jaboy/ros2_humble/install/ros2doctor:/home/jaboy/ros2_humble/install/ros2action:/home/jaboy/ros2_humble/install/ros2cli:/home/jaboy/ros2_humble/install/quality_of_service_demo_py:/home/jaboy/ros2_humble/install/lifecycle_py:/home/jaboy/ros2_humble/install/launch_testing_ros:/home/jaboy/ros2_humble/install/launch_ros:/home/jaboy/ros2_humble/install/examples_rclpy_pointcloud_publisher:/home/jaboy/ros2_humble/install/examples_rclpy_minimal_subscriber:/home/jaboy/ros2_humble/install/examples_rclpy_minimal_service:/home/jaboy/ros2_humble/install/examples_rclpy_minimal_publisher:/home/jaboy/ros2_humble/install/examples_rclpy_minimal_client:/home/jaboy/ros2_humble/install/examples_rclpy_minimal_action_server:/home/jaboy/ros2_humble/install/examples_rclpy_minimal_action_client:/home/jaboy/ros2_humble/install/examples_rclpy_guard_conditions:/home/jaboy/ros2_humble/install/examples_rclpy_executors:/home/jaboy/ros2_humble/install/demo_nodes_py:/home/jaboy/ros2_humble/install/camera_info_manager_py:/home/jaboy/ros2_humble/install/action_tutorials_py:/home/jaboy/ros2_humble/install/ament_uncrustify:/home/jaboy/ros2_humble/install/tracetools_trace:/home/jaboy/ros2_humble/install/tracetools_read:/home/jaboy/ros2_humble/install/rclcpp_lifecycle:/home/jaboy/ros2_humble/install/examples_rclcpp_cbg_executor:/home/jaboy/ros2_humble/install/test_tracetools_launch:/home/jaboy/ros2_humble/install/test_launch_ros:/home/jaboy/ros2_humble/install/sensor_msgs_py:/home/jaboy/ros2_humble/install/rpyutils:/home/jaboy/ros2_humble/install/rosidl_runtime_py:/home/jaboy/ros2_humble/install/rosidl_cli:/home/jaboy/ros2_humble/install/launch_pytest:/home/jaboy/ros2_humble/install/launch_testing:/home/jaboy/ros2_humble/install/launch_yaml:/home/jaboy/ros2_humble/install/launch_xml:/home/jaboy/ros2_humble/install/launch:/home/jaboy/ros2_humble/install/osrf_pycommon:/home/jaboy/ros2_humble/install/domain_coordinator:/home/jaboy/ros2_humble/install/ament_xmllint:/home/jaboy/ros2_humble/install/ament_pyflakes:/home/jaboy/ros2_humble/install/ament_pycodestyle:/home/jaboy/ros2_humble/install/ament_pep257:/home/jaboy/ros2_humble/install/ament_pclint:/home/jaboy/ros2_humble/install/ament_package:/home/jaboy/ros2_humble/install/ament_mypy:/home/jaboy/ros2_humble/install/ament_lint_cmake:/home/jaboy/ros2_humble/install/ament_flake8:/home/jaboy/ros2_humble/install/ament_copyright:/home/jaboy/ros2_humble/install/ament_lint:/home/jaboy/ros2_humble/install/ament_index_python:/home/jaboy/ros2_humble/install/ament_cpplint:/home/jaboy/ros2_humble/install/ament_cppcheck:/home/jaboy/ros2_humble/install/ament_clang_tidy:/home/jaboy/ros2_humble/install/ament_clang_format:/home/jaboy/ros2_ws/install/launch_testing_examples:/home/jaboy/ros2_ws/install/examples_rclpy_pointcloud_publisher:/home/jaboy/ros2_ws/install/examples_rclpy_minimal_subscriber:/home/jaboy/ros2_ws/install/examples_rclpy_minimal_service:/home/jaboy/ros2_ws/install/examples_rclpy_minimal_publisher:/home/jaboy/ros2_ws/install/examples_rclpy_minimal_client:/home/jaboy/ros2_ws/install/examples_rclpy_minimal_action_server:/home/jaboy/ros2_ws/install/examples_rclpy_minimal_action_client:/home/jaboy/ros2_ws/install/examples_rclpy_guard_conditions:/home/jaboy/ros2_ws/install/examples_rclpy_executors:/opt/ros/humble /usr/bin/cmake --build /home/jaboy/Documents/RBE500_Project/RBE500_Project/build/ros_gz_example_description -- -j16 -l16
[1.586s] DEBUG:colcon.colcon_core.event_handler.log_command:Invoking command in '/home/jaboy/Documents/RBE500_Project/RBE500_Project/build/ros_gz_example_description': CMAKE_PREFIX_PATH=${CMAKE_PREFIX_PATH}:/home/jaboy/Documents/RBE500_Project/RBE500_Project/install/inverse_kinematics:/home/jaboy/Documents/RBE500_Project/RBE500_Project/install/forward_kinematics:/home/jaboy/Documents/RBE500_Project/RBE500_Project/install/control:/home/jaboy/ros2_humble/install/rqt_bag_plugins:/home/jaboy/ros2_humble/install/rqt_bag:/home/jaboy/ros2_humble/install/launch_testing_examples:/home/jaboy/ros2_humble/install/ros2bag:/home/jaboy/ros2_humble/install/tracetools_test:/home/jaboy/ros2_humble/install/tracetools_launch:/home/jaboy/ros2_humble/install/topic_monitor:/home/jaboy/ros2_humble/install/tf2_tools:/home/jaboy/ros2_humble/install/examples_tf2_py:/home/jaboy/ros2_humble/install/tf2_ros_py:/home/jaboy/ros2_humble/install/sros2:/home/jaboy/ros2_humble/install/rqt_topic:/home/jaboy/ros2_humble/install/rqt_srv:/home/jaboy/ros2_humble/install/rqt_shell:/home/jaboy/ros2_humble/install/rqt_service_caller:/home/jaboy/ros2_humble/install/rqt_reconfigure:/home/jaboy/ros2_humble/install/rqt_py_console:/home/jaboy/ros2_humble/install/rqt_publisher:/home/jaboy/ros2_humble/install/rqt_plot:/home/jaboy/ros2_humble/install/rqt_action:/home/jaboy/ros2_humble/install/rqt_msg:/home/jaboy/ros2_humble/install/rqt_console:/home/jaboy/ros2_humble/install/rqt:/home/jaboy/ros2_humble/install/rqt_graph:/home/jaboy/ros2_humble/install/rqt_gui_py:/home/jaboy/ros2_humble/install/rqt_gui:/home/jaboy/ros2_humble/install/ros2trace:/home/jaboy/ros2_humble/install/ros2topic:/home/jaboy/ros2_humble/install/ros2test:/home/jaboy/ros2_humble/install/ros2component:/home/jaboy/ros2_humble/install/ros2param:/home/jaboy/ros2_humble/install/ros2lifecycle:/home/jaboy/ros2_humble/install/ros2service:/home/jaboy/ros2_humble/install/ros2run:/home/jaboy/ros2_humble/install/ros2launch:/home/jaboy/ros2_humble/install/ros2pkg:/home/jaboy/ros2_humble/install/ros2node:/home/jaboy/ros2_humble/install/ros2multicast:/home/jaboy/ros2_humble/install/ros2interface:/home/jaboy/ros2_humble/install/ros2doctor:/home/jaboy/ros2_humble/install/ros2action:/home/jaboy/ros2_humble/install/ros2cli:/home/jaboy/ros2_humble/install/quality_of_service_demo_py:/home/jaboy/ros2_humble/install/lifecycle_py:/home/jaboy/ros2_humble/install/launch_testing_ros:/home/jaboy/ros2_humble/install/launch_ros:/home/jaboy/ros2_humble/install/examples_rclpy_pointcloud_publisher:/home/jaboy/ros2_humble/install/examples_rclpy_minimal_subscriber:/home/jaboy/ros2_humble/install/examples_rclpy_minimal_service:/home/jaboy/ros2_humble/install/examples_rclpy_minimal_publisher:/home/jaboy/ros2_humble/install/examples_rclpy_minimal_client:/home/jaboy/ros2_humble/install/examples_rclpy_minimal_action_server:/home/jaboy/ros2_humble/install/examples_rclpy_minimal_action_client:/home/jaboy/ros2_humble/install/examples_rclpy_guard_conditions:/home/jaboy/ros2_humble/install/examples_rclpy_executors:/home/jaboy/ros2_humble/install/demo_nodes_py:/home/jaboy/ros2_humble/install/camera_info_manager_py:/home/jaboy/ros2_humble/install/action_tutorials_py:/home/jaboy/ros2_humble/install/ament_uncrustify:/home/jaboy/ros2_humble/install/tracetools_trace:/home/jaboy/ros2_humble/install/tracetools_read:/home/jaboy/ros2_humble/install/rclcpp_lifecycle:/home/jaboy/ros2_humble/install/examples_rclcpp_cbg_executor:/home/jaboy/ros2_humble/install/test_tracetools_launch:/home/jaboy/ros2_humble/install/test_launch_ros:/home/jaboy/ros2_humble/install/sensor_msgs_py:/home/jaboy/ros2_humble/install/rpyutils:/home/jaboy/ros2_humble/install/rosidl_runtime_py:/home/jaboy/ros2_humble/install/rosidl_cli:/home/jaboy/ros2_humble/install/launch_pytest:/home/jaboy/ros2_humble/install/launch_testing:/home/jaboy/ros2_humble/install/launch_yaml:/home/jaboy/ros2_humble/install/launch_xml:/home/jaboy/ros2_humble/install/launch:/home/jaboy/ros2_humble/install/osrf_pycommon:/home/jaboy/ros2_humble/install/domain_coordinator:/home/jaboy/ros2_humble/install/ament_xmllint:/home/jaboy/ros2_humble/install/ament_pyflakes:/home/jaboy/ros2_humble/install/ament_pycodestyle:/home/jaboy/ros2_humble/install/ament_pep257:/home/jaboy/ros2_humble/install/ament_pclint:/home/jaboy/ros2_humble/install/ament_package:/home/jaboy/ros2_humble/install/ament_mypy:/home/jaboy/ros2_humble/install/ament_lint_cmake:/home/jaboy/ros2_humble/install/ament_flake8:/home/jaboy/ros2_humble/install/ament_copyright:/home/jaboy/ros2_humble/install/ament_lint:/home/jaboy/ros2_humble/install/ament_index_python:/home/jaboy/ros2_humble/install/ament_cpplint:/home/jaboy/ros2_humble/install/ament_cppcheck:/home/jaboy/ros2_humble/install/ament_clang_tidy:/home/jaboy/ros2_humble/install/ament_clang_format:/home/jaboy/ros2_ws/install/launch_testing_examples:/home/jaboy/ros2_ws/install/examples_rclpy_pointcloud_publisher:/home/jaboy/ros2_ws/install/examples_rclpy_minimal_subscriber:/home/jaboy/ros2_ws/install/examples_rclpy_minimal_service:/home/jaboy/ros2_ws/install/examples_rclpy_minimal_publisher:/home/jaboy/ros2_ws/install/examples_rclpy_minimal_client:/home/jaboy/ros2_ws/install/examples_rclpy_minimal_action_server:/home/jaboy/ros2_ws/install/examples_rclpy_minimal_action_client:/home/jaboy/ros2_ws/install/examples_rclpy_guard_conditions:/home/jaboy/ros2_ws/install/examples_rclpy_executors:/opt/ros/humble /usr/bin/cmake --install /home/jaboy/Documents/RBE500_Project/RBE500_Project/build/ros_gz_example_description
[1.589s] Level 1:colcon.colcon_core.environment:create_environment_scripts_only(custom_interfaces)
[1.590s] DEBUG:colcon.colcon_core.event_handler.log_command:Invoking command in '/home/jaboy/Documents/RBE500_Project/RBE500_Project/build/ros_gz_example_application': CMAKE_PREFIX_PATH=${CMAKE_PREFIX_PATH}:/home/jaboy/Documents/RBE500_Project/RBE500_Project/install/inverse_kinematics:/home/jaboy/Documents/RBE500_Project/RBE500_Project/install/forward_kinematics:/home/jaboy/Documents/RBE500_Project/RBE500_Project/install/control:/home/jaboy/ros2_humble/install/rqt_bag_plugins:/home/jaboy/ros2_humble/install/rqt_bag:/home/jaboy/ros2_humble/install/launch_testing_examples:/home/jaboy/ros2_humble/install/ros2bag:/home/jaboy/ros2_humble/install/tracetools_test:/home/jaboy/ros2_humble/install/tracetools_launch:/home/jaboy/ros2_humble/install/topic_monitor:/home/jaboy/ros2_humble/install/tf2_tools:/home/jaboy/ros2_humble/install/examples_tf2_py:/home/jaboy/ros2_humble/install/tf2_ros_py:/home/jaboy/ros2_humble/install/sros2:/home/jaboy/ros2_humble/install/rqt_topic:/home/jaboy/ros2_humble/install/rqt_srv:/home/jaboy/ros2_humble/install/rqt_shell:/home/jaboy/ros2_humble/install/rqt_service_caller:/home/jaboy/ros2_humble/install/rqt_reconfigure:/home/jaboy/ros2_humble/install/rqt_py_console:/home/jaboy/ros2_humble/install/rqt_publisher:/home/jaboy/ros2_humble/install/rqt_plot:/home/jaboy/ros2_humble/install/rqt_action:/home/jaboy/ros2_humble/install/rqt_msg:/home/jaboy/ros2_humble/install/rqt_console:/home/jaboy/ros2_humble/install/rqt:/home/jaboy/ros2_humble/install/rqt_graph:/home/jaboy/ros2_humble/install/rqt_gui_py:/home/jaboy/ros2_humble/install/rqt_gui:/home/jaboy/ros2_humble/install/ros2trace:/home/jaboy/ros2_humble/install/ros2topic:/home/jaboy/ros2_humble/install/ros2test:/home/jaboy/ros2_humble/install/ros2component:/home/jaboy/ros2_humble/install/ros2param:/home/jaboy/ros2_humble/install/ros2lifecycle:/home/jaboy/ros2_humble/install/ros2service:/home/jaboy/ros2_humble/install/ros2run:/home/jaboy/ros2_humble/install/ros2launch:/home/jaboy/ros2_humble/install/ros2pkg:/home/jaboy/ros2_humble/install/ros2node:/home/jaboy/ros2_humble/install/ros2multicast:/home/jaboy/ros2_humble/install/ros2interface:/home/jaboy/ros2_humble/install/ros2doctor:/home/jaboy/ros2_humble/install/ros2action:/home/jaboy/ros2_humble/install/ros2cli:/home/jaboy/ros2_humble/install/quality_of_service_demo_py:/home/jaboy/ros2_humble/install/lifecycle_py:/home/jaboy/ros2_humble/install/launch_testing_ros:/home/jaboy/ros2_humble/install/launch_ros:/home/jaboy/ros2_humble/install/examples_rclpy_pointcloud_publisher:/home/jaboy/ros2_humble/install/examples_rclpy_minimal_subscriber:/home/jaboy/ros2_humble/install/examples_rclpy_minimal_service:/home/jaboy/ros2_humble/install/examples_rclpy_minimal_publisher:/home/jaboy/ros2_humble/install/examples_rclpy_minimal_client:/home/jaboy/ros2_humble/install/examples_rclpy_minimal_action_server:/home/jaboy/ros2_humble/install/examples_rclpy_minimal_action_client:/home/jaboy/ros2_humble/install/examples_rclpy_guard_conditions:/home/jaboy/ros2_humble/install/examples_rclpy_executors:/home/jaboy/ros2_humble/install/demo_nodes_py:/home/jaboy/ros2_humble/install/camera_info_manager_py:/home/jaboy/ros2_humble/install/action_tutorials_py:/home/jaboy/ros2_humble/install/ament_uncrustify:/home/jaboy/ros2_humble/install/tracetools_trace:/home/jaboy/ros2_humble/install/tracetools_read:/home/jaboy/ros2_humble/install/rclcpp_lifecycle:/home/jaboy/ros2_humble/install/examples_rclcpp_cbg_executor:/home/jaboy/ros2_humble/install/test_tracetools_launch:/home/jaboy/ros2_humble/install/test_launch_ros:/home/jaboy/ros2_humble/install/sensor_msgs_py:/home/jaboy/ros2_humble/install/rpyutils:/home/jaboy/ros2_humble/install/rosidl_runtime_py:/home/jaboy/ros2_humble/install/rosidl_cli:/home/jaboy/ros2_humble/install/launch_pytest:/home/jaboy/ros2_humble/install/launch_testing:/home/jaboy/ros2_humble/install/launch_yaml:/home/jaboy/ros2_humble/install/launch_xml:/home/jaboy/ros2_humble/install/launch:/home/jaboy/ros2_humble/install/osrf_pycommon:/home/jaboy/ros2_humble/install/domain_coordinator:/home/jaboy/ros2_humble/install/ament_xmllint:/home/jaboy/ros2_humble/install/ament_pyflakes:/home/jaboy/ros2_humble/install/ament_pycodestyle:/home/jaboy/ros2_humble/install/ament_pep257:/home/jaboy/ros2_humble/install/ament_pclint:/home/jaboy/ros2_humble/install/ament_package:/home/jaboy/ros2_humble/install/ament_mypy:/home/jaboy/ros2_humble/install/ament_lint_cmake:/home/jaboy/ros2_humble/install/ament_flake8:/home/jaboy/ros2_humble/install/ament_copyright:/home/jaboy/ros2_humble/install/ament_lint:/home/jaboy/ros2_humble/install/ament_index_python:/home/jaboy/ros2_humble/install/ament_cpplint:/home/jaboy/ros2_humble/install/ament_cppcheck:/home/jaboy/ros2_humble/install/ament_clang_tidy:/home/jaboy/ros2_humble/install/ament_clang_format:/home/jaboy/ros2_ws/install/launch_testing_examples:/home/jaboy/ros2_ws/install/examples_rclpy_pointcloud_publisher:/home/jaboy/ros2_ws/install/examples_rclpy_minimal_subscriber:/home/jaboy/ros2_ws/install/examples_rclpy_minimal_service:/home/jaboy/ros2_ws/install/examples_rclpy_minimal_publisher:/home/jaboy/ros2_ws/install/examples_rclpy_minimal_client:/home/jaboy/ros2_ws/install/examples_rclpy_minimal_action_server:/home/jaboy/ros2_ws/install/examples_rclpy_minimal_action_client:/home/jaboy/ros2_ws/install/examples_rclpy_guard_conditions:/home/jaboy/ros2_ws/install/examples_rclpy_executors:/opt/ros/humble /usr/bin/cmake --build /home/jaboy/Documents/RBE500_Project/RBE500_Project/build/ros_gz_example_application -- -j16 -l16
[1.591s] DEBUG:colcon.colcon_core.event_handler.log_command:Invoked command in '/home/jaboy/Documents/RBE500_Project/RBE500_Project/build/custom_interfaces' returned '1': CMAKE_PREFIX_PATH=${CMAKE_PREFIX_PATH}:/home/jaboy/Documents/RBE500_Project/RBE500_Project/install/inverse_kinematics:/home/jaboy/Documents/RBE500_Project/RBE500_Project/install/forward_kinematics:/home/jaboy/Documents/RBE500_Project/RBE500_Project/install/control:/home/jaboy/ros2_humble/install/rqt_bag_plugins:/home/jaboy/ros2_humble/install/rqt_bag:/home/jaboy/ros2_humble/install/launch_testing_examples:/home/jaboy/ros2_humble/install/ros2bag:/home/jaboy/ros2_humble/install/tracetools_test:/home/jaboy/ros2_humble/install/tracetools_launch:/home/jaboy/ros2_humble/install/topic_monitor:/home/jaboy/ros2_humble/install/tf2_tools:/home/jaboy/ros2_humble/install/examples_tf2_py:/home/jaboy/ros2_humble/install/tf2_ros_py:/home/jaboy/ros2_humble/install/sros2:/home/jaboy/ros2_humble/install/rqt_topic:/home/jaboy/ros2_humble/install/rqt_srv:/home/jaboy/ros2_humble/install/rqt_shell:/home/jaboy/ros2_humble/install/rqt_service_caller:/home/jaboy/ros2_humble/install/rqt_reconfigure:/home/jaboy/ros2_humble/install/rqt_py_console:/home/jaboy/ros2_humble/install/rqt_publisher:/home/jaboy/ros2_humble/install/rqt_plot:/home/jaboy/ros2_humble/install/rqt_action:/home/jaboy/ros2_humble/install/rqt_msg:/home/jaboy/ros2_humble/install/rqt_console:/home/jaboy/ros2_humble/install/rqt:/home/jaboy/ros2_humble/install/rqt_graph:/home/jaboy/ros2_humble/install/rqt_gui_py:/home/jaboy/ros2_humble/install/rqt_gui:/home/jaboy/ros2_humble/install/ros2trace:/home/jaboy/ros2_humble/install/ros2topic:/home/jaboy/ros2_humble/install/ros2test:/home/jaboy/ros2_humble/install/ros2component:/home/jaboy/ros2_humble/install/ros2param:/home/jaboy/ros2_humble/install/ros2lifecycle:/home/jaboy/ros2_humble/install/ros2service:/home/jaboy/ros2_humble/install/ros2run:/home/jaboy/ros2_humble/install/ros2launch:/home/jaboy/ros2_humble/install/ros2pkg:/home/jaboy/ros2_humble/install/ros2node:/home/jaboy/ros2_humble/install/ros2multicast:/home/jaboy/ros2_humble/install/ros2interface:/home/jaboy/ros2_humble/install/ros2doctor:/home/jaboy/ros2_humble/install/ros2action:/home/jaboy/ros2_humble/install/ros2cli:/home/jaboy/ros2_humble/install/quality_of_service_demo_py:/home/jaboy/ros2_humble/install/lifecycle_py:/home/jaboy/ros2_humble/install/launch_testing_ros:/home/jaboy/ros2_humble/install/launch_ros:/home/jaboy/ros2_humble/install/examples_rclpy_pointcloud_publisher:/home/jaboy/ros2_humble/install/examples_rclpy_minimal_subscriber:/home/jaboy/ros2_humble/install/examples_rclpy_minimal_service:/home/jaboy/ros2_humble/install/examples_rclpy_minimal_publisher:/home/jaboy/ros2_humble/install/examples_rclpy_minimal_client:/home/jaboy/ros2_humble/install/examples_rclpy_minimal_action_server:/home/jaboy/ros2_humble/install/examples_rclpy_minimal_action_client:/home/jaboy/ros2_humble/install/examples_rclpy_guard_conditions:/home/jaboy/ros2_humble/install/examples_rclpy_executors:/home/jaboy/ros2_humble/install/demo_nodes_py:/home/jaboy/ros2_humble/install/camera_info_manager_py:/home/jaboy/ros2_humble/install/action_tutorials_py:/home/jaboy/ros2_humble/install/ament_uncrustify:/home/jaboy/ros2_humble/install/tracetools_trace:/home/jaboy/ros2_humble/install/tracetools_read:/home/jaboy/ros2_humble/install/rclcpp_lifecycle:/home/jaboy/ros2_humble/install/examples_rclcpp_cbg_executor:/home/jaboy/ros2_humble/install/test_tracetools_launch:/home/jaboy/ros2_humble/install/test_launch_ros:/home/jaboy/ros2_humble/install/sensor_msgs_py:/home/jaboy/ros2_humble/install/rpyutils:/home/jaboy/ros2_humble/install/rosidl_runtime_py:/home/jaboy/ros2_humble/install/rosidl_cli:/home/jaboy/ros2_humble/install/launch_pytest:/home/jaboy/ros2_humble/install/launch_testing:/home/jaboy/ros2_humble/install/launch_yaml:/home/jaboy/ros2_humble/install/launch_xml:/home/jaboy/ros2_humble/install/launch:/home/jaboy/ros2_humble/install/osrf_pycommon:/home/jaboy/ros2_humble/install/domain_coordinator:/home/jaboy/ros2_humble/install/ament_xmllint:/home/jaboy/ros2_humble/install/ament_pyflakes:/home/jaboy/ros2_humble/install/ament_pycodestyle:/home/jaboy/ros2_humble/install/ament_pep257:/home/jaboy/ros2_humble/install/ament_pclint:/home/jaboy/ros2_humble/install/ament_package:/home/jaboy/ros2_humble/install/ament_mypy:/home/jaboy/ros2_humble/install/ament_lint_cmake:/home/jaboy/ros2_humble/install/ament_flake8:/home/jaboy/ros2_humble/install/ament_copyright:/home/jaboy/ros2_humble/install/ament_lint:/home/jaboy/ros2_humble/install/ament_index_python:/home/jaboy/ros2_humble/install/ament_cpplint:/home/jaboy/ros2_humble/install/ament_cppcheck:/home/jaboy/ros2_humble/install/ament_clang_tidy:/home/jaboy/ros2_humble/install/ament_clang_format:/home/jaboy/ros2_ws/install/launch_testing_examples:/home/jaboy/ros2_ws/install/examples_rclpy_pointcloud_publisher:/home/jaboy/ros2_ws/install/examples_rclpy_minimal_subscriber:/home/jaboy/ros2_ws/install/examples_rclpy_minimal_service:/home/jaboy/ros2_ws/install/examples_rclpy_minimal_publisher:/home/jaboy/ros2_ws/install/examples_rclpy_minimal_client:/home/jaboy/ros2_ws/install/examples_rclpy_minimal_action_server:/home/jaboy/ros2_ws/install/examples_rclpy_minimal_action_client:/home/jaboy/ros2_ws/install/examples_rclpy_guard_conditions:/home/jaboy/ros2_ws/install/examples_rclpy_executors:/opt/ros/humble /usr/bin/cmake /home/jaboy/Documents/RBE500_Project/RBE500_Project/custom_interfaces -DCMAKE_INSTALL_PREFIX=/home/jaboy/Documents/RBE500_Project/RBE500_Project/install/custom_interfaces
[1.594s] Level 1:colcon.colcon_core.environment:checking '/home/jaboy/Documents/RBE500_Project/RBE500_Project/install/custom_interfaces' for CMake module files
[1.594s] Level 1:colcon.colcon_core.environment:checking '/home/jaboy/Documents/RBE500_Project/RBE500_Project/install/custom_interfaces' for CMake config files
[1.594s] Level 1:colcon.colcon_core.environment:checking '/home/jaboy/Documents/RBE500_Project/RBE500_Project/install/custom_interfaces/bin'
[1.595s] Level 1:colcon.colcon_core.environment:checking '/home/jaboy/Documents/RBE500_Project/RBE500_Project/install/custom_interfaces/lib/pkgconfig/custom_interfaces.pc'
[1.595s] Level 1:colcon.colcon_core.environment:checking '/home/jaboy/Documents/RBE500_Project/RBE500_Project/install/custom_interfaces/lib/python3.10/site-packages'
[1.595s] Level 1:colcon.colcon_core.environment:checking '/home/jaboy/Documents/RBE500_Project/RBE500_Project/install/custom_interfaces/bin'
[1.595s] INFO:colcon.colcon_core.shell:Creating package script '/home/jaboy/Documents/RBE500_Project/RBE500_Project/install/custom_interfaces/share/custom_interfaces/package.ps1'
[1.596s] INFO:colcon.colcon_core.shell:Creating package descriptor '/home/jaboy/Documents/RBE500_Project/RBE500_Project/install/custom_interfaces/share/custom_interfaces/package.dsv'
[1.596s] INFO:colcon.colcon_core.shell:Creating package script '/home/jaboy/Documents/RBE500_Project/RBE500_Project/install/custom_interfaces/share/custom_interfaces/package.sh'
[1.597s] INFO:colcon.colcon_core.shell:Creating package script '/home/jaboy/Documents/RBE500_Project/RBE500_Project/install/custom_interfaces/share/custom_interfaces/package.bash'
[1.597s] INFO:colcon.colcon_core.shell:Creating package script '/home/jaboy/Documents/RBE500_Project/RBE500_Project/install/custom_interfaces/share/custom_interfaces/package.zsh'
[1.597s] Level 1:colcon.colcon_core.environment:create_file_with_runtime_dependencies(/home/jaboy/Documents/RBE500_Project/RBE500_Project/install/custom_interfaces/share/colcon-core/packages/custom_interfaces)
[1.600s] DEBUG:colcon.colcon_core.event_handler.log_command:Invoked command in '/home/jaboy/Documents/RBE500_Project/RBE500_Project/build/inverse_kin' returned '0': CMAKE_PREFIX_PATH=${CMAKE_PREFIX_PATH}:/home/jaboy/Documents/RBE500_Project/RBE500_Project/install/inverse_kinematics:/home/jaboy/Documents/RBE500_Project/RBE500_Project/install/forward_kinematics:/home/jaboy/Documents/RBE500_Project/RBE500_Project/install/control:/home/jaboy/ros2_humble/install/rqt_bag_plugins:/home/jaboy/ros2_humble/install/rqt_bag:/home/jaboy/ros2_humble/install/launch_testing_examples:/home/jaboy/ros2_humble/install/ros2bag:/home/jaboy/ros2_humble/install/tracetools_test:/home/jaboy/ros2_humble/install/tracetools_launch:/home/jaboy/ros2_humble/install/topic_monitor:/home/jaboy/ros2_humble/install/tf2_tools:/home/jaboy/ros2_humble/install/examples_tf2_py:/home/jaboy/ros2_humble/install/tf2_ros_py:/home/jaboy/ros2_humble/install/sros2:/home/jaboy/ros2_humble/install/rqt_topic:/home/jaboy/ros2_humble/install/rqt_srv:/home/jaboy/ros2_humble/install/rqt_shell:/home/jaboy/ros2_humble/install/rqt_service_caller:/home/jaboy/ros2_humble/install/rqt_reconfigure:/home/jaboy/ros2_humble/install/rqt_py_console:/home/jaboy/ros2_humble/install/rqt_publisher:/home/jaboy/ros2_humble/install/rqt_plot:/home/jaboy/ros2_humble/install/rqt_action:/home/jaboy/ros2_humble/install/rqt_msg:/home/jaboy/ros2_humble/install/rqt_console:/home/jaboy/ros2_humble/install/rqt:/home/jaboy/ros2_humble/install/rqt_graph:/home/jaboy/ros2_humble/install/rqt_gui_py:/home/jaboy/ros2_humble/install/rqt_gui:/home/jaboy/ros2_humble/install/ros2trace:/home/jaboy/ros2_humble/install/ros2topic:/home/jaboy/ros2_humble/install/ros2test:/home/jaboy/ros2_humble/install/ros2component:/home/jaboy/ros2_humble/install/ros2param:/home/jaboy/ros2_humble/install/ros2lifecycle:/home/jaboy/ros2_humble/install/ros2service:/home/jaboy/ros2_humble/install/ros2run:/home/jaboy/ros2_humble/install/ros2launch:/home/jaboy/ros2_humble/install/ros2pkg:/home/jaboy/ros2_humble/install/ros2node:/home/jaboy/ros2_humble/install/ros2multicast:/home/jaboy/ros2_humble/install/ros2interface:/home/jaboy/ros2_humble/install/ros2doctor:/home/jaboy/ros2_humble/install/ros2action:/home/jaboy/ros2_humble/install/ros2cli:/home/jaboy/ros2_humble/install/quality_of_service_demo_py:/home/jaboy/ros2_humble/install/lifecycle_py:/home/jaboy/ros2_humble/install/launch_testing_ros:/home/jaboy/ros2_humble/install/launch_ros:/home/jaboy/ros2_humble/install/examples_rclpy_pointcloud_publisher:/home/jaboy/ros2_humble/install/examples_rclpy_minimal_subscriber:/home/jaboy/ros2_humble/install/examples_rclpy_minimal_service:/home/jaboy/ros2_humble/install/examples_rclpy_minimal_publisher:/home/jaboy/ros2_humble/install/examples_rclpy_minimal_client:/home/jaboy/ros2_humble/install/examples_rclpy_minimal_action_server:/home/jaboy/ros2_humble/install/examples_rclpy_minimal_action_client:/home/jaboy/ros2_humble/install/examples_rclpy_guard_conditions:/home/jaboy/ros2_humble/install/examples_rclpy_executors:/home/jaboy/ros2_humble/install/demo_nodes_py:/home/jaboy/ros2_humble/install/camera_info_manager_py:/home/jaboy/ros2_humble/install/action_tutorials_py:/home/jaboy/ros2_humble/install/ament_uncrustify:/home/jaboy/ros2_humble/install/tracetools_trace:/home/jaboy/ros2_humble/install/tracetools_read:/home/jaboy/ros2_humble/install/rclcpp_lifecycle:/home/jaboy/ros2_humble/install/examples_rclcpp_cbg_executor:/home/jaboy/ros2_humble/install/test_tracetools_launch:/home/jaboy/ros2_humble/install/test_launch_ros:/home/jaboy/ros2_humble/install/sensor_msgs_py:/home/jaboy/ros2_humble/install/rpyutils:/home/jaboy/ros2_humble/install/rosidl_runtime_py:/home/jaboy/ros2_humble/install/rosidl_cli:/home/jaboy/ros2_humble/install/launch_pytest:/home/jaboy/ros2_humble/install/launch_testing:/home/jaboy/ros2_humble/install/launch_yaml:/home/jaboy/ros2_humble/install/launch_xml:/home/jaboy/ros2_humble/install/launch:/home/jaboy/ros2_humble/install/osrf_pycommon:/home/jaboy/ros2_humble/install/domain_coordinator:/home/jaboy/ros2_humble/install/ament_xmllint:/home/jaboy/ros2_humble/install/ament_pyflakes:/home/jaboy/ros2_humble/install/ament_pycodestyle:/home/jaboy/ros2_humble/install/ament_pep257:/home/jaboy/ros2_humble/install/ament_pclint:/home/jaboy/ros2_humble/install/ament_package:/home/jaboy/ros2_humble/install/ament_mypy:/home/jaboy/ros2_humble/install/ament_lint_cmake:/home/jaboy/ros2_humble/install/ament_flake8:/home/jaboy/ros2_humble/install/ament_copyright:/home/jaboy/ros2_humble/install/ament_lint:/home/jaboy/ros2_humble/install/ament_index_python:/home/jaboy/ros2_humble/install/ament_cpplint:/home/jaboy/ros2_humble/install/ament_cppcheck:/home/jaboy/ros2_humble/install/ament_clang_tidy:/home/jaboy/ros2_humble/install/ament_clang_format:/home/jaboy/ros2_ws/install/launch_testing_examples:/home/jaboy/ros2_ws/install/examples_rclpy_pointcloud_publisher:/home/jaboy/ros2_ws/install/examples_rclpy_minimal_subscriber:/home/jaboy/ros2_ws/install/examples_rclpy_minimal_service:/home/jaboy/ros2_ws/install/examples_rclpy_minimal_publisher:/home/jaboy/ros2_ws/install/examples_rclpy_minimal_client:/home/jaboy/ros2_ws/install/examples_rclpy_minimal_action_server:/home/jaboy/ros2_ws/install/examples_rclpy_minimal_action_client:/home/jaboy/ros2_ws/install/examples_rclpy_guard_conditions:/home/jaboy/ros2_ws/install/examples_rclpy_executors:/opt/ros/humble /usr/bin/cmake --build /home/jaboy/Documents/RBE500_Project/RBE500_Project/build/inverse_kin -- -j16 -l16
[1.600s] DEBUG:colcon.colcon_core.event_handler.log_command:Invoking command in '/home/jaboy/Documents/RBE500_Project/RBE500_Project/build/inverse_kin': CMAKE_PREFIX_PATH=${CMAKE_PREFIX_PATH}:/home/jaboy/Documents/RBE500_Project/RBE500_Project/install/inverse_kinematics:/home/jaboy/Documents/RBE500_Project/RBE500_Project/install/forward_kinematics:/home/jaboy/Documents/RBE500_Project/RBE500_Project/install/control:/home/jaboy/ros2_humble/install/rqt_bag_plugins:/home/jaboy/ros2_humble/install/rqt_bag:/home/jaboy/ros2_humble/install/launch_testing_examples:/home/jaboy/ros2_humble/install/ros2bag:/home/jaboy/ros2_humble/install/tracetools_test:/home/jaboy/ros2_humble/install/tracetools_launch:/home/jaboy/ros2_humble/install/topic_monitor:/home/jaboy/ros2_humble/install/tf2_tools:/home/jaboy/ros2_humble/install/examples_tf2_py:/home/jaboy/ros2_humble/install/tf2_ros_py:/home/jaboy/ros2_humble/install/sros2:/home/jaboy/ros2_humble/install/rqt_topic:/home/jaboy/ros2_humble/install/rqt_srv:/home/jaboy/ros2_humble/install/rqt_shell:/home/jaboy/ros2_humble/install/rqt_service_caller:/home/jaboy/ros2_humble/install/rqt_reconfigure:/home/jaboy/ros2_humble/install/rqt_py_console:/home/jaboy/ros2_humble/install/rqt_publisher:/home/jaboy/ros2_humble/install/rqt_plot:/home/jaboy/ros2_humble/install/rqt_action:/home/jaboy/ros2_humble/install/rqt_msg:/home/jaboy/ros2_humble/install/rqt_console:/home/jaboy/ros2_humble/install/rqt:/home/jaboy/ros2_humble/install/rqt_graph:/home/jaboy/ros2_humble/install/rqt_gui_py:/home/jaboy/ros2_humble/install/rqt_gui:/home/jaboy/ros2_humble/install/ros2trace:/home/jaboy/ros2_humble/install/ros2topic:/home/jaboy/ros2_humble/install/ros2test:/home/jaboy/ros2_humble/install/ros2component:/home/jaboy/ros2_humble/install/ros2param:/home/jaboy/ros2_humble/install/ros2lifecycle:/home/jaboy/ros2_humble/install/ros2service:/home/jaboy/ros2_humble/install/ros2run:/home/jaboy/ros2_humble/install/ros2launch:/home/jaboy/ros2_humble/install/ros2pkg:/home/jaboy/ros2_humble/install/ros2node:/home/jaboy/ros2_humble/install/ros2multicast:/home/jaboy/ros2_humble/install/ros2interface:/home/jaboy/ros2_humble/install/ros2doctor:/home/jaboy/ros2_humble/install/ros2action:/home/jaboy/ros2_humble/install/ros2cli:/home/jaboy/ros2_humble/install/quality_of_service_demo_py:/home/jaboy/ros2_humble/install/lifecycle_py:/home/jaboy/ros2_humble/install/launch_testing_ros:/home/jaboy/ros2_humble/install/launch_ros:/home/jaboy/ros2_humble/install/examples_rclpy_pointcloud_publisher:/home/jaboy/ros2_humble/install/examples_rclpy_minimal_subscriber:/home/jaboy/ros2_humble/install/examples_rclpy_minimal_service:/home/jaboy/ros2_humble/install/examples_rclpy_minimal_publisher:/home/jaboy/ros2_humble/install/examples_rclpy_minimal_client:/home/jaboy/ros2_humble/install/examples_rclpy_minimal_action_server:/home/jaboy/ros2_humble/install/examples_rclpy_minimal_action_client:/home/jaboy/ros2_humble/install/examples_rclpy_guard_conditions:/home/jaboy/ros2_humble/install/examples_rclpy_executors:/home/jaboy/ros2_humble/install/demo_nodes_py:/home/jaboy/ros2_humble/install/camera_info_manager_py:/home/jaboy/ros2_humble/install/action_tutorials_py:/home/jaboy/ros2_humble/install/ament_uncrustify:/home/jaboy/ros2_humble/install/tracetools_trace:/home/jaboy/ros2_humble/install/tracetools_read:/home/jaboy/ros2_humble/install/rclcpp_lifecycle:/home/jaboy/ros2_humble/install/examples_rclcpp_cbg_executor:/home/jaboy/ros2_humble/install/test_tracetools_launch:/home/jaboy/ros2_humble/install/test_launch_ros:/home/jaboy/ros2_humble/install/sensor_msgs_py:/home/jaboy/ros2_humble/install/rpyutils:/home/jaboy/ros2_humble/install/rosidl_runtime_py:/home/jaboy/ros2_humble/install/rosidl_cli:/home/jaboy/ros2_humble/install/launch_pytest:/home/jaboy/ros2_humble/install/launch_testing:/home/jaboy/ros2_humble/install/launch_yaml:/home/jaboy/ros2_humble/install/launch_xml:/home/jaboy/ros2_humble/install/launch:/home/jaboy/ros2_humble/install/osrf_pycommon:/home/jaboy/ros2_humble/install/domain_coordinator:/home/jaboy/ros2_humble/install/ament_xmllint:/home/jaboy/ros2_humble/install/ament_pyflakes:/home/jaboy/ros2_humble/install/ament_pycodestyle:/home/jaboy/ros2_humble/install/ament_pep257:/home/jaboy/ros2_humble/install/ament_pclint:/home/jaboy/ros2_humble/install/ament_package:/home/jaboy/ros2_humble/install/ament_mypy:/home/jaboy/ros2_humble/install/ament_lint_cmake:/home/jaboy/ros2_humble/install/ament_flake8:/home/jaboy/ros2_humble/install/ament_copyright:/home/jaboy/ros2_humble/install/ament_lint:/home/jaboy/ros2_humble/install/ament_index_python:/home/jaboy/ros2_humble/install/ament_cpplint:/home/jaboy/ros2_humble/install/ament_cppcheck:/home/jaboy/ros2_humble/install/ament_clang_tidy:/home/jaboy/ros2_humble/install/ament_clang_format:/home/jaboy/ros2_ws/install/launch_testing_examples:/home/jaboy/ros2_ws/install/examples_rclpy_pointcloud_publisher:/home/jaboy/ros2_ws/install/examples_rclpy_minimal_subscriber:/home/jaboy/ros2_ws/install/examples_rclpy_minimal_service:/home/jaboy/ros2_ws/install/examples_rclpy_minimal_publisher:/home/jaboy/ros2_ws/install/examples_rclpy_minimal_client:/home/jaboy/ros2_ws/install/examples_rclpy_minimal_action_server:/home/jaboy/ros2_ws/install/examples_rclpy_minimal_action_client:/home/jaboy/ros2_ws/install/examples_rclpy_guard_conditions:/home/jaboy/ros2_ws/install/examples_rclpy_executors:/opt/ros/humble /usr/bin/cmake --install /home/jaboy/Documents/RBE500_Project/RBE500_Project/build/inverse_kin
[1.686s] DEBUG:colcon.colcon_parallel_executor.executor.parallel:closing loop
[1.686s] DEBUG:colcon.colcon_parallel_executor.executor.parallel:loop closed
[1.686s] DEBUG:colcon.colcon_parallel_executor.executor.parallel:run_until_complete finished with '1'
[1.686s] DEBUG:colcon.colcon_core.event_reactor:joining thread
[1.696s] INFO:colcon.colcon_core.plugin_system:Skipping extension 'colcon_notification.desktop_notification.terminal_notifier': Not used on non-Darwin systems
[1.696s] INFO:colcon.colcon_core.plugin_system:Skipping extension 'colcon_notification.desktop_notification.win32': Not used on non-Windows systems
[1.696s] INFO:colcon.colcon_notification.desktop_notification:Sending desktop notification using 'notify2'
[1.704s] DEBUG:colcon.colcon_core.event_reactor:joined thread
[1.704s] INFO:colcon.colcon_core.shell:Creating prefix script '/home/jaboy/Documents/RBE500_Project/RBE500_Project/install/local_setup.ps1'
[1.705s] INFO:colcon.colcon_core.shell:Creating prefix util module '/home/jaboy/Documents/RBE500_Project/RBE500_Project/install/_local_setup_util_ps1.py'
[1.706s] INFO:colcon.colcon_core.shell:Creating prefix chain script '/home/jaboy/Documents/RBE500_Project/RBE500_Project/install/setup.ps1'
[1.718s] INFO:colcon.colcon_core.shell:Creating prefix script '/home/jaboy/Documents/RBE500_Project/RBE500_Project/install/local_setup.sh'
[1.718s] INFO:colcon.colcon_core.shell:Creating prefix util module '/home/jaboy/Documents/RBE500_Project/RBE500_Project/install/_local_setup_util_sh.py'
[1.719s] INFO:colcon.colcon_core.shell:Creating prefix chain script '/home/jaboy/Documents/RBE500_Project/RBE500_Project/install/setup.sh'
[1.730s] INFO:colcon.colcon_core.shell:Creating prefix script '/home/jaboy/Documents/RBE500_Project/RBE500_Project/install/local_setup.bash'
[1.730s] INFO:colcon.colcon_core.shell:Creating prefix chain script '/home/jaboy/Documents/RBE500_Project/RBE500_Project/install/setup.bash'
[1.742s] INFO:colcon.colcon_core.shell:Creating prefix script '/home/jaboy/Documents/RBE500_Project/RBE500_Project/install/local_setup.zsh'
[1.742s] INFO:colcon.colcon_core.shell:Creating prefix chain script '/home/jaboy/Documents/RBE500_Project/RBE500_Project/install/setup.zsh'
