[1.850s] Invoking command in '/home/jaboy/Documents/RBE500_Project/RBE500_Project/forward_kinematics': PYTHONPATH=/home/jaboy/Documents/RBE500_Project/RBE500_Project/build/forward_kinematics/prefix_override:/usr/lib/python3/dist-packages/colcon_core/task/python/colcon_distutils_commands:/home/jaboy/Documents/RBE500_Project/RBE500_Project/install/forward_kinematics/lib/python3.10/site-packages:${PYTHONPATH} /usr/bin/python3 -W ignore:setup.py install is deprecated -W ignore:easy_install command is deprecated setup.py egg_info --egg-base ../build/forward_kinematics build --build-base /home/jaboy/Documents/RBE500_Project/RBE500_Project/build/forward_kinematics/build install --record /home/jaboy/Documents/RBE500_Project/RBE500_Project/build/forward_kinematics/install.log --single-version-externally-managed install_data
[2.324s] running egg_info
[2.325s] writing ../build/forward_kinematics/forward_kinematics.egg-info/PKG-INFO
[2.325s] writing dependency_links to ../build/forward_kinematics/forward_kinematics.egg-info/dependency_links.txt
[2.325s] writing entry points to ../build/forward_kinematics/forward_kinematics.egg-info/entry_points.txt
[2.325s] writing requirements to ../build/forward_kinematics/forward_kinematics.egg-info/requires.txt
[2.325s] writing top-level names to ../build/forward_kinematics/forward_kinematics.egg-info/top_level.txt
[2.327s] reading manifest file '../build/forward_kinematics/forward_kinematics.egg-info/SOURCES.txt'
[2.327s] adding license file 'LICENSE'
[2.328s] writing manifest file '../build/forward_kinematics/forward_kinematics.egg-info/SOURCES.txt'
[2.328s] running build
[2.328s] running build_py
[2.328s] copying forward_kinematics/fk.py -> /home/jaboy/Documents/RBE500_Project/RBE500_Project/build/forward_kinematics/build/lib/forward_kinematics
[2.328s] running install
[2.329s] running install_lib
[2.330s] copying /home/jaboy/Documents/RBE500_Project/RBE500_Project/build/forward_kinematics/build/lib/forward_kinematics/fk.py -> /home/jaboy/Documents/RBE500_Project/RBE500_Project/install/forward_kinematics/lib/python3.10/site-packages/forward_kinematics
[2.332s] byte-compiling /home/jaboy/Documents/RBE500_Project/RBE500_Project/install/forward_kinematics/lib/python3.10/site-packages/forward_kinematics/fk.py to fk.cpython-310.pyc
[2.332s] running install_data
[2.333s] running install_egg_info
[2.336s] removing '/home/jaboy/Documents/RBE500_Project/RBE500_Project/install/forward_kinematics/lib/python3.10/site-packages/forward_kinematics-0.0.0-py3.10.egg-info' (and everything under it)
[2.336s] Copying ../build/forward_kinematics/forward_kinematics.egg-info to /home/jaboy/Documents/RBE500_Project/RBE500_Project/install/forward_kinematics/lib/python3.10/site-packages/forward_kinematics-0.0.0-py3.10.egg-info
[2.337s] running install_scripts
[2.373s] Installing pose_pub script to /home/jaboy/Documents/RBE500_Project/RBE500_Project/install/forward_kinematics/lib/forward_kinematics
[2.373s] writing list of installed files to '/home/jaboy/Documents/RBE500_Project/RBE500_Project/build/forward_kinematics/install.log'
[2.408s] Invoked command in '/home/jaboy/Documents/RBE500_Project/RBE500_Project/forward_kinematics' returned '0': PYTHONPATH=/home/jaboy/Documents/RBE500_Project/RBE500_Project/build/forward_kinematics/prefix_override:/usr/lib/python3/dist-packages/colcon_core/task/python/colcon_distutils_commands:/home/jaboy/Documents/RBE500_Project/RBE500_Project/install/forward_kinematics/lib/python3.10/site-packages:${PYTHONPATH} /usr/bin/python3 -W ignore:setup.py install is deprecated -W ignore:easy_install command is deprecated setup.py egg_info --egg-base ../build/forward_kinematics build --build-base /home/jaboy/Documents/RBE500_Project/RBE500_Project/build/forward_kinematics/build install --record /home/jaboy/Documents/RBE500_Project/RBE500_Project/build/forward_kinematics/install.log --single-version-externally-managed install_data
