[1.240s] Invoking command in '/home/jaboy/Documents/RBE500_Project/RBE500_Project/control': PYTHONPATH=/home/jaboy/Documents/RBE500_Project/RBE500_Project/build/control/prefix_override:/usr/lib/python3/dist-packages/colcon_core/task/python/colcon_distutils_commands:/home/jaboy/Documents/RBE500_Project/RBE500_Project/install/control/lib/python3.10/site-packages:${PYTHONPATH} /usr/bin/python3 -W ignore:setup.py install is deprecated -W ignore:easy_install command is deprecated setup.py egg_info --egg-base ../build/control build --build-base /home/jaboy/Documents/RBE500_Project/RBE500_Project/build/control/build install --record /home/jaboy/Documents/RBE500_Project/RBE500_Project/build/control/install.log --single-version-externally-managed install_data
[1.651s] running egg_info
[1.652s] creating ../build/control/control.egg-info
[1.652s] writing ../build/control/control.egg-info/PKG-INFO
[1.652s] writing dependency_links to ../build/control/control.egg-info/dependency_links.txt
[1.652s] writing entry points to ../build/control/control.egg-info/entry_points.txt
[1.652s] writing requirements to ../build/control/control.egg-info/requires.txt
[1.653s] writing top-level names to ../build/control/control.egg-info/top_level.txt
[1.653s] writing manifest file '../build/control/control.egg-info/SOURCES.txt'
[1.653s] reading manifest file '../build/control/control.egg-info/SOURCES.txt'
[1.654s] writing manifest file '../build/control/control.egg-info/SOURCES.txt'
[1.654s] running build
[1.654s] running install
[1.655s] running install_data
[1.655s] creating /home/jaboy/Documents/RBE500_Project/RBE500_Project/install/control/share
[1.655s] creating /home/jaboy/Documents/RBE500_Project/RBE500_Project/install/control/share/ament_index
[1.655s] creating /home/jaboy/Documents/RBE500_Project/RBE500_Project/install/control/share/ament_index/resource_index
[1.655s] error: can't copy 'resource/control': doesn't exist or not a regular file
[1.655s] creating /home/jaboy/Documents/RBE500_Project/RBE500_Project/install/control/share/ament_index/resource_index/packages
[1.701s] Invoked command in '/home/jaboy/Documents/RBE500_Project/RBE500_Project/control' returned '1': PYTHONPATH=/home/jaboy/Documents/RBE500_Project/RBE500_Project/build/control/prefix_override:/usr/lib/python3/dist-packages/colcon_core/task/python/colcon_distutils_commands:/home/jaboy/Documents/RBE500_Project/RBE500_Project/install/control/lib/python3.10/site-packages:${PYTHONPATH} /usr/bin/python3 -W ignore:setup.py install is deprecated -W ignore:easy_install command is deprecated setup.py egg_info --egg-base ../build/control build --build-base /home/jaboy/Documents/RBE500_Project/RBE500_Project/build/control/build install --record /home/jaboy/Documents/RBE500_Project/RBE500_Project/build/control/install.log --single-version-externally-managed install_data
