running egg_info
writing ../build/control/control.egg-info/PKG-INFO
writing dependency_links to ../build/control/control.egg-info/dependency_links.txt
writing entry points to ../build/control/control.egg-info/entry_points.txt
writing requirements to ../build/control/control.egg-info/requires.txt
writing top-level names to ../build/control/control.egg-info/top_level.txt
reading manifest file '../build/control/control.egg-info/SOURCES.txt'
writing manifest file '../build/control/control.egg-info/SOURCES.txt'
running build
running build_py
copying control/position_controller_client.py -> /home/jaboy/Documents/RBE500_Project/RBE500_Project/build/control/build/lib/control
copying control/position_controller_service.py -> /home/jaboy/Documents/RBE500_Project/RBE500_Project/build/control/build/lib/control
running install
running install_lib
copying /home/jaboy/Documents/RBE500_Project/RBE500_Project/build/control/build/lib/control/position_controller_client.py -> /home/jaboy/Documents/RBE500_Project/RBE500_Project/install/control/lib/python3.10/site-packages/control
copying /home/jaboy/Documents/RBE500_Project/RBE500_Project/build/control/build/lib/control/position_controller_service.py -> /home/jaboy/Documents/RBE500_Project/RBE500_Project/install/control/lib/python3.10/site-packages/control
byte-compiling /home/jaboy/Documents/RBE500_Project/RBE500_Project/install/control/lib/python3.10/site-packages/control/position_controller_client.py to position_controller_client.cpython-310.pyc
byte-compiling /home/jaboy/Documents/RBE500_Project/RBE500_Project/install/control/lib/python3.10/site-packages/control/position_controller_service.py to position_controller_service.cpython-310.pyc
running install_data
running install_egg_info
removing '/home/jaboy/Documents/RBE500_Project/RBE500_Project/install/control/lib/python3.10/site-packages/control-0.0.0-py3.10.egg-info' (and everything under it)
Copying ../build/control/control.egg-info to /home/jaboy/Documents/RBE500_Project/RBE500_Project/install/control/lib/python3.10/site-packages/control-0.0.0-py3.10.egg-info
running install_scripts
Installing client script to /home/jaboy/Documents/RBE500_Project/RBE500_Project/install/control/lib/control
Installing service script to /home/jaboy/Documents/RBE500_Project/RBE500_Project/install/control/lib/control
writing list of installed files to '/home/jaboy/Documents/RBE500_Project/RBE500_Project/build/control/install.log'
