[0.556s] Invoking command in '/home/jaboy/Documents/RBE500_Project/RBE500_Project/build/custom_interfaces': CMAKE_PREFIX_PATH=${CMAKE_PREFIX_PATH}:/home/jaboy/Documents/RBE500_Project/RBE500_Project/install/inverse_kinematics:/home/jaboy/Documents/RBE500_Project/RBE500_Project/install/forward_kinematics:/home/jaboy/Documents/RBE500_Project/RBE500_Project/install/control:/home/jaboy/ros2_humble/install/rqt_bag_plugins:/home/jaboy/ros2_humble/install/rqt_bag:/home/jaboy/ros2_humble/install/launch_testing_examples:/home/jaboy/ros2_humble/install/ros2bag:/home/jaboy/ros2_humble/install/tracetools_test:/home/jaboy/ros2_humble/install/tracetools_launch:/home/jaboy/ros2_humble/install/topic_monitor:/home/jaboy/ros2_humble/install/tf2_tools:/home/jaboy/ros2_humble/install/examples_tf2_py:/home/jaboy/ros2_humble/install/tf2_ros_py:/home/jaboy/ros2_humble/install/sros2:/home/jaboy/ros2_humble/install/rqt_topic:/home/jaboy/ros2_humble/install/rqt_srv:/home/jaboy/ros2_humble/install/rqt_shell:/home/jaboy/ros2_humble/install/rqt_service_caller:/home/jaboy/ros2_humble/install/rqt_reconfigure:/home/jaboy/ros2_humble/install/rqt_py_console:/home/jaboy/ros2_humble/install/rqt_publisher:/home/jaboy/ros2_humble/install/rqt_plot:/home/jaboy/ros2_humble/install/rqt_action:/home/jaboy/ros2_humble/install/rqt_msg:/home/jaboy/ros2_humble/install/rqt_console:/home/jaboy/ros2_humble/install/rqt:/home/jaboy/ros2_humble/install/rqt_graph:/home/jaboy/ros2_humble/install/rqt_gui_py:/home/jaboy/ros2_humble/install/rqt_gui:/home/jaboy/ros2_humble/install/ros2trace:/home/jaboy/ros2_humble/install/ros2topic:/home/jaboy/ros2_humble/install/ros2test:/home/jaboy/ros2_humble/install/ros2component:/home/jaboy/ros2_humble/install/ros2param:/home/jaboy/ros2_humble/install/ros2lifecycle:/home/jaboy/ros2_humble/install/ros2service:/home/jaboy/ros2_humble/install/ros2run:/home/jaboy/ros2_humble/install/ros2launch:/home/jaboy/ros2_humble/install/ros2pkg:/home/jaboy/ros2_humble/install/ros2node:/home/jaboy/ros2_humble/install/ros2multicast:/home/jaboy/ros2_humble/install/ros2interface:/home/jaboy/ros2_humble/install/ros2doctor:/home/jaboy/ros2_humble/install/ros2action:/home/jaboy/ros2_humble/install/ros2cli:/home/jaboy/ros2_humble/install/quality_of_service_demo_py:/home/jaboy/ros2_humble/install/lifecycle_py:/home/jaboy/ros2_humble/install/launch_testing_ros:/home/jaboy/ros2_humble/install/launch_ros:/home/jaboy/ros2_humble/install/examples_rclpy_pointcloud_publisher:/home/jaboy/ros2_humble/install/examples_rclpy_minimal_subscriber:/home/jaboy/ros2_humble/install/examples_rclpy_minimal_service:/home/jaboy/ros2_humble/install/examples_rclpy_minimal_publisher:/home/jaboy/ros2_humble/install/examples_rclpy_minimal_client:/home/jaboy/ros2_humble/install/examples_rclpy_minimal_action_server:/home/jaboy/ros2_humble/install/examples_rclpy_minimal_action_client:/home/jaboy/ros2_humble/install/examples_rclpy_guard_conditions:/home/jaboy/ros2_humble/install/examples_rclpy_executors:/home/jaboy/ros2_humble/install/demo_nodes_py:/home/jaboy/ros2_humble/install/camera_info_manager_py:/home/jaboy/ros2_humble/install/action_tutorials_py:/home/jaboy/ros2_humble/install/ament_uncrustify:/home/jaboy/ros2_humble/install/tracetools_trace:/home/jaboy/ros2_humble/install/tracetools_read:/home/jaboy/ros2_humble/install/rclcpp_lifecycle:/home/jaboy/ros2_humble/install/examples_rclcpp_cbg_executor:/home/jaboy/ros2_humble/install/test_tracetools_launch:/home/jaboy/ros2_humble/install/test_launch_ros:/home/jaboy/ros2_humble/install/sensor_msgs_py:/home/jaboy/ros2_humble/install/rpyutils:/home/jaboy/ros2_humble/install/rosidl_runtime_py:/home/jaboy/ros2_humble/install/rosidl_cli:/home/jaboy/ros2_humble/install/launch_pytest:/home/jaboy/ros2_humble/install/launch_testing:/home/jaboy/ros2_humble/install/launch_yaml:/home/jaboy/ros2_humble/install/launch_xml:/home/jaboy/ros2_humble/install/launch:/home/jaboy/ros2_humble/install/osrf_pycommon:/home/jaboy/ros2_humble/install/domain_coordinator:/home/jaboy/ros2_humble/install/ament_xmllint:/home/jaboy/ros2_humble/install/ament_pyflakes:/home/jaboy/ros2_humble/install/ament_pycodestyle:/home/jaboy/ros2_humble/install/ament_pep257:/home/jaboy/ros2_humble/install/ament_pclint:/home/jaboy/ros2_humble/install/ament_package:/home/jaboy/ros2_humble/install/ament_mypy:/home/jaboy/ros2_humble/install/ament_lint_cmake:/home/jaboy/ros2_humble/install/ament_flake8:/home/jaboy/ros2_humble/install/ament_copyright:/home/jaboy/ros2_humble/install/ament_lint:/home/jaboy/ros2_humble/install/ament_index_python:/home/jaboy/ros2_humble/install/ament_cpplint:/home/jaboy/ros2_humble/install/ament_cppcheck:/home/jaboy/ros2_humble/install/ament_clang_tidy:/home/jaboy/ros2_humble/install/ament_clang_format:/home/jaboy/ros2_ws/install/launch_testing_examples:/home/jaboy/ros2_ws/install/examples_rclpy_pointcloud_publisher:/home/jaboy/ros2_ws/install/examples_rclpy_minimal_subscriber:/home/jaboy/ros2_ws/install/examples_rclpy_minimal_service:/home/jaboy/ros2_ws/install/examples_rclpy_minimal_publisher:/home/jaboy/ros2_ws/install/examples_rclpy_minimal_client:/home/jaboy/ros2_ws/install/examples_rclpy_minimal_action_server:/home/jaboy/ros2_ws/install/examples_rclpy_minimal_action_client:/home/jaboy/ros2_ws/install/examples_rclpy_guard_conditions:/home/jaboy/ros2_ws/install/examples_rclpy_executors:/opt/ros/humble /usr/bin/cmake --build /home/jaboy/Documents/RBE500_Project/RBE500_Project/build/custom_interfaces -- -j16 -l16
[1.064s] [  9%] Built target custom_interfaces__rosidl_generator_c
[1.065s] [ 12%] Built target custom_interfaces__cpp
[1.065s] [ 12%] Built target ament_cmake_python_copy_custom_interfaces
[1.065s] [ 32%] Built target custom_interfaces__rosidl_typesupport_c
[1.065s] [ 32%] Built target custom_interfaces__rosidl_typesupport_introspection_cpp
[1.065s] [ 41%] Built target custom_interfaces__rosidl_typesupport_fastrtps_c
[1.065s] [ 51%] Built target custom_interfaces__rosidl_typesupport_fastrtps_cpp
[1.065s] [ 61%] Built target custom_interfaces__rosidl_typesupport_introspection_c
[1.065s] [ 70%] Built target custom_interfaces__rosidl_typesupport_cpp
[1.065s] [ 70%] Built target custom_interfaces
[1.066s] [ 74%] Built target custom_interfaces__py
[1.066s] [ 80%] Built target custom_interfaces__rosidl_generator_py
[1.066s] [100%] Built target custom_interfaces__rosidl_typesupport_fastrtps_c__pyext
[1.066s] [100%] Built target custom_interfaces__rosidl_typesupport_introspection_c__pyext
[1.066s] [100%] Built target custom_interfaces__rosidl_typesupport_c__pyext
[1.227s] running egg_info
[1.227s] writing custom_interfaces.egg-info/PKG-INFO
[1.228s] writing dependency_links to custom_interfaces.egg-info/dependency_links.txt
[1.228s] writing top-level names to custom_interfaces.egg-info/top_level.txt
[1.231s] reading manifest file 'custom_interfaces.egg-info/SOURCES.txt'
[1.231s] writing manifest file 'custom_interfaces.egg-info/SOURCES.txt'
[1.292s] [100%] Built target ament_cmake_python_build_custom_interfaces_egg
[1.338s] Invoked command in '/home/jaboy/Documents/RBE500_Project/RBE500_Project/build/custom_interfaces' returned '0': CMAKE_PREFIX_PATH=${CMAKE_PREFIX_PATH}:/home/jaboy/Documents/RBE500_Project/RBE500_Project/install/inverse_kinematics:/home/jaboy/Documents/RBE500_Project/RBE500_Project/install/forward_kinematics:/home/jaboy/Documents/RBE500_Project/RBE500_Project/install/control:/home/jaboy/ros2_humble/install/rqt_bag_plugins:/home/jaboy/ros2_humble/install/rqt_bag:/home/jaboy/ros2_humble/install/launch_testing_examples:/home/jaboy/ros2_humble/install/ros2bag:/home/jaboy/ros2_humble/install/tracetools_test:/home/jaboy/ros2_humble/install/tracetools_launch:/home/jaboy/ros2_humble/install/topic_monitor:/home/jaboy/ros2_humble/install/tf2_tools:/home/jaboy/ros2_humble/install/examples_tf2_py:/home/jaboy/ros2_humble/install/tf2_ros_py:/home/jaboy/ros2_humble/install/sros2:/home/jaboy/ros2_humble/install/rqt_topic:/home/jaboy/ros2_humble/install/rqt_srv:/home/jaboy/ros2_humble/install/rqt_shell:/home/jaboy/ros2_humble/install/rqt_service_caller:/home/jaboy/ros2_humble/install/rqt_reconfigure:/home/jaboy/ros2_humble/install/rqt_py_console:/home/jaboy/ros2_humble/install/rqt_publisher:/home/jaboy/ros2_humble/install/rqt_plot:/home/jaboy/ros2_humble/install/rqt_action:/home/jaboy/ros2_humble/install/rqt_msg:/home/jaboy/ros2_humble/install/rqt_console:/home/jaboy/ros2_humble/install/rqt:/home/jaboy/ros2_humble/install/rqt_graph:/home/jaboy/ros2_humble/install/rqt_gui_py:/home/jaboy/ros2_humble/install/rqt_gui:/home/jaboy/ros2_humble/install/ros2trace:/home/jaboy/ros2_humble/install/ros2topic:/home/jaboy/ros2_humble/install/ros2test:/home/jaboy/ros2_humble/install/ros2component:/home/jaboy/ros2_humble/install/ros2param:/home/jaboy/ros2_humble/install/ros2lifecycle:/home/jaboy/ros2_humble/install/ros2service:/home/jaboy/ros2_humble/install/ros2run:/home/jaboy/ros2_humble/install/ros2launch:/home/jaboy/ros2_humble/install/ros2pkg:/home/jaboy/ros2_humble/install/ros2node:/home/jaboy/ros2_humble/install/ros2multicast:/home/jaboy/ros2_humble/install/ros2interface:/home/jaboy/ros2_humble/install/ros2doctor:/home/jaboy/ros2_humble/install/ros2action:/home/jaboy/ros2_humble/install/ros2cli:/home/jaboy/ros2_humble/install/quality_of_service_demo_py:/home/jaboy/ros2_humble/install/lifecycle_py:/home/jaboy/ros2_humble/install/launch_testing_ros:/home/jaboy/ros2_humble/install/launch_ros:/home/jaboy/ros2_humble/install/examples_rclpy_pointcloud_publisher:/home/jaboy/ros2_humble/install/examples_rclpy_minimal_subscriber:/home/jaboy/ros2_humble/install/examples_rclpy_minimal_service:/home/jaboy/ros2_humble/install/examples_rclpy_minimal_publisher:/home/jaboy/ros2_humble/install/examples_rclpy_minimal_client:/home/jaboy/ros2_humble/install/examples_rclpy_minimal_action_server:/home/jaboy/ros2_humble/install/examples_rclpy_minimal_action_client:/home/jaboy/ros2_humble/install/examples_rclpy_guard_conditions:/home/jaboy/ros2_humble/install/examples_rclpy_executors:/home/jaboy/ros2_humble/install/demo_nodes_py:/home/jaboy/ros2_humble/install/camera_info_manager_py:/home/jaboy/ros2_humble/install/action_tutorials_py:/home/jaboy/ros2_humble/install/ament_uncrustify:/home/jaboy/ros2_humble/install/tracetools_trace:/home/jaboy/ros2_humble/install/tracetools_read:/home/jaboy/ros2_humble/install/rclcpp_lifecycle:/home/jaboy/ros2_humble/install/examples_rclcpp_cbg_executor:/home/jaboy/ros2_humble/install/test_tracetools_launch:/home/jaboy/ros2_humble/install/test_launch_ros:/home/jaboy/ros2_humble/install/sensor_msgs_py:/home/jaboy/ros2_humble/install/rpyutils:/home/jaboy/ros2_humble/install/rosidl_runtime_py:/home/jaboy/ros2_humble/install/rosidl_cli:/home/jaboy/ros2_humble/install/launch_pytest:/home/jaboy/ros2_humble/install/launch_testing:/home/jaboy/ros2_humble/install/launch_yaml:/home/jaboy/ros2_humble/install/launch_xml:/home/jaboy/ros2_humble/install/launch:/home/jaboy/ros2_humble/install/osrf_pycommon:/home/jaboy/ros2_humble/install/domain_coordinator:/home/jaboy/ros2_humble/install/ament_xmllint:/home/jaboy/ros2_humble/install/ament_pyflakes:/home/jaboy/ros2_humble/install/ament_pycodestyle:/home/jaboy/ros2_humble/install/ament_pep257:/home/jaboy/ros2_humble/install/ament_pclint:/home/jaboy/ros2_humble/install/ament_package:/home/jaboy/ros2_humble/install/ament_mypy:/home/jaboy/ros2_humble/install/ament_lint_cmake:/home/jaboy/ros2_humble/install/ament_flake8:/home/jaboy/ros2_humble/install/ament_copyright:/home/jaboy/ros2_humble/install/ament_lint:/home/jaboy/ros2_humble/install/ament_index_python:/home/jaboy/ros2_humble/install/ament_cpplint:/home/jaboy/ros2_humble/install/ament_cppcheck:/home/jaboy/ros2_humble/install/ament_clang_tidy:/home/jaboy/ros2_humble/install/ament_clang_format:/home/jaboy/ros2_ws/install/launch_testing_examples:/home/jaboy/ros2_ws/install/examples_rclpy_pointcloud_publisher:/home/jaboy/ros2_ws/install/examples_rclpy_minimal_subscriber:/home/jaboy/ros2_ws/install/examples_rclpy_minimal_service:/home/jaboy/ros2_ws/install/examples_rclpy_minimal_publisher:/home/jaboy/ros2_ws/install/examples_rclpy_minimal_client:/home/jaboy/ros2_ws/install/examples_rclpy_minimal_action_server:/home/jaboy/ros2_ws/install/examples_rclpy_minimal_action_client:/home/jaboy/ros2_ws/install/examples_rclpy_guard_conditions:/home/jaboy/ros2_ws/install/examples_rclpy_executors:/opt/ros/humble /usr/bin/cmake --build /home/jaboy/Documents/RBE500_Project/RBE500_Project/build/custom_interfaces -- -j16 -l16
[1.340s] Invoking command in '/home/jaboy/Documents/RBE500_Project/RBE500_Project/build/custom_interfaces': CMAKE_PREFIX_PATH=${CMAKE_PREFIX_PATH}:/home/jaboy/Documents/RBE500_Project/RBE500_Project/install/inverse_kinematics:/home/jaboy/Documents/RBE500_Project/RBE500_Project/install/forward_kinematics:/home/jaboy/Documents/RBE500_Project/RBE500_Project/install/control:/home/jaboy/ros2_humble/install/rqt_bag_plugins:/home/jaboy/ros2_humble/install/rqt_bag:/home/jaboy/ros2_humble/install/launch_testing_examples:/home/jaboy/ros2_humble/install/ros2bag:/home/jaboy/ros2_humble/install/tracetools_test:/home/jaboy/ros2_humble/install/tracetools_launch:/home/jaboy/ros2_humble/install/topic_monitor:/home/jaboy/ros2_humble/install/tf2_tools:/home/jaboy/ros2_humble/install/examples_tf2_py:/home/jaboy/ros2_humble/install/tf2_ros_py:/home/jaboy/ros2_humble/install/sros2:/home/jaboy/ros2_humble/install/rqt_topic:/home/jaboy/ros2_humble/install/rqt_srv:/home/jaboy/ros2_humble/install/rqt_shell:/home/jaboy/ros2_humble/install/rqt_service_caller:/home/jaboy/ros2_humble/install/rqt_reconfigure:/home/jaboy/ros2_humble/install/rqt_py_console:/home/jaboy/ros2_humble/install/rqt_publisher:/home/jaboy/ros2_humble/install/rqt_plot:/home/jaboy/ros2_humble/install/rqt_action:/home/jaboy/ros2_humble/install/rqt_msg:/home/jaboy/ros2_humble/install/rqt_console:/home/jaboy/ros2_humble/install/rqt:/home/jaboy/ros2_humble/install/rqt_graph:/home/jaboy/ros2_humble/install/rqt_gui_py:/home/jaboy/ros2_humble/install/rqt_gui:/home/jaboy/ros2_humble/install/ros2trace:/home/jaboy/ros2_humble/install/ros2topic:/home/jaboy/ros2_humble/install/ros2test:/home/jaboy/ros2_humble/install/ros2component:/home/jaboy/ros2_humble/install/ros2param:/home/jaboy/ros2_humble/install/ros2lifecycle:/home/jaboy/ros2_humble/install/ros2service:/home/jaboy/ros2_humble/install/ros2run:/home/jaboy/ros2_humble/install/ros2launch:/home/jaboy/ros2_humble/install/ros2pkg:/home/jaboy/ros2_humble/install/ros2node:/home/jaboy/ros2_humble/install/ros2multicast:/home/jaboy/ros2_humble/install/ros2interface:/home/jaboy/ros2_humble/install/ros2doctor:/home/jaboy/ros2_humble/install/ros2action:/home/jaboy/ros2_humble/install/ros2cli:/home/jaboy/ros2_humble/install/quality_of_service_demo_py:/home/jaboy/ros2_humble/install/lifecycle_py:/home/jaboy/ros2_humble/install/launch_testing_ros:/home/jaboy/ros2_humble/install/launch_ros:/home/jaboy/ros2_humble/install/examples_rclpy_pointcloud_publisher:/home/jaboy/ros2_humble/install/examples_rclpy_minimal_subscriber:/home/jaboy/ros2_humble/install/examples_rclpy_minimal_service:/home/jaboy/ros2_humble/install/examples_rclpy_minimal_publisher:/home/jaboy/ros2_humble/install/examples_rclpy_minimal_client:/home/jaboy/ros2_humble/install/examples_rclpy_minimal_action_server:/home/jaboy/ros2_humble/install/examples_rclpy_minimal_action_client:/home/jaboy/ros2_humble/install/examples_rclpy_guard_conditions:/home/jaboy/ros2_humble/install/examples_rclpy_executors:/home/jaboy/ros2_humble/install/demo_nodes_py:/home/jaboy/ros2_humble/install/camera_info_manager_py:/home/jaboy/ros2_humble/install/action_tutorials_py:/home/jaboy/ros2_humble/install/ament_uncrustify:/home/jaboy/ros2_humble/install/tracetools_trace:/home/jaboy/ros2_humble/install/tracetools_read:/home/jaboy/ros2_humble/install/rclcpp_lifecycle:/home/jaboy/ros2_humble/install/examples_rclcpp_cbg_executor:/home/jaboy/ros2_humble/install/test_tracetools_launch:/home/jaboy/ros2_humble/install/test_launch_ros:/home/jaboy/ros2_humble/install/sensor_msgs_py:/home/jaboy/ros2_humble/install/rpyutils:/home/jaboy/ros2_humble/install/rosidl_runtime_py:/home/jaboy/ros2_humble/install/rosidl_cli:/home/jaboy/ros2_humble/install/launch_pytest:/home/jaboy/ros2_humble/install/launch_testing:/home/jaboy/ros2_humble/install/launch_yaml:/home/jaboy/ros2_humble/install/launch_xml:/home/jaboy/ros2_humble/install/launch:/home/jaboy/ros2_humble/install/osrf_pycommon:/home/jaboy/ros2_humble/install/domain_coordinator:/home/jaboy/ros2_humble/install/ament_xmllint:/home/jaboy/ros2_humble/install/ament_pyflakes:/home/jaboy/ros2_humble/install/ament_pycodestyle:/home/jaboy/ros2_humble/install/ament_pep257:/home/jaboy/ros2_humble/install/ament_pclint:/home/jaboy/ros2_humble/install/ament_package:/home/jaboy/ros2_humble/install/ament_mypy:/home/jaboy/ros2_humble/install/ament_lint_cmake:/home/jaboy/ros2_humble/install/ament_flake8:/home/jaboy/ros2_humble/install/ament_copyright:/home/jaboy/ros2_humble/install/ament_lint:/home/jaboy/ros2_humble/install/ament_index_python:/home/jaboy/ros2_humble/install/ament_cpplint:/home/jaboy/ros2_humble/install/ament_cppcheck:/home/jaboy/ros2_humble/install/ament_clang_tidy:/home/jaboy/ros2_humble/install/ament_clang_format:/home/jaboy/ros2_ws/install/launch_testing_examples:/home/jaboy/ros2_ws/install/examples_rclpy_pointcloud_publisher:/home/jaboy/ros2_ws/install/examples_rclpy_minimal_subscriber:/home/jaboy/ros2_ws/install/examples_rclpy_minimal_service:/home/jaboy/ros2_ws/install/examples_rclpy_minimal_publisher:/home/jaboy/ros2_ws/install/examples_rclpy_minimal_client:/home/jaboy/ros2_ws/install/examples_rclpy_minimal_action_server:/home/jaboy/ros2_ws/install/examples_rclpy_minimal_action_client:/home/jaboy/ros2_ws/install/examples_rclpy_guard_conditions:/home/jaboy/ros2_ws/install/examples_rclpy_executors:/opt/ros/humble /usr/bin/cmake --install /home/jaboy/Documents/RBE500_Project/RBE500_Project/build/custom_interfaces
[1.363s] -- Install configuration: ""
[1.363s] -- Up-to-date: /home/jaboy/Documents/RBE500_Project/RBE500_Project/install/custom_interfaces/share/ament_index/resource_index/rosidl_interfaces/custom_interfaces
[1.364s] -- Up-to-date: /home/jaboy/Documents/RBE500_Project/RBE500_Project/install/custom_interfaces/include/custom_interfaces/custom_interfaces
[1.364s] -- Up-to-date: /home/jaboy/Documents/RBE500_Project/RBE500_Project/install/custom_interfaces/include/custom_interfaces/custom_interfaces/msg
[1.364s] -- Up-to-date: /home/jaboy/Documents/RBE500_Project/RBE500_Project/install/custom_interfaces/include/custom_interfaces/custom_interfaces/msg/rosidl_generator_c__visibility_control.h
[1.364s] -- Up-to-date: /home/jaboy/Documents/RBE500_Project/RBE500_Project/install/custom_interfaces/include/custom_interfaces/custom_interfaces/srv
[1.364s] -- Up-to-date: /home/jaboy/Documents/RBE500_Project/RBE500_Project/install/custom_interfaces/include/custom_interfaces/custom_interfaces/srv/detail
[1.364s] -- Up-to-date: /home/jaboy/Documents/RBE500_Project/RBE500_Project/install/custom_interfaces/include/custom_interfaces/custom_interfaces/srv/detail/control__functions.h
[1.364s] -- Up-to-date: /home/jaboy/Documents/RBE500_Project/RBE500_Project/install/custom_interfaces/include/custom_interfaces/custom_interfaces/srv/detail/control__type_support.h
[1.364s] -- Up-to-date: /home/jaboy/Documents/RBE500_Project/RBE500_Project/install/custom_interfaces/include/custom_interfaces/custom_interfaces/srv/detail/control__functions.c
[1.364s] -- Up-to-date: /home/jaboy/Documents/RBE500_Project/RBE500_Project/install/custom_interfaces/include/custom_interfaces/custom_interfaces/srv/detail/control__struct.h
[1.364s] -- Up-to-date: /home/jaboy/Documents/RBE500_Project/RBE500_Project/install/custom_interfaces/include/custom_interfaces/custom_interfaces/srv/control.h
[1.365s] -- Up-to-date: /home/jaboy/Documents/RBE500_Project/RBE500_Project/install/custom_interfaces/share/custom_interfaces/environment/library_path.sh
[1.365s] -- Up-to-date: /home/jaboy/Documents/RBE500_Project/RBE500_Project/install/custom_interfaces/share/custom_interfaces/environment/library_path.dsv
[1.365s] -- Up-to-date: /home/jaboy/Documents/RBE500_Project/RBE500_Project/install/custom_interfaces/lib/libcustom_interfaces__rosidl_generator_c.so
[1.365s] -- Up-to-date: /home/jaboy/Documents/RBE500_Project/RBE500_Project/install/custom_interfaces/include/custom_interfaces/custom_interfaces
[1.365s] -- Up-to-date: /home/jaboy/Documents/RBE500_Project/RBE500_Project/install/custom_interfaces/include/custom_interfaces/custom_interfaces/msg
[1.365s] -- Up-to-date: /home/jaboy/Documents/RBE500_Project/RBE500_Project/install/custom_interfaces/include/custom_interfaces/custom_interfaces/msg/rosidl_typesupport_fastrtps_c__visibility_control.h
[1.365s] -- Up-to-date: /home/jaboy/Documents/RBE500_Project/RBE500_Project/install/custom_interfaces/include/custom_interfaces/custom_interfaces/srv
[1.365s] -- Up-to-date: /home/jaboy/Documents/RBE500_Project/RBE500_Project/install/custom_interfaces/include/custom_interfaces/custom_interfaces/srv/detail
[1.365s] -- Up-to-date: /home/jaboy/Documents/RBE500_Project/RBE500_Project/install/custom_interfaces/include/custom_interfaces/custom_interfaces/srv/detail/control__rosidl_typesupport_fastrtps_c.h
[1.366s] -- Up-to-date: /home/jaboy/Documents/RBE500_Project/RBE500_Project/install/custom_interfaces/lib/libcustom_interfaces__rosidl_typesupport_fastrtps_c.so
[1.366s] -- Up-to-date: /home/jaboy/Documents/RBE500_Project/RBE500_Project/install/custom_interfaces/include/custom_interfaces/custom_interfaces
[1.366s] -- Up-to-date: /home/jaboy/Documents/RBE500_Project/RBE500_Project/install/custom_interfaces/include/custom_interfaces/custom_interfaces/msg
[1.366s] -- Up-to-date: /home/jaboy/Documents/RBE500_Project/RBE500_Project/install/custom_interfaces/include/custom_interfaces/custom_interfaces/msg/rosidl_generator_cpp__visibility_control.hpp
[1.366s] -- Up-to-date: /home/jaboy/Documents/RBE500_Project/RBE500_Project/install/custom_interfaces/include/custom_interfaces/custom_interfaces/srv
[1.366s] -- Up-to-date: /home/jaboy/Documents/RBE500_Project/RBE500_Project/install/custom_interfaces/include/custom_interfaces/custom_interfaces/srv/detail
[1.366s] -- Up-to-date: /home/jaboy/Documents/RBE500_Project/RBE500_Project/install/custom_interfaces/include/custom_interfaces/custom_interfaces/srv/detail/control__builder.hpp
[1.366s] -- Up-to-date: /home/jaboy/Documents/RBE500_Project/RBE500_Project/install/custom_interfaces/include/custom_interfaces/custom_interfaces/srv/detail/control__struct.hpp
[1.366s] -- Up-to-date: /home/jaboy/Documents/RBE500_Project/RBE500_Project/install/custom_interfaces/include/custom_interfaces/custom_interfaces/srv/detail/control__traits.hpp
[1.366s] -- Up-to-date: /home/jaboy/Documents/RBE500_Project/RBE500_Project/install/custom_interfaces/include/custom_interfaces/custom_interfaces/srv/detail/control__type_support.hpp
[1.366s] -- Up-to-date: /home/jaboy/Documents/RBE500_Project/RBE500_Project/install/custom_interfaces/include/custom_interfaces/custom_interfaces/srv/control.hpp
[1.366s] -- Up-to-date: /home/jaboy/Documents/RBE500_Project/RBE500_Project/install/custom_interfaces/include/custom_interfaces/custom_interfaces
[1.367s] -- Up-to-date: /home/jaboy/Documents/RBE500_Project/RBE500_Project/install/custom_interfaces/include/custom_interfaces/custom_interfaces/msg
[1.367s] -- Up-to-date: /home/jaboy/Documents/RBE500_Project/RBE500_Project/install/custom_interfaces/include/custom_interfaces/custom_interfaces/msg/rosidl_typesupport_fastrtps_cpp__visibility_control.h
[1.367s] -- Up-to-date: /home/jaboy/Documents/RBE500_Project/RBE500_Project/install/custom_interfaces/include/custom_interfaces/custom_interfaces/srv
[1.367s] -- Up-to-date: /home/jaboy/Documents/RBE500_Project/RBE500_Project/install/custom_interfaces/include/custom_interfaces/custom_interfaces/srv/detail
[1.367s] -- Up-to-date: /home/jaboy/Documents/RBE500_Project/RBE500_Project/install/custom_interfaces/include/custom_interfaces/custom_interfaces/srv/detail/dds_fastrtps
[1.367s] -- Up-to-date: /home/jaboy/Documents/RBE500_Project/RBE500_Project/install/custom_interfaces/include/custom_interfaces/custom_interfaces/srv/detail/control__rosidl_typesupport_fastrtps_cpp.hpp
[1.367s] -- Up-to-date: /home/jaboy/Documents/RBE500_Project/RBE500_Project/install/custom_interfaces/lib/libcustom_interfaces__rosidl_typesupport_fastrtps_cpp.so
[1.367s] -- Up-to-date: /home/jaboy/Documents/RBE500_Project/RBE500_Project/install/custom_interfaces/include/custom_interfaces/custom_interfaces
[1.367s] -- Up-to-date: /home/jaboy/Documents/RBE500_Project/RBE500_Project/install/custom_interfaces/include/custom_interfaces/custom_interfaces/msg
[1.367s] -- Up-to-date: /home/jaboy/Documents/RBE500_Project/RBE500_Project/install/custom_interfaces/include/custom_interfaces/custom_interfaces/msg/rosidl_typesupport_introspection_c__visibility_control.h
[1.367s] -- Up-to-date: /home/jaboy/Documents/RBE500_Project/RBE500_Project/install/custom_interfaces/include/custom_interfaces/custom_interfaces/srv
[1.367s] -- Up-to-date: /home/jaboy/Documents/RBE500_Project/RBE500_Project/install/custom_interfaces/include/custom_interfaces/custom_interfaces/srv/detail
[1.367s] -- Up-to-date: /home/jaboy/Documents/RBE500_Project/RBE500_Project/install/custom_interfaces/include/custom_interfaces/custom_interfaces/srv/detail/control__rosidl_typesupport_introspection_c.h
[1.368s] -- Up-to-date: /home/jaboy/Documents/RBE500_Project/RBE500_Project/install/custom_interfaces/include/custom_interfaces/custom_interfaces/srv/detail/control__type_support.c
[1.368s] -- Up-to-date: /home/jaboy/Documents/RBE500_Project/RBE500_Project/install/custom_interfaces/lib/libcustom_interfaces__rosidl_typesupport_introspection_c.so
[1.368s] -- Up-to-date: /home/jaboy/Documents/RBE500_Project/RBE500_Project/install/custom_interfaces/lib/libcustom_interfaces__rosidl_typesupport_c.so
[1.368s] -- Up-to-date: /home/jaboy/Documents/RBE500_Project/RBE500_Project/install/custom_interfaces/include/custom_interfaces/custom_interfaces
[1.368s] -- Up-to-date: /home/jaboy/Documents/RBE500_Project/RBE500_Project/install/custom_interfaces/include/custom_interfaces/custom_interfaces/srv
[1.368s] -- Up-to-date: /home/jaboy/Documents/RBE500_Project/RBE500_Project/install/custom_interfaces/include/custom_interfaces/custom_interfaces/srv/detail
[1.368s] -- Up-to-date: /home/jaboy/Documents/RBE500_Project/RBE500_Project/install/custom_interfaces/include/custom_interfaces/custom_interfaces/srv/detail/control__type_support.cpp
[1.368s] -- Up-to-date: /home/jaboy/Documents/RBE500_Project/RBE500_Project/install/custom_interfaces/include/custom_interfaces/custom_interfaces/srv/detail/control__rosidl_typesupport_introspection_cpp.hpp
[1.368s] -- Up-to-date: /home/jaboy/Documents/RBE500_Project/RBE500_Project/install/custom_interfaces/lib/libcustom_interfaces__rosidl_typesupport_introspection_cpp.so
[1.368s] -- Up-to-date: /home/jaboy/Documents/RBE500_Project/RBE500_Project/install/custom_interfaces/lib/libcustom_interfaces__rosidl_typesupport_cpp.so
[1.368s] -- Up-to-date: /home/jaboy/Documents/RBE500_Project/RBE500_Project/install/custom_interfaces/share/custom_interfaces/environment/pythonpath.sh
[1.369s] -- Up-to-date: /home/jaboy/Documents/RBE500_Project/RBE500_Project/install/custom_interfaces/share/custom_interfaces/environment/pythonpath.dsv
[1.369s] -- Up-to-date: /home/jaboy/Documents/RBE500_Project/RBE500_Project/install/custom_interfaces/local/lib/python3.10/dist-packages/custom_interfaces-0.0.0-py3.10.egg-info
[1.369s] -- Installing: /home/jaboy/Documents/RBE500_Project/RBE500_Project/install/custom_interfaces/local/lib/python3.10/dist-packages/custom_interfaces-0.0.0-py3.10.egg-info/top_level.txt
[1.369s] -- Installing: /home/jaboy/Documents/RBE500_Project/RBE500_Project/install/custom_interfaces/local/lib/python3.10/dist-packages/custom_interfaces-0.0.0-py3.10.egg-info/SOURCES.txt
[1.369s] -- Installing: /home/jaboy/Documents/RBE500_Project/RBE500_Project/install/custom_interfaces/local/lib/python3.10/dist-packages/custom_interfaces-0.0.0-py3.10.egg-info/PKG-INFO
[1.369s] -- Installing: /home/jaboy/Documents/RBE500_Project/RBE500_Project/install/custom_interfaces/local/lib/python3.10/dist-packages/custom_interfaces-0.0.0-py3.10.egg-info/dependency_links.txt
[1.369s] -- Up-to-date: /home/jaboy/Documents/RBE500_Project/RBE500_Project/install/custom_interfaces/local/lib/python3.10/dist-packages/custom_interfaces
[1.369s] -- Up-to-date: /home/jaboy/Documents/RBE500_Project/RBE500_Project/install/custom_interfaces/local/lib/python3.10/dist-packages/custom_interfaces/_custom_interfaces_s.ep.rosidl_typesupport_introspection_c.c
[1.369s] -- Up-to-date: /home/jaboy/Documents/RBE500_Project/RBE500_Project/install/custom_interfaces/local/lib/python3.10/dist-packages/custom_interfaces/srv
[1.369s] -- Up-to-date: /home/jaboy/Documents/RBE500_Project/RBE500_Project/install/custom_interfaces/local/lib/python3.10/dist-packages/custom_interfaces/srv/_control_s.c
[1.369s] -- Up-to-date: /home/jaboy/Documents/RBE500_Project/RBE500_Project/install/custom_interfaces/local/lib/python3.10/dist-packages/custom_interfaces/srv/__init__.py
[1.369s] -- Up-to-date: /home/jaboy/Documents/RBE500_Project/RBE500_Project/install/custom_interfaces/local/lib/python3.10/dist-packages/custom_interfaces/srv/_control.py
[1.369s] -- Up-to-date: /home/jaboy/Documents/RBE500_Project/RBE500_Project/install/custom_interfaces/local/lib/python3.10/dist-packages/custom_interfaces/__init__.py
[1.369s] -- Up-to-date: /home/jaboy/Documents/RBE500_Project/RBE500_Project/install/custom_interfaces/local/lib/python3.10/dist-packages/custom_interfaces/_custom_interfaces_s.ep.rosidl_typesupport_c.c
[1.369s] -- Up-to-date: /home/jaboy/Documents/RBE500_Project/RBE500_Project/install/custom_interfaces/local/lib/python3.10/dist-packages/custom_interfaces/custom_interfaces_s__rosidl_typesupport_c.cpython-310-x86_64-linux-gnu.so
[1.370s] -- Up-to-date: /home/jaboy/Documents/RBE500_Project/RBE500_Project/install/custom_interfaces/local/lib/python3.10/dist-packages/custom_interfaces/custom_interfaces_s__rosidl_typesupport_fastrtps_c.cpython-310-x86_64-linux-gnu.so
[1.370s] -- Up-to-date: /home/jaboy/Documents/RBE500_Project/RBE500_Project/install/custom_interfaces/local/lib/python3.10/dist-packages/custom_interfaces/custom_interfaces_s__rosidl_typesupport_introspection_c.cpython-310-x86_64-linux-gnu.so
[1.370s] -- Up-to-date: /home/jaboy/Documents/RBE500_Project/RBE500_Project/install/custom_interfaces/local/lib/python3.10/dist-packages/custom_interfaces/_custom_interfaces_s.ep.rosidl_typesupport_fastrtps_c.c
[1.370s] -- Up-to-date: /home/jaboy/Documents/RBE500_Project/RBE500_Project/install/custom_interfaces/local/lib/python3.10/dist-packages/custom_interfaces/libcustom_interfaces__rosidl_generator_py.so
[1.514s] Listing '/home/jaboy/Documents/RBE500_Project/RBE500_Project/install/custom_interfaces/local/lib/python3.10/dist-packages/custom_interfaces'...
[1.514s] Listing '/home/jaboy/Documents/RBE500_Project/RBE500_Project/install/custom_interfaces/local/lib/python3.10/dist-packages/custom_interfaces/srv'...
[1.522s] -- Up-to-date: /home/jaboy/Documents/RBE500_Project/RBE500_Project/install/custom_interfaces/local/lib/python3.10/dist-packages/custom_interfaces/custom_interfaces_s__rosidl_typesupport_introspection_c.cpython-310-x86_64-linux-gnu.so
[1.522s] -- Up-to-date: /home/jaboy/Documents/RBE500_Project/RBE500_Project/install/custom_interfaces/local/lib/python3.10/dist-packages/custom_interfaces/custom_interfaces_s__rosidl_typesupport_fastrtps_c.cpython-310-x86_64-linux-gnu.so
[1.522s] -- Up-to-date: /home/jaboy/Documents/RBE500_Project/RBE500_Project/install/custom_interfaces/local/lib/python3.10/dist-packages/custom_interfaces/custom_interfaces_s__rosidl_typesupport_c.cpython-310-x86_64-linux-gnu.so
[1.523s] -- Up-to-date: /home/jaboy/Documents/RBE500_Project/RBE500_Project/install/custom_interfaces/lib/libcustom_interfaces__rosidl_generator_py.so
[1.523s] -- Up-to-date: /home/jaboy/Documents/RBE500_Project/RBE500_Project/install/custom_interfaces/share/custom_interfaces/srv/Control.idl
[1.523s] -- Up-to-date: /home/jaboy/Documents/RBE500_Project/RBE500_Project/install/custom_interfaces/share/custom_interfaces/srv/Control.srv
[1.523s] -- Up-to-date: /home/jaboy/Documents/RBE500_Project/RBE500_Project/install/custom_interfaces/share/custom_interfaces/srv/Control_Request.msg
[1.523s] -- Up-to-date: /home/jaboy/Documents/RBE500_Project/RBE500_Project/install/custom_interfaces/share/custom_interfaces/srv/Control_Response.msg
[1.523s] -- Up-to-date: /home/jaboy/Documents/RBE500_Project/RBE500_Project/install/custom_interfaces/share/ament_index/resource_index/package_run_dependencies/custom_interfaces
[1.523s] -- Up-to-date: /home/jaboy/Documents/RBE500_Project/RBE500_Project/install/custom_interfaces/share/ament_index/resource_index/parent_prefix_path/custom_interfaces
[1.524s] -- Up-to-date: /home/jaboy/Documents/RBE500_Project/RBE500_Project/install/custom_interfaces/share/custom_interfaces/environment/ament_prefix_path.dsv
[1.524s] -- Up-to-date: /home/jaboy/Documents/RBE500_Project/RBE500_Project/install/custom_interfaces/share/custom_interfaces/environment/path.dsv
[1.524s] -- Up-to-date: /home/jaboy/Documents/RBE500_Project/RBE500_Project/install/custom_interfaces/share/custom_interfaces/local_setup.bash
[1.524s] -- Up-to-date: /home/jaboy/Documents/RBE500_Project/RBE500_Project/install/custom_interfaces/share/custom_interfaces/local_setup.sh
[1.524s] -- Up-to-date: /home/jaboy/Documents/RBE500_Project/RBE500_Project/install/custom_interfaces/share/custom_interfaces/local_setup.zsh
[1.524s] -- Up-to-date: /home/jaboy/Documents/RBE500_Project/RBE500_Project/install/custom_interfaces/share/custom_interfaces/local_setup.dsv
[1.524s] -- Installing: /home/jaboy/Documents/RBE500_Project/RBE500_Project/install/custom_interfaces/share/custom_interfaces/package.dsv
[1.524s] -- Up-to-date: /home/jaboy/Documents/RBE500_Project/RBE500_Project/install/custom_interfaces/share/ament_index/resource_index/packages/custom_interfaces
[1.524s] -- Up-to-date: /home/jaboy/Documents/RBE500_Project/RBE500_Project/install/custom_interfaces/share/custom_interfaces/cmake/export_custom_interfaces__rosidl_generator_cExport.cmake
[1.524s] -- Up-to-date: /home/jaboy/Documents/RBE500_Project/RBE500_Project/install/custom_interfaces/share/custom_interfaces/cmake/export_custom_interfaces__rosidl_generator_cExport-noconfig.cmake
[1.524s] -- Up-to-date: /home/jaboy/Documents/RBE500_Project/RBE500_Project/install/custom_interfaces/share/custom_interfaces/cmake/export_custom_interfaces__rosidl_typesupport_fastrtps_cExport.cmake
[1.525s] -- Up-to-date: /home/jaboy/Documents/RBE500_Project/RBE500_Project/install/custom_interfaces/share/custom_interfaces/cmake/export_custom_interfaces__rosidl_typesupport_fastrtps_cExport-noconfig.cmake
[1.525s] -- Up-to-date: /home/jaboy/Documents/RBE500_Project/RBE500_Project/install/custom_interfaces/share/custom_interfaces/cmake/export_custom_interfaces__rosidl_generator_cppExport.cmake
[1.525s] -- Up-to-date: /home/jaboy/Documents/RBE500_Project/RBE500_Project/install/custom_interfaces/share/custom_interfaces/cmake/export_custom_interfaces__rosidl_typesupport_fastrtps_cppExport.cmake
[1.525s] -- Up-to-date: /home/jaboy/Documents/RBE500_Project/RBE500_Project/install/custom_interfaces/share/custom_interfaces/cmake/export_custom_interfaces__rosidl_typesupport_fastrtps_cppExport-noconfig.cmake
[1.525s] -- Up-to-date: /home/jaboy/Documents/RBE500_Project/RBE500_Project/install/custom_interfaces/share/custom_interfaces/cmake/custom_interfaces__rosidl_typesupport_introspection_cExport.cmake
[1.525s] -- Up-to-date: /home/jaboy/Documents/RBE500_Project/RBE500_Project/install/custom_interfaces/share/custom_interfaces/cmake/custom_interfaces__rosidl_typesupport_introspection_cExport-noconfig.cmake
[1.525s] -- Up-to-date: /home/jaboy/Documents/RBE500_Project/RBE500_Project/install/custom_interfaces/share/custom_interfaces/cmake/custom_interfaces__rosidl_typesupport_cExport.cmake
[1.526s] -- Up-to-date: /home/jaboy/Documents/RBE500_Project/RBE500_Project/install/custom_interfaces/share/custom_interfaces/cmake/custom_interfaces__rosidl_typesupport_cExport-noconfig.cmake
[1.526s] -- Up-to-date: /home/jaboy/Documents/RBE500_Project/RBE500_Project/install/custom_interfaces/share/custom_interfaces/cmake/custom_interfaces__rosidl_typesupport_introspection_cppExport.cmake
[1.526s] -- Up-to-date: /home/jaboy/Documents/RBE500_Project/RBE500_Project/install/custom_interfaces/share/custom_interfaces/cmake/custom_interfaces__rosidl_typesupport_introspection_cppExport-noconfig.cmake
[1.526s] -- Up-to-date: /home/jaboy/Documents/RBE500_Project/RBE500_Project/install/custom_interfaces/share/custom_interfaces/cmake/custom_interfaces__rosidl_typesupport_cppExport.cmake
[1.526s] -- Up-to-date: /home/jaboy/Documents/RBE500_Project/RBE500_Project/install/custom_interfaces/share/custom_interfaces/cmake/custom_interfaces__rosidl_typesupport_cppExport-noconfig.cmake
[1.526s] -- Up-to-date: /home/jaboy/Documents/RBE500_Project/RBE500_Project/install/custom_interfaces/share/custom_interfaces/cmake/export_custom_interfaces__rosidl_generator_pyExport.cmake
[1.526s] -- Up-to-date: /home/jaboy/Documents/RBE500_Project/RBE500_Project/install/custom_interfaces/share/custom_interfaces/cmake/export_custom_interfaces__rosidl_generator_pyExport-noconfig.cmake
[1.526s] -- Up-to-date: /home/jaboy/Documents/RBE500_Project/RBE500_Project/install/custom_interfaces/share/custom_interfaces/cmake/rosidl_cmake-extras.cmake
[1.526s] -- Up-to-date: /home/jaboy/Documents/RBE500_Project/RBE500_Project/install/custom_interfaces/share/custom_interfaces/cmake/ament_cmake_export_dependencies-extras.cmake
[1.526s] -- Up-to-date: /home/jaboy/Documents/RBE500_Project/RBE500_Project/install/custom_interfaces/share/custom_interfaces/cmake/ament_cmake_export_include_directories-extras.cmake
[1.526s] -- Up-to-date: /home/jaboy/Documents/RBE500_Project/RBE500_Project/install/custom_interfaces/share/custom_interfaces/cmake/ament_cmake_export_libraries-extras.cmake
[1.526s] -- Up-to-date: /home/jaboy/Documents/RBE500_Project/RBE500_Project/install/custom_interfaces/share/custom_interfaces/cmake/ament_cmake_export_targets-extras.cmake
[1.526s] -- Up-to-date: /home/jaboy/Documents/RBE500_Project/RBE500_Project/install/custom_interfaces/share/custom_interfaces/cmake/rosidl_cmake_export_typesupport_targets-extras.cmake
[1.526s] -- Up-to-date: /home/jaboy/Documents/RBE500_Project/RBE500_Project/install/custom_interfaces/share/custom_interfaces/cmake/rosidl_cmake_export_typesupport_libraries-extras.cmake
[1.526s] -- Up-to-date: /home/jaboy/Documents/RBE500_Project/RBE500_Project/install/custom_interfaces/share/custom_interfaces/cmake/custom_interfacesConfig.cmake
[1.526s] -- Up-to-date: /home/jaboy/Documents/RBE500_Project/RBE500_Project/install/custom_interfaces/share/custom_interfaces/cmake/custom_interfacesConfig-version.cmake
[1.527s] -- Up-to-date: /home/jaboy/Documents/RBE500_Project/RBE500_Project/install/custom_interfaces/share/custom_interfaces/package.xml
[1.913s] Invoked command in '/home/jaboy/Documents/RBE500_Project/RBE500_Project/build/custom_interfaces' returned '0': CMAKE_PREFIX_PATH=${CMAKE_PREFIX_PATH}:/home/jaboy/Documents/RBE500_Project/RBE500_Project/install/inverse_kinematics:/home/jaboy/Documents/RBE500_Project/RBE500_Project/install/forward_kinematics:/home/jaboy/Documents/RBE500_Project/RBE500_Project/install/control:/home/jaboy/ros2_humble/install/rqt_bag_plugins:/home/jaboy/ros2_humble/install/rqt_bag:/home/jaboy/ros2_humble/install/launch_testing_examples:/home/jaboy/ros2_humble/install/ros2bag:/home/jaboy/ros2_humble/install/tracetools_test:/home/jaboy/ros2_humble/install/tracetools_launch:/home/jaboy/ros2_humble/install/topic_monitor:/home/jaboy/ros2_humble/install/tf2_tools:/home/jaboy/ros2_humble/install/examples_tf2_py:/home/jaboy/ros2_humble/install/tf2_ros_py:/home/jaboy/ros2_humble/install/sros2:/home/jaboy/ros2_humble/install/rqt_topic:/home/jaboy/ros2_humble/install/rqt_srv:/home/jaboy/ros2_humble/install/rqt_shell:/home/jaboy/ros2_humble/install/rqt_service_caller:/home/jaboy/ros2_humble/install/rqt_reconfigure:/home/jaboy/ros2_humble/install/rqt_py_console:/home/jaboy/ros2_humble/install/rqt_publisher:/home/jaboy/ros2_humble/install/rqt_plot:/home/jaboy/ros2_humble/install/rqt_action:/home/jaboy/ros2_humble/install/rqt_msg:/home/jaboy/ros2_humble/install/rqt_console:/home/jaboy/ros2_humble/install/rqt:/home/jaboy/ros2_humble/install/rqt_graph:/home/jaboy/ros2_humble/install/rqt_gui_py:/home/jaboy/ros2_humble/install/rqt_gui:/home/jaboy/ros2_humble/install/ros2trace:/home/jaboy/ros2_humble/install/ros2topic:/home/jaboy/ros2_humble/install/ros2test:/home/jaboy/ros2_humble/install/ros2component:/home/jaboy/ros2_humble/install/ros2param:/home/jaboy/ros2_humble/install/ros2lifecycle:/home/jaboy/ros2_humble/install/ros2service:/home/jaboy/ros2_humble/install/ros2run:/home/jaboy/ros2_humble/install/ros2launch:/home/jaboy/ros2_humble/install/ros2pkg:/home/jaboy/ros2_humble/install/ros2node:/home/jaboy/ros2_humble/install/ros2multicast:/home/jaboy/ros2_humble/install/ros2interface:/home/jaboy/ros2_humble/install/ros2doctor:/home/jaboy/ros2_humble/install/ros2action:/home/jaboy/ros2_humble/install/ros2cli:/home/jaboy/ros2_humble/install/quality_of_service_demo_py:/home/jaboy/ros2_humble/install/lifecycle_py:/home/jaboy/ros2_humble/install/launch_testing_ros:/home/jaboy/ros2_humble/install/launch_ros:/home/jaboy/ros2_humble/install/examples_rclpy_pointcloud_publisher:/home/jaboy/ros2_humble/install/examples_rclpy_minimal_subscriber:/home/jaboy/ros2_humble/install/examples_rclpy_minimal_service:/home/jaboy/ros2_humble/install/examples_rclpy_minimal_publisher:/home/jaboy/ros2_humble/install/examples_rclpy_minimal_client:/home/jaboy/ros2_humble/install/examples_rclpy_minimal_action_server:/home/jaboy/ros2_humble/install/examples_rclpy_minimal_action_client:/home/jaboy/ros2_humble/install/examples_rclpy_guard_conditions:/home/jaboy/ros2_humble/install/examples_rclpy_executors:/home/jaboy/ros2_humble/install/demo_nodes_py:/home/jaboy/ros2_humble/install/camera_info_manager_py:/home/jaboy/ros2_humble/install/action_tutorials_py:/home/jaboy/ros2_humble/install/ament_uncrustify:/home/jaboy/ros2_humble/install/tracetools_trace:/home/jaboy/ros2_humble/install/tracetools_read:/home/jaboy/ros2_humble/install/rclcpp_lifecycle:/home/jaboy/ros2_humble/install/examples_rclcpp_cbg_executor:/home/jaboy/ros2_humble/install/test_tracetools_launch:/home/jaboy/ros2_humble/install/test_launch_ros:/home/jaboy/ros2_humble/install/sensor_msgs_py:/home/jaboy/ros2_humble/install/rpyutils:/home/jaboy/ros2_humble/install/rosidl_runtime_py:/home/jaboy/ros2_humble/install/rosidl_cli:/home/jaboy/ros2_humble/install/launch_pytest:/home/jaboy/ros2_humble/install/launch_testing:/home/jaboy/ros2_humble/install/launch_yaml:/home/jaboy/ros2_humble/install/launch_xml:/home/jaboy/ros2_humble/install/launch:/home/jaboy/ros2_humble/install/osrf_pycommon:/home/jaboy/ros2_humble/install/domain_coordinator:/home/jaboy/ros2_humble/install/ament_xmllint:/home/jaboy/ros2_humble/install/ament_pyflakes:/home/jaboy/ros2_humble/install/ament_pycodestyle:/home/jaboy/ros2_humble/install/ament_pep257:/home/jaboy/ros2_humble/install/ament_pclint:/home/jaboy/ros2_humble/install/ament_package:/home/jaboy/ros2_humble/install/ament_mypy:/home/jaboy/ros2_humble/install/ament_lint_cmake:/home/jaboy/ros2_humble/install/ament_flake8:/home/jaboy/ros2_humble/install/ament_copyright:/home/jaboy/ros2_humble/install/ament_lint:/home/jaboy/ros2_humble/install/ament_index_python:/home/jaboy/ros2_humble/install/ament_cpplint:/home/jaboy/ros2_humble/install/ament_cppcheck:/home/jaboy/ros2_humble/install/ament_clang_tidy:/home/jaboy/ros2_humble/install/ament_clang_format:/home/jaboy/ros2_ws/install/launch_testing_examples:/home/jaboy/ros2_ws/install/examples_rclpy_pointcloud_publisher:/home/jaboy/ros2_ws/install/examples_rclpy_minimal_subscriber:/home/jaboy/ros2_ws/install/examples_rclpy_minimal_service:/home/jaboy/ros2_ws/install/examples_rclpy_minimal_publisher:/home/jaboy/ros2_ws/install/examples_rclpy_minimal_client:/home/jaboy/ros2_ws/install/examples_rclpy_minimal_action_server:/home/jaboy/ros2_ws/install/examples_rclpy_minimal_action_client:/home/jaboy/ros2_ws/install/examples_rclpy_guard_conditions:/home/jaboy/ros2_ws/install/examples_rclpy_executors:/opt/ros/humble /usr/bin/cmake --install /home/jaboy/Documents/RBE500_Project/RBE500_Project/build/custom_interfaces
