[1.198s] Invoking command in '/home/jaboy/Documents/RBE500_Project/RBE500_Project/forward_kinematics': PYTHONPATH=/home/jaboy/Documents/RBE500_Project/RBE500_Project/build/forward_kinematics/prefix_override:/usr/lib/python3/dist-packages/colcon_core/task/python/colcon_distutils_commands:/home/jaboy/Documents/RBE500_Project/RBE500_Project/install/forward_kinematics/lib/python3.10/site-packages:${PYTHONPATH} /usr/bin/python3 -W ignore:setup.py install is deprecated -W ignore:easy_install command is deprecated setup.py egg_info --egg-base ../build/forward_kinematics build --build-base /home/jaboy/Documents/RBE500_Project/RBE500_Project/build/forward_kinematics/build install --record /home/jaboy/Documents/RBE500_Project/RBE500_Project/build/forward_kinematics/install.log --single-version-externally-managed install_data
[1.593s] running egg_info
[1.593s] creating ../build/forward_kinematics/forward_kinematics.egg-info
[1.593s] writing ../build/forward_kinematics/forward_kinematics.egg-info/PKG-INFO
[1.594s] writing dependency_links to ../build/forward_kinematics/forward_kinematics.egg-info/dependency_links.txt
[1.594s] writing entry points to ../build/forward_kinematics/forward_kinematics.egg-info/entry_points.txt
[1.594s] writing requirements to ../build/forward_kinematics/forward_kinematics.egg-info/requires.txt
[1.594s] writing top-level names to ../build/forward_kinematics/forward_kinematics.egg-info/top_level.txt
[1.594s] writing manifest file '../build/forward_kinematics/forward_kinematics.egg-info/SOURCES.txt'
[1.595s] reading manifest file '../build/forward_kinematics/forward_kinematics.egg-info/SOURCES.txt'
[1.595s] adding license file 'LICENSE'
[1.596s] writing manifest file '../build/forward_kinematics/forward_kinematics.egg-info/SOURCES.txt'
[1.596s] running build
[1.596s] running build_py
[1.596s] creating /home/jaboy/Documents/RBE500_Project/RBE500_Project/build/forward_kinematics/build
[1.596s] creating /home/jaboy/Documents/RBE500_Project/RBE500_Project/build/forward_kinematics/build/lib
[1.596s] creating /home/jaboy/Documents/RBE500_Project/RBE500_Project/build/forward_kinematics/build/lib/forward_kinematics
[1.596s] copying forward_kinematics/fk.py -> /home/jaboy/Documents/RBE500_Project/RBE500_Project/build/forward_kinematics/build/lib/forward_kinematics
[1.596s] copying forward_kinematics/__init__.py -> /home/jaboy/Documents/RBE500_Project/RBE500_Project/build/forward_kinematics/build/lib/forward_kinematics
[1.596s] running install
[1.597s] running install_lib
[1.597s] creating /home/jaboy/Documents/RBE500_Project/RBE500_Project/install/forward_kinematics/lib/python3.10/site-packages/forward_kinematics
[1.597s] copying /home/jaboy/Documents/RBE500_Project/RBE500_Project/build/forward_kinematics/build/lib/forward_kinematics/fk.py -> /home/jaboy/Documents/RBE500_Project/RBE500_Project/install/forward_kinematics/lib/python3.10/site-packages/forward_kinematics
[1.598s] copying /home/jaboy/Documents/RBE500_Project/RBE500_Project/build/forward_kinematics/build/lib/forward_kinematics/__init__.py -> /home/jaboy/Documents/RBE500_Project/RBE500_Project/install/forward_kinematics/lib/python3.10/site-packages/forward_kinematics
[1.599s] byte-compiling /home/jaboy/Documents/RBE500_Project/RBE500_Project/install/forward_kinematics/lib/python3.10/site-packages/forward_kinematics/fk.py to fk.cpython-310.pyc
[1.600s] byte-compiling /home/jaboy/Documents/RBE500_Project/RBE500_Project/install/forward_kinematics/lib/python3.10/site-packages/forward_kinematics/__init__.py to __init__.cpython-310.pyc
[1.600s] running install_data
[1.600s] creating /home/jaboy/Documents/RBE500_Project/RBE500_Project/install/forward_kinematics/share/ament_index
[1.600s] creating /home/jaboy/Documents/RBE500_Project/RBE500_Project/install/forward_kinematics/share/ament_index/resource_index
[1.600s] creating /home/jaboy/Documents/RBE500_Project/RBE500_Project/install/forward_kinematics/share/ament_index/resource_index/packages
[1.600s] copying resource/forward_kinematics -> /home/jaboy/Documents/RBE500_Project/RBE500_Project/install/forward_kinematics/share/ament_index/resource_index/packages
[1.600s] copying package.xml -> /home/jaboy/Documents/RBE500_Project/RBE500_Project/install/forward_kinematics/share/forward_kinematics
[1.601s] running install_egg_info
[1.603s] Copying ../build/forward_kinematics/forward_kinematics.egg-info to /home/jaboy/Documents/RBE500_Project/RBE500_Project/install/forward_kinematics/lib/python3.10/site-packages/forward_kinematics-0.0.0-py3.10.egg-info
[1.604s] running install_scripts
[1.635s] Installing pose_pub script to /home/jaboy/Documents/RBE500_Project/RBE500_Project/install/forward_kinematics/lib/forward_kinematics
[1.636s] writing list of installed files to '/home/jaboy/Documents/RBE500_Project/RBE500_Project/build/forward_kinematics/install.log'
[1.664s] Invoked command in '/home/jaboy/Documents/RBE500_Project/RBE500_Project/forward_kinematics' returned '0': PYTHONPATH=/home/jaboy/Documents/RBE500_Project/RBE500_Project/build/forward_kinematics/prefix_override:/usr/lib/python3/dist-packages/colcon_core/task/python/colcon_distutils_commands:/home/jaboy/Documents/RBE500_Project/RBE500_Project/install/forward_kinematics/lib/python3.10/site-packages:${PYTHONPATH} /usr/bin/python3 -W ignore:setup.py install is deprecated -W ignore:easy_install command is deprecated setup.py egg_info --egg-base ../build/forward_kinematics build --build-base /home/jaboy/Documents/RBE500_Project/RBE500_Project/build/forward_kinematics/build install --record /home/jaboy/Documents/RBE500_Project/RBE500_Project/build/forward_kinematics/install.log --single-version-externally-managed install_data
