[2.444s] Invoking command in '/home/jaboy/Documents/RBE500_Project/RBE500_Project/control': PYTHONPATH=/home/jaboy/Documents/RBE500_Project/RBE500_Project/build/control/prefix_override:/usr/lib/python3/dist-packages/colcon_core/task/python/colcon_distutils_commands:/home/jaboy/Documents/RBE500_Project/RBE500_Project/install/control/lib/python3.10/site-packages:${PYTHONPATH} /usr/bin/python3 -W ignore:setup.py install is deprecated -W ignore:easy_install command is deprecated setup.py egg_info --egg-base ../build/control build --build-base /home/jaboy/Documents/RBE500_Project/RBE500_Project/build/control/build install --record /home/jaboy/Documents/RBE500_Project/RBE500_Project/build/control/install.log --single-version-externally-managed install_data
[3.042s] running egg_info
[3.043s] writing ../build/control/control.egg-info/PKG-INFO
[3.043s] writing dependency_links to ../build/control/control.egg-info/dependency_links.txt
[3.044s] writing entry points to ../build/control/control.egg-info/entry_points.txt
[3.044s] writing requirements to ../build/control/control.egg-info/requires.txt
[3.044s] writing top-level names to ../build/control/control.egg-info/top_level.txt
[3.047s] reading manifest file '../build/control/control.egg-info/SOURCES.txt'
[3.048s] writing manifest file '../build/control/control.egg-info/SOURCES.txt'
[3.048s] running build
[3.048s] running build_py
[3.048s] creating /home/jaboy/Documents/RBE500_Project/RBE500_Project/build/control/build
[3.048s] creating /home/jaboy/Documents/RBE500_Project/RBE500_Project/build/control/build/lib
[3.048s] creating /home/jaboy/Documents/RBE500_Project/RBE500_Project/build/control/build/lib/control
[3.049s] copying control/__init__.py -> /home/jaboy/Documents/RBE500_Project/RBE500_Project/build/control/build/lib/control
[3.049s] copying control/position_controller_service.py -> /home/jaboy/Documents/RBE500_Project/RBE500_Project/build/control/build/lib/control
[3.049s] running install
[3.049s] running install_lib
[3.050s] creating /home/jaboy/Documents/RBE500_Project/RBE500_Project/install/control/lib/python3.10/site-packages/control
[3.051s] copying /home/jaboy/Documents/RBE500_Project/RBE500_Project/build/control/build/lib/control/__init__.py -> /home/jaboy/Documents/RBE500_Project/RBE500_Project/install/control/lib/python3.10/site-packages/control
[3.051s] copying /home/jaboy/Documents/RBE500_Project/RBE500_Project/build/control/build/lib/control/position_controller_service.py -> /home/jaboy/Documents/RBE500_Project/RBE500_Project/install/control/lib/python3.10/site-packages/control
[3.054s] byte-compiling /home/jaboy/Documents/RBE500_Project/RBE500_Project/install/control/lib/python3.10/site-packages/control/__init__.py to __init__.cpython-310.pyc
[3.054s] byte-compiling /home/jaboy/Documents/RBE500_Project/RBE500_Project/install/control/lib/python3.10/site-packages/control/position_controller_service.py to position_controller_service.cpython-310.pyc
[3.055s] running install_data
[3.055s] running install_egg_info
[3.060s] removing '/home/jaboy/Documents/RBE500_Project/RBE500_Project/install/control/lib/python3.10/site-packages/control-0.0.0-py3.10.egg-info' (and everything under it)
[3.060s] Copying ../build/control/control.egg-info to /home/jaboy/Documents/RBE500_Project/RBE500_Project/install/control/lib/python3.10/site-packages/control-0.0.0-py3.10.egg-info
[3.061s] running install_scripts
[3.105s] Installing client script to /home/jaboy/Documents/RBE500_Project/RBE500_Project/install/control/lib/control
[3.106s] Installing service script to /home/jaboy/Documents/RBE500_Project/RBE500_Project/install/control/lib/control
[3.106s] writing list of installed files to '/home/jaboy/Documents/RBE500_Project/RBE500_Project/build/control/install.log'
[3.156s] Invoked command in '/home/jaboy/Documents/RBE500_Project/RBE500_Project/control' returned '0': PYTHONPATH=/home/jaboy/Documents/RBE500_Project/RBE500_Project/build/control/prefix_override:/usr/lib/python3/dist-packages/colcon_core/task/python/colcon_distutils_commands:/home/jaboy/Documents/RBE500_Project/RBE500_Project/install/control/lib/python3.10/site-packages:${PYTHONPATH} /usr/bin/python3 -W ignore:setup.py install is deprecated -W ignore:easy_install command is deprecated setup.py egg_info --egg-base ../build/control build --build-base /home/jaboy/Documents/RBE500_Project/RBE500_Project/build/control/build install --record /home/jaboy/Documents/RBE500_Project/RBE500_Project/build/control/install.log --single-version-externally-managed install_data
