[1.847s] Invoking command in '/home/jaboy/Documents/RBE500_Project/RBE500_Project/control': PYTHONPATH=/home/jaboy/Documents/RBE500_Project/RBE500_Project/build/control/prefix_override:/usr/lib/python3/dist-packages/colcon_core/task/python/colcon_distutils_commands:/home/jaboy/Documents/RBE500_Project/RBE500_Project/install/control/lib/python3.10/site-packages:${PYTHONPATH} /usr/bin/python3 -W ignore:setup.py install is deprecated -W ignore:easy_install command is deprecated setup.py egg_info --egg-base ../build/control build --build-base /home/jaboy/Documents/RBE500_Project/RBE500_Project/build/control/build install --record /home/jaboy/Documents/RBE500_Project/RBE500_Project/build/control/install.log --single-version-externally-managed install_data
[2.302s] running egg_info
[2.302s] writing ../build/control/control.egg-info/PKG-INFO
[2.303s] writing dependency_links to ../build/control/control.egg-info/dependency_links.txt
[2.303s] writing entry points to ../build/control/control.egg-info/entry_points.txt
[2.303s] writing requirements to ../build/control/control.egg-info/requires.txt
[2.303s] writing top-level names to ../build/control/control.egg-info/top_level.txt
[2.304s] reading manifest file '../build/control/control.egg-info/SOURCES.txt'
[2.305s] writing manifest file '../build/control/control.egg-info/SOURCES.txt'
[2.305s] running build
[2.305s] running build_py
[2.305s] copying control/position_controller_service.py -> /home/jaboy/Documents/RBE500_Project/RBE500_Project/build/control/build/lib/control
[2.306s] running install
[2.306s] running install_lib
[2.307s] copying /home/jaboy/Documents/RBE500_Project/RBE500_Project/build/control/build/lib/control/position_controller_service.py -> /home/jaboy/Documents/RBE500_Project/RBE500_Project/install/control/lib/python3.10/site-packages/control
[2.309s] byte-compiling /home/jaboy/Documents/RBE500_Project/RBE500_Project/install/control/lib/python3.10/site-packages/control/position_controller_service.py to position_controller_service.cpython-310.pyc
[2.310s] running install_data
[2.310s] running install_egg_info
[2.312s] removing '/home/jaboy/Documents/RBE500_Project/RBE500_Project/install/control/lib/python3.10/site-packages/control-0.0.0-py3.10.egg-info' (and everything under it)
[2.313s] Copying ../build/control/control.egg-info to /home/jaboy/Documents/RBE500_Project/RBE500_Project/install/control/lib/python3.10/site-packages/control-0.0.0-py3.10.egg-info
[2.314s] running install_scripts
[2.348s] Installing client script to /home/jaboy/Documents/RBE500_Project/RBE500_Project/install/control/lib/control
[2.348s] Installing service script to /home/jaboy/Documents/RBE500_Project/RBE500_Project/install/control/lib/control
[2.348s] writing list of installed files to '/home/jaboy/Documents/RBE500_Project/RBE500_Project/build/control/install.log'
[2.378s] Invoked command in '/home/jaboy/Documents/RBE500_Project/RBE500_Project/control' returned '0': PYTHONPATH=/home/jaboy/Documents/RBE500_Project/RBE500_Project/build/control/prefix_override:/usr/lib/python3/dist-packages/colcon_core/task/python/colcon_distutils_commands:/home/jaboy/Documents/RBE500_Project/RBE500_Project/install/control/lib/python3.10/site-packages:${PYTHONPATH} /usr/bin/python3 -W ignore:setup.py install is deprecated -W ignore:easy_install command is deprecated setup.py egg_info --egg-base ../build/control build --build-base /home/jaboy/Documents/RBE500_Project/RBE500_Project/build/control/build install --record /home/jaboy/Documents/RBE500_Project/RBE500_Project/build/control/install.log --single-version-externally-managed install_data
