[0.514s] Invoking command in '/home/jaboy/Documents/RBE500_Project/RBE500_Project/build/custom_interfaces': CMAKE_PREFIX_PATH=${CMAKE_PREFIX_PATH}:/home/jaboy/Documents/RBE500_Project/RBE500_Project/install/inverse_kinematics:/home/jaboy/Documents/RBE500_Project/RBE500_Project/install/forward_kinematics:/home/jaboy/Documents/RBE500_Project/RBE500_Project/install/control:/home/jaboy/ros2_humble/install/rqt_bag_plugins:/home/jaboy/ros2_humble/install/rqt_bag:/home/jaboy/ros2_humble/install/launch_testing_examples:/home/jaboy/ros2_humble/install/ros2bag:/home/jaboy/ros2_humble/install/tracetools_test:/home/jaboy/ros2_humble/install/tracetools_launch:/home/jaboy/ros2_humble/install/topic_monitor:/home/jaboy/ros2_humble/install/tf2_tools:/home/jaboy/ros2_humble/install/examples_tf2_py:/home/jaboy/ros2_humble/install/tf2_ros_py:/home/jaboy/ros2_humble/install/sros2:/home/jaboy/ros2_humble/install/rqt_topic:/home/jaboy/ros2_humble/install/rqt_srv:/home/jaboy/ros2_humble/install/rqt_shell:/home/jaboy/ros2_humble/install/rqt_service_caller:/home/jaboy/ros2_humble/install/rqt_reconfigure:/home/jaboy/ros2_humble/install/rqt_py_console:/home/jaboy/ros2_humble/install/rqt_publisher:/home/jaboy/ros2_humble/install/rqt_plot:/home/jaboy/ros2_humble/install/rqt_action:/home/jaboy/ros2_humble/install/rqt_msg:/home/jaboy/ros2_humble/install/rqt_console:/home/jaboy/ros2_humble/install/rqt:/home/jaboy/ros2_humble/install/rqt_graph:/home/jaboy/ros2_humble/install/rqt_gui_py:/home/jaboy/ros2_humble/install/rqt_gui:/home/jaboy/ros2_humble/install/ros2trace:/home/jaboy/ros2_humble/install/ros2topic:/home/jaboy/ros2_humble/install/ros2test:/home/jaboy/ros2_humble/install/ros2component:/home/jaboy/ros2_humble/install/ros2param:/home/jaboy/ros2_humble/install/ros2lifecycle:/home/jaboy/ros2_humble/install/ros2service:/home/jaboy/ros2_humble/install/ros2run:/home/jaboy/ros2_humble/install/ros2launch:/home/jaboy/ros2_humble/install/ros2pkg:/home/jaboy/ros2_humble/install/ros2node:/home/jaboy/ros2_humble/install/ros2multicast:/home/jaboy/ros2_humble/install/ros2interface:/home/jaboy/ros2_humble/install/ros2doctor:/home/jaboy/ros2_humble/install/ros2action:/home/jaboy/ros2_humble/install/ros2cli:/home/jaboy/ros2_humble/install/quality_of_service_demo_py:/home/jaboy/ros2_humble/install/lifecycle_py:/home/jaboy/ros2_humble/install/launch_testing_ros:/home/jaboy/ros2_humble/install/launch_ros:/home/jaboy/ros2_humble/install/examples_rclpy_pointcloud_publisher:/home/jaboy/ros2_humble/install/examples_rclpy_minimal_subscriber:/home/jaboy/ros2_humble/install/examples_rclpy_minimal_service:/home/jaboy/ros2_humble/install/examples_rclpy_minimal_publisher:/home/jaboy/ros2_humble/install/examples_rclpy_minimal_client:/home/jaboy/ros2_humble/install/examples_rclpy_minimal_action_server:/home/jaboy/ros2_humble/install/examples_rclpy_minimal_action_client:/home/jaboy/ros2_humble/install/examples_rclpy_guard_conditions:/home/jaboy/ros2_humble/install/examples_rclpy_executors:/home/jaboy/ros2_humble/install/demo_nodes_py:/home/jaboy/ros2_humble/install/camera_info_manager_py:/home/jaboy/ros2_humble/install/action_tutorials_py:/home/jaboy/ros2_humble/install/ament_uncrustify:/home/jaboy/ros2_humble/install/tracetools_trace:/home/jaboy/ros2_humble/install/tracetools_read:/home/jaboy/ros2_humble/install/rclcpp_lifecycle:/home/jaboy/ros2_humble/install/examples_rclcpp_cbg_executor:/home/jaboy/ros2_humble/install/test_tracetools_launch:/home/jaboy/ros2_humble/install/test_launch_ros:/home/jaboy/ros2_humble/install/sensor_msgs_py:/home/jaboy/ros2_humble/install/rpyutils:/home/jaboy/ros2_humble/install/rosidl_runtime_py:/home/jaboy/ros2_humble/install/rosidl_cli:/home/jaboy/ros2_humble/install/launch_pytest:/home/jaboy/ros2_humble/install/launch_testing:/home/jaboy/ros2_humble/install/launch_yaml:/home/jaboy/ros2_humble/install/launch_xml:/home/jaboy/ros2_humble/install/launch:/home/jaboy/ros2_humble/install/osrf_pycommon:/home/jaboy/ros2_humble/install/domain_coordinator:/home/jaboy/ros2_humble/install/ament_xmllint:/home/jaboy/ros2_humble/install/ament_pyflakes:/home/jaboy/ros2_humble/install/ament_pycodestyle:/home/jaboy/ros2_humble/install/ament_pep257:/home/jaboy/ros2_humble/install/ament_pclint:/home/jaboy/ros2_humble/install/ament_package:/home/jaboy/ros2_humble/install/ament_mypy:/home/jaboy/ros2_humble/install/ament_lint_cmake:/home/jaboy/ros2_humble/install/ament_flake8:/home/jaboy/ros2_humble/install/ament_copyright:/home/jaboy/ros2_humble/install/ament_lint:/home/jaboy/ros2_humble/install/ament_index_python:/home/jaboy/ros2_humble/install/ament_cpplint:/home/jaboy/ros2_humble/install/ament_cppcheck:/home/jaboy/ros2_humble/install/ament_clang_tidy:/home/jaboy/ros2_humble/install/ament_clang_format:/home/jaboy/ros2_ws/install/launch_testing_examples:/home/jaboy/ros2_ws/install/examples_rclpy_pointcloud_publisher:/home/jaboy/ros2_ws/install/examples_rclpy_minimal_subscriber:/home/jaboy/ros2_ws/install/examples_rclpy_minimal_service:/home/jaboy/ros2_ws/install/examples_rclpy_minimal_publisher:/home/jaboy/ros2_ws/install/examples_rclpy_minimal_client:/home/jaboy/ros2_ws/install/examples_rclpy_minimal_action_server:/home/jaboy/ros2_ws/install/examples_rclpy_minimal_action_client:/home/jaboy/ros2_ws/install/examples_rclpy_guard_conditions:/home/jaboy/ros2_ws/install/examples_rclpy_executors:/opt/ros/humble /usr/bin/cmake /home/jaboy/Documents/RBE500_Project/RBE500_Project/custom_interfaces -DCMAKE_INSTALL_PREFIX=/home/jaboy/Documents/RBE500_Project/RBE500_Project/install/custom_interfaces
[0.961s] -- The C compiler identification is GNU 11.4.0
[0.961s] -- The CXX compiler identification is GNU 11.4.0
[0.961s] -- Detecting C compiler ABI info
[0.961s] -- Detecting C compiler ABI info - done
[0.961s] -- Check for working C compiler: /usr/bin/cc - skipped
[0.961s] -- Detecting C compile features
[0.961s] -- Detecting C compile features - done
[0.961s] -- Detecting CXX compiler ABI info
[0.993s] -- Detecting CXX compiler ABI info - done
[0.999s] -- Check for working CXX compiler: /usr/bin/c++ - skipped
[0.999s] -- Detecting CXX compile features
[1.000s] -- Detecting CXX compile features - done
[1.025s] -- Found ament_cmake: 1.3.11 (/home/jaboy/ros2_humble/install/ament_cmake/share/ament_cmake/cmake)
[1.520s] -- Found Python3: /usr/bin/python3 (found version "3.10.12") found components: Interpreter 
[2.045s] -- Found geometry_msgs: 4.8.0 (/home/jaboy/ros2_humble/install/geometry_msgs/share/geometry_msgs/cmake)
[2.253s] -- Found rosidl_generator_c: 3.1.6 (/home/jaboy/ros2_humble/install/rosidl_generator_c/share/rosidl_generator_c/cmake)
[2.291s] -- Found rosidl_adapter: 3.1.6 (/home/jaboy/ros2_humble/install/rosidl_adapter/share/rosidl_adapter/cmake)
[2.329s] -- Found rosidl_generator_cpp: 3.1.6 (/home/jaboy/ros2_humble/install/rosidl_generator_cpp/share/rosidl_generator_cpp/cmake)
[2.392s] -- Using all available rosidl_typesupport_c: rosidl_typesupport_introspection_c;rosidl_typesupport_fastrtps_c
[2.477s] -- Using all available rosidl_typesupport_cpp: rosidl_typesupport_introspection_cpp;rosidl_typesupport_fastrtps_cpp
[2.599s] -- Found rosidl_default_generators: 1.2.0 (/home/jaboy/ros2_humble/install/rosidl_default_generators/share/rosidl_default_generators/cmake)
[3.045s] [31mCMake Error at /home/jaboy/ros2_humble/install/rosidl_adapter/share/rosidl_adapter/cmake/rosidl_adapt_interfaces.cmake:59 (message):
[3.045s]   execute_process(/usr/bin/python3 -m rosidl_adapter --package-name
[3.045s]   custom_interfaces --arguments-file
[3.045s]   /home/jaboy/Documents/RBE500_Project/RBE500_Project/build/custom_interfaces/rosidl_adapter__arguments__custom_interfaces.json
[3.045s]   --output-dir
[3.046s]   /home/jaboy/Documents/RBE500_Project/RBE500_Project/build/custom_interfaces/rosidl_adapter/custom_interfaces
[3.046s]   --output-file
[3.046s]   /home/jaboy/Documents/RBE500_Project/RBE500_Project/build/custom_interfaces/rosidl_adapter/custom_interfaces.idls)
[3.046s]   returned error code 1:
[3.046s] 
[3.046s]   Traceback (most recent call last):
[3.046s] 
[3.046s]     File "/usr/lib/python3.10/runpy.py", line 196, in _run_module_as_main
[3.046s]       return _run_code(code, main_globals, None,
[3.046s]     File "/usr/lib/python3.10/runpy.py", line 86, in _run_code
[3.046s]       exec(code, run_globals)
[3.046s]     File "/home/jaboy/ros2_humble/install/rosidl_adapter/local/lib/python3.10/dist-packages/rosidl_adapter/__main__.py", line 19, in <module>
[3.046s]       sys.exit(main())
[3.046s]     File "/home/jaboy/ros2_humble/install/rosidl_adapter/local/lib/python3.10/dist-packages/rosidl_adapter/main.py", line 53, in main
[3.046s]       abs_idl_file = convert_to_idl(
[3.046s]     File "/home/jaboy/ros2_humble/install/rosidl_adapter/local/lib/python3.10/dist-packages/rosidl_adapter/__init__.py", line 24, in convert_to_idl
[3.046s]       return convert_srv_to_idl(
[3.046s]     File "/home/jaboy/ros2_humble/install/rosidl_adapter/local/lib/python3.10/dist-packages/rosidl_adapter/srv/__init__.py", line 28, in convert_srv_to_idl
[3.046s]       srv = parse_service_string(package_name, input_file.stem, content)
[3.047s]     File "/home/jaboy/ros2_humble/install/rosidl_adapter/local/lib/python3.10/dist-packages/rosidl_adapter/parser.py", line 859, in parse_service_string
[3.047s]       request_message = parse_message_string(
[3.047s]     File "/home/jaboy/ros2_humble/install/rosidl_adapter/local/lib/python3.10/dist-packages/rosidl_adapter/parser.py", line 544, in parse_message_string
[3.047s]       msg = MessageSpecification(pkg_name, msg_name, fields, constants)
[3.047s]     File "/home/jaboy/ros2_humble/install/rosidl_adapter/local/lib/python3.10/dist-packages/rosidl_adapter/parser.py", line 388, in __init__
[3.047s]       self.base_type = BaseType(
[3.047s]     File "/home/jaboy/ros2_humble/install/rosidl_adapter/local/lib/python3.10/dist-packages/rosidl_adapter/parser.py", line 205, in __init__
[3.047s]       raise InvalidResourceName(
[3.047s] 
[3.047s]   rosidl_adapter.parser.InvalidResourceName: 'control_Request' is an invalid
[3.047s]   message name.  It should have the pattern '^[A-Z][A-Za-z0-9]*$'
[3.047s] 
[3.047s] Call Stack (most recent call first):
[3.047s]   /home/jaboy/ros2_humble/install/rosidl_cmake/share/rosidl_cmake/cmake/rosidl_generate_interfaces.cmake:130 (rosidl_adapt_interfaces)
[3.047s]   CMakeLists.txt:17 (rosidl_generate_interfaces)
[3.047s] 
[3.047s] [0m
[3.047s] -- Configuring incomplete, errors occurred!
[3.047s] See also "/home/jaboy/Documents/RBE500_Project/RBE500_Project/build/custom_interfaces/CMakeFiles/CMakeOutput.log".
[3.053s] Invoked command in '/home/jaboy/Documents/RBE500_Project/RBE500_Project/build/custom_interfaces' returned '1': CMAKE_PREFIX_PATH=${CMAKE_PREFIX_PATH}:/home/jaboy/Documents/RBE500_Project/RBE500_Project/install/inverse_kinematics:/home/jaboy/Documents/RBE500_Project/RBE500_Project/install/forward_kinematics:/home/jaboy/Documents/RBE500_Project/RBE500_Project/install/control:/home/jaboy/ros2_humble/install/rqt_bag_plugins:/home/jaboy/ros2_humble/install/rqt_bag:/home/jaboy/ros2_humble/install/launch_testing_examples:/home/jaboy/ros2_humble/install/ros2bag:/home/jaboy/ros2_humble/install/tracetools_test:/home/jaboy/ros2_humble/install/tracetools_launch:/home/jaboy/ros2_humble/install/topic_monitor:/home/jaboy/ros2_humble/install/tf2_tools:/home/jaboy/ros2_humble/install/examples_tf2_py:/home/jaboy/ros2_humble/install/tf2_ros_py:/home/jaboy/ros2_humble/install/sros2:/home/jaboy/ros2_humble/install/rqt_topic:/home/jaboy/ros2_humble/install/rqt_srv:/home/jaboy/ros2_humble/install/rqt_shell:/home/jaboy/ros2_humble/install/rqt_service_caller:/home/jaboy/ros2_humble/install/rqt_reconfigure:/home/jaboy/ros2_humble/install/rqt_py_console:/home/jaboy/ros2_humble/install/rqt_publisher:/home/jaboy/ros2_humble/install/rqt_plot:/home/jaboy/ros2_humble/install/rqt_action:/home/jaboy/ros2_humble/install/rqt_msg:/home/jaboy/ros2_humble/install/rqt_console:/home/jaboy/ros2_humble/install/rqt:/home/jaboy/ros2_humble/install/rqt_graph:/home/jaboy/ros2_humble/install/rqt_gui_py:/home/jaboy/ros2_humble/install/rqt_gui:/home/jaboy/ros2_humble/install/ros2trace:/home/jaboy/ros2_humble/install/ros2topic:/home/jaboy/ros2_humble/install/ros2test:/home/jaboy/ros2_humble/install/ros2component:/home/jaboy/ros2_humble/install/ros2param:/home/jaboy/ros2_humble/install/ros2lifecycle:/home/jaboy/ros2_humble/install/ros2service:/home/jaboy/ros2_humble/install/ros2run:/home/jaboy/ros2_humble/install/ros2launch:/home/jaboy/ros2_humble/install/ros2pkg:/home/jaboy/ros2_humble/install/ros2node:/home/jaboy/ros2_humble/install/ros2multicast:/home/jaboy/ros2_humble/install/ros2interface:/home/jaboy/ros2_humble/install/ros2doctor:/home/jaboy/ros2_humble/install/ros2action:/home/jaboy/ros2_humble/install/ros2cli:/home/jaboy/ros2_humble/install/quality_of_service_demo_py:/home/jaboy/ros2_humble/install/lifecycle_py:/home/jaboy/ros2_humble/install/launch_testing_ros:/home/jaboy/ros2_humble/install/launch_ros:/home/jaboy/ros2_humble/install/examples_rclpy_pointcloud_publisher:/home/jaboy/ros2_humble/install/examples_rclpy_minimal_subscriber:/home/jaboy/ros2_humble/install/examples_rclpy_minimal_service:/home/jaboy/ros2_humble/install/examples_rclpy_minimal_publisher:/home/jaboy/ros2_humble/install/examples_rclpy_minimal_client:/home/jaboy/ros2_humble/install/examples_rclpy_minimal_action_server:/home/jaboy/ros2_humble/install/examples_rclpy_minimal_action_client:/home/jaboy/ros2_humble/install/examples_rclpy_guard_conditions:/home/jaboy/ros2_humble/install/examples_rclpy_executors:/home/jaboy/ros2_humble/install/demo_nodes_py:/home/jaboy/ros2_humble/install/camera_info_manager_py:/home/jaboy/ros2_humble/install/action_tutorials_py:/home/jaboy/ros2_humble/install/ament_uncrustify:/home/jaboy/ros2_humble/install/tracetools_trace:/home/jaboy/ros2_humble/install/tracetools_read:/home/jaboy/ros2_humble/install/rclcpp_lifecycle:/home/jaboy/ros2_humble/install/examples_rclcpp_cbg_executor:/home/jaboy/ros2_humble/install/test_tracetools_launch:/home/jaboy/ros2_humble/install/test_launch_ros:/home/jaboy/ros2_humble/install/sensor_msgs_py:/home/jaboy/ros2_humble/install/rpyutils:/home/jaboy/ros2_humble/install/rosidl_runtime_py:/home/jaboy/ros2_humble/install/rosidl_cli:/home/jaboy/ros2_humble/install/launch_pytest:/home/jaboy/ros2_humble/install/launch_testing:/home/jaboy/ros2_humble/install/launch_yaml:/home/jaboy/ros2_humble/install/launch_xml:/home/jaboy/ros2_humble/install/launch:/home/jaboy/ros2_humble/install/osrf_pycommon:/home/jaboy/ros2_humble/install/domain_coordinator:/home/jaboy/ros2_humble/install/ament_xmllint:/home/jaboy/ros2_humble/install/ament_pyflakes:/home/jaboy/ros2_humble/install/ament_pycodestyle:/home/jaboy/ros2_humble/install/ament_pep257:/home/jaboy/ros2_humble/install/ament_pclint:/home/jaboy/ros2_humble/install/ament_package:/home/jaboy/ros2_humble/install/ament_mypy:/home/jaboy/ros2_humble/install/ament_lint_cmake:/home/jaboy/ros2_humble/install/ament_flake8:/home/jaboy/ros2_humble/install/ament_copyright:/home/jaboy/ros2_humble/install/ament_lint:/home/jaboy/ros2_humble/install/ament_index_python:/home/jaboy/ros2_humble/install/ament_cpplint:/home/jaboy/ros2_humble/install/ament_cppcheck:/home/jaboy/ros2_humble/install/ament_clang_tidy:/home/jaboy/ros2_humble/install/ament_clang_format:/home/jaboy/ros2_ws/install/launch_testing_examples:/home/jaboy/ros2_ws/install/examples_rclpy_pointcloud_publisher:/home/jaboy/ros2_ws/install/examples_rclpy_minimal_subscriber:/home/jaboy/ros2_ws/install/examples_rclpy_minimal_service:/home/jaboy/ros2_ws/install/examples_rclpy_minimal_publisher:/home/jaboy/ros2_ws/install/examples_rclpy_minimal_client:/home/jaboy/ros2_ws/install/examples_rclpy_minimal_action_server:/home/jaboy/ros2_ws/install/examples_rclpy_minimal_action_client:/home/jaboy/ros2_ws/install/examples_rclpy_guard_conditions:/home/jaboy/ros2_ws/install/examples_rclpy_executors:/opt/ros/humble /usr/bin/cmake /home/jaboy/Documents/RBE500_Project/RBE500_Project/custom_interfaces -DCMAKE_INSTALL_PREFIX=/home/jaboy/Documents/RBE500_Project/RBE500_Project/install/custom_interfaces
